C:/Users/89336/STM32CubeIDE/workspace_1.13.1/STM32CubeExpansion_Cloud_AWS_H5_V1.0.0/Middleware/ARM/ota-pal-psa/ota_pal.c:199:23:CalculatePSAImageID	16	static
C:/Users/89336/STM32CubeIDE/workspace_1.13.1/STM32CubeExpansion_Cloud_AWS_H5_V1.0.0/Middleware/ARM/ota-pal-psa/ota_pal.c:398:13:prvGetImageInfo	16	static
C:/Users/89336/STM32CubeIDE/workspace_1.13.1/STM32CubeExpansion_Cloud_AWS_H5_V1.0.0/Middleware/ARM/ota-pal-psa/ota_pal.c:632:16:prvGetImageState	144	static
C:/Users/89336/STM32CubeIDE/workspace_1.13.1/STM32CubeExpansion_Cloud_AWS_H5_V1.0.0/Middleware/ARM/ota-pal-psa/ota_pal.c:111:13:prvConvertToRawECDSASignature	16	static
C:/Users/89336/STM32CubeIDE/workspace_1.13.1/STM32CubeExpansion_Cloud_AWS_H5_V1.0.0/Middleware/ARM/ota-pal-psa/ota_pal.c:348:23:otaPal_CheckSignature	160	static
C:/Users/89336/STM32CubeIDE/workspace_1.13.1/STM32CubeExpansion_Cloud_AWS_H5_V1.0.0/Middleware/ARM/ota-pal-psa/ota_pal.c:256:16:otaPal_Abort	16	static
C:/Users/89336/STM32CubeIDE/workspace_1.13.1/STM32CubeExpansion_Cloud_AWS_H5_V1.0.0/Middleware/ARM/ota-pal-psa/ota_pal.c:328:16:otaPal_CreateFileForRx	16	static
C:/Users/89336/STM32CubeIDE/workspace_1.13.1/STM32CubeExpansion_Cloud_AWS_H5_V1.0.0/Middleware/ARM/ota-pal-psa/ota_pal.c:445:16:otaPal_CloseFile	8	static
C:/Users/89336/STM32CubeIDE/workspace_1.13.1/STM32CubeExpansion_Cloud_AWS_H5_V1.0.0/Middleware/ARM/ota-pal-psa/ota_pal.c:470:9:otaPal_WriteBlock	24	static
C:/Users/89336/STM32CubeIDE/workspace_1.13.1/STM32CubeExpansion_Cloud_AWS_H5_V1.0.0/Middleware/ARM/ota-pal-psa/ota_pal.c:571:16:otaPal_SetPlatformImageState	16	static
C:/Users/89336/STM32CubeIDE/workspace_1.13.1/STM32CubeExpansion_Cloud_AWS_H5_V1.0.0/Middleware/ARM/ota-pal-psa/ota_pal.c:668:20:otaPal_GetPlatformImageState	144	static
C:/Users/89336/STM32CubeIDE/workspace_1.13.1/STM32CubeExpansion_Cloud_AWS_H5_V1.0.0/Middleware/ARM/ota-pal-psa/ota_pal.c:743:16:otaPal_ResetDevice	8	static
C:/Users/89336/STM32CubeIDE/workspace_1.13.1/STM32CubeExpansion_Cloud_AWS_H5_V1.0.0/Middleware/ARM/ota-pal-psa/ota_pal.c:521:16:otaPal_ActivateNewImage	24	static
