C:/Users/89336/STM32CubeIDE/workspace_1.13.1/STM32CubeExpansion_Cloud_AWS_H5_V1.0.0/Projects/Common/sys/mbedtls_freertos_port.c:106:13:mbedtls_platform_mutex_init	8	static,ignoring_inline_asm
C:/Users/89336/STM32CubeIDE/workspace_1.13.1/STM32CubeExpansion_Cloud_AWS_H5_V1.0.0/Projects/Common/sys/mbedtls_freertos_port.c:126:13:mbedtls_platform_mutex_free	8	static
C:/Users/89336/STM32CubeIDE/workspace_1.13.1/STM32CubeExpansion_Cloud_AWS_H5_V1.0.0/Projects/Common/sys/mbedtls_freertos_port.c:141:12:mbedtls_platform_mutex_lock	8	static,ignoring_inline_asm
C:/Users/89336/STM32CubeIDE/workspace_1.13.1/STM32CubeExpansion_Cloud_AWS_H5_V1.0.0/Projects/Common/sys/mbedtls_freertos_port.c:166:12:mbedtls_platform_mutex_unlock	8	static,ignoring_inline_asm
C:/Users/89336/STM32CubeIDE/workspace_1.13.1/STM32CubeExpansion_Cloud_AWS_H5_V1.0.0/Projects/Common/sys/mbedtls_freertos_port.c:55:8:mbedtls_platform_calloc	16	static
C:/Users/89336/STM32CubeIDE/workspace_1.13.1/STM32CubeExpansion_Cloud_AWS_H5_V1.0.0/Projects/Common/sys/mbedtls_freertos_port.c:86:6:mbedtls_platform_free	8	static
