C:/TouchGFXProjects/MyApplication_1/Drivers/STM32H5xx_HAL_Driver/Src/stm32h5xx_hal_exti.c:139:19:HAL_EXTI_SetConfigLine	20	static
C:/TouchGFXProjects/MyApplication_1/Drivers/STM32H5xx_HAL_Driver/Src/stm32h5xx_hal_exti.c:261:19:HAL_EXTI_GetConfigLine	20	static
C:/TouchGFXProjects/MyApplication_1/Drivers/STM32H5xx_HAL_Driver/Src/stm32h5xx_hal_exti.c:355:19:HAL_EXTI_ClearConfigLine	20	static
C:/TouchGFXProjects/MyApplication_1/Drivers/STM32H5xx_HAL_Driver/Src/stm32h5xx_hal_exti.c:421:19:HAL_EXTI_RegisterCallback	0	static
C:/TouchGFXProjects/MyApplication_1/Drivers/STM32H5xx_HAL_Driver/Src/stm32h5xx_hal_exti.c:457:19:HAL_EXTI_GetHandle	0	static
C:/TouchGFXProjects/MyApplication_1/Drivers/STM32H5xx_HAL_Driver/Src/stm32h5xx_hal_exti.c:498:6:HAL_EXTI_IRQHandler	16	static
C:/TouchGFXProjects/MyApplication_1/Drivers/STM32H5xx_HAL_Driver/Src/stm32h5xx_hal_exti.c:552:10:HAL_EXTI_GetPending	8	static
C:/TouchGFXProjects/MyApplication_1/Drivers/STM32H5xx_HAL_Driver/Src/stm32h5xx_hal_exti.c:596:6:HAL_EXTI_ClearPending	0	static
C:/TouchGFXProjects/MyApplication_1/Drivers/STM32H5xx_HAL_Driver/Src/stm32h5xx_hal_exti.c:632:6:HAL_EXTI_GenerateSWI	0	static
C:/TouchGFXProjects/MyApplication_1/Drivers/STM32H5xx_HAL_Driver/Src/stm32h5xx_hal_exti.c:683:6:HAL_EXTI_ConfigLineAttributes	12	static
C:/TouchGFXProjects/MyApplication_1/Drivers/STM32H5xx_HAL_Driver/Src/stm32h5xx_hal_exti.c:756:19:HAL_EXTI_GetConfigLineAttributes	0	static
