C:/TouchGFXProjects/MyApplication_1/Drivers/STM32H5xx_HAL_Driver/Src/stm32h5xx_hal_i2c.c:6884:13:I2C_Flush_TXDR	0	static
C:/TouchGFXProjects/MyApplication_1/Drivers/STM32H5xx_HAL_Driver/Src/stm32h5xx_hal_i2c.c:7500:13:I2C_TransferConfig	12	static
C:/TouchGFXProjects/MyApplication_1/Drivers/STM32H5xx_HAL_Driver/Src/stm32h5xx_hal_i2c.c:7527:13:I2C_Enable_IRQ	16	static
C:/TouchGFXProjects/MyApplication_1/Drivers/STM32H5xx_HAL_Driver/Src/stm32h5xx_hal_i2c.c:7622:13:I2C_Disable_IRQ	0	static
C:/TouchGFXProjects/MyApplication_1/Drivers/STM32H5xx_HAL_Driver/Src/stm32h5xx_hal_i2c.c:7359:26:I2C_IsErrorOccurred	24	static
C:/TouchGFXProjects/MyApplication_1/Drivers/STM32H5xx_HAL_Driver/Src/stm32h5xx_hal_i2c.c:7204:26:I2C_WaitOnTXISFlagUntilTimeout	16	static
C:/TouchGFXProjects/MyApplication_1/Drivers/STM32H5xx_HAL_Driver/Src/stm32h5xx_hal_i2c.c:7170:26:I2C_WaitOnFlagUntilTimeout	24	static
C:/TouchGFXProjects/MyApplication_1/Drivers/STM32H5xx_HAL_Driver/Src/stm32h5xx_hal_i2c.c:7245:26:I2C_WaitOnSTOPFlagUntilTimeout	16	static
C:/TouchGFXProjects/MyApplication_1/Drivers/STM32H5xx_HAL_Driver/Src/stm32h5xx_hal_i2c.c:7283:26:I2C_WaitOnRXNEFlagUntilTimeout	16	static
C:/TouchGFXProjects/MyApplication_1/Drivers/STM32H5xx_HAL_Driver/Src/stm32h5xx_hal_i2c.c:7685:13:I2C_ConvertOtherXferOptions	0	static
C:/TouchGFXProjects/MyApplication_1/Drivers/STM32H5xx_HAL_Driver/Src/stm32h5xx_hal_i2c.c:702:13:HAL_I2C_MspInit	0	static
C:/TouchGFXProjects/MyApplication_1/Drivers/STM32H5xx_HAL_Driver/Src/stm32h5xx_hal_i2c.c:541:19:HAL_I2C_Init	8	static
C:/TouchGFXProjects/MyApplication_1/Drivers/STM32H5xx_HAL_Driver/Src/stm32h5xx_hal_i2c.c:718:13:HAL_I2C_MspDeInit	0	static
C:/TouchGFXProjects/MyApplication_1/Drivers/STM32H5xx_HAL_Driver/Src/stm32h5xx_hal_i2c.c:656:19:HAL_I2C_DeInit	8	static
C:/TouchGFXProjects/MyApplication_1/Drivers/STM32H5xx_HAL_Driver/Src/stm32h5xx_hal_i2c.c:1125:19:HAL_I2C_Master_Transmit	40	static
C:/TouchGFXProjects/MyApplication_1/Drivers/STM32H5xx_HAL_Driver/Src/stm32h5xx_hal_i2c.c:1244:19:HAL_I2C_Master_Receive	40	static
C:/TouchGFXProjects/MyApplication_1/Drivers/STM32H5xx_HAL_Driver/Src/stm32h5xx_hal_i2c.c:1362:19:HAL_I2C_Slave_Transmit	40	static
C:/TouchGFXProjects/MyApplication_1/Drivers/STM32H5xx_HAL_Driver/Src/stm32h5xx_hal_i2c.c:1518:19:HAL_I2C_Slave_Receive	40	static
C:/TouchGFXProjects/MyApplication_1/Drivers/STM32H5xx_HAL_Driver/Src/stm32h5xx_hal_i2c.c:1648:19:HAL_I2C_Master_Transmit_IT	24	static
C:/TouchGFXProjects/MyApplication_1/Drivers/STM32H5xx_HAL_Driver/Src/stm32h5xx_hal_i2c.c:1719:19:HAL_I2C_Master_Receive_IT	24	static
C:/TouchGFXProjects/MyApplication_1/Drivers/STM32H5xx_HAL_Driver/Src/stm32h5xx_hal_i2c.c:1788:19:HAL_I2C_Slave_Transmit_IT	8	static
C:/TouchGFXProjects/MyApplication_1/Drivers/STM32H5xx_HAL_Driver/Src/stm32h5xx_hal_i2c.c:1852:19:HAL_I2C_Slave_Receive_IT	16	static
C:/TouchGFXProjects/MyApplication_1/Drivers/STM32H5xx_HAL_Driver/Src/stm32h5xx_hal_i2c.c:1905:19:HAL_I2C_Master_Transmit_DMA	32	static
C:/TouchGFXProjects/MyApplication_1/Drivers/STM32H5xx_HAL_Driver/Src/stm32h5xx_hal_i2c.c:2086:19:HAL_I2C_Master_Receive_DMA	32	static
C:/TouchGFXProjects/MyApplication_1/Drivers/STM32H5xx_HAL_Driver/Src/stm32h5xx_hal_i2c.c:2265:19:HAL_I2C_Slave_Transmit_DMA	16	static
C:/TouchGFXProjects/MyApplication_1/Drivers/STM32H5xx_HAL_Driver/Src/stm32h5xx_hal_i2c.c:2435:19:HAL_I2C_Slave_Receive_DMA	16	static
C:/TouchGFXProjects/MyApplication_1/Drivers/STM32H5xx_HAL_Driver/Src/stm32h5xx_hal_i2c.c:2579:19:HAL_I2C_Mem_Write	48	static
C:/TouchGFXProjects/MyApplication_1/Drivers/STM32H5xx_HAL_Driver/Src/stm32h5xx_hal_i2c.c:2716:19:HAL_I2C_Mem_Read	48	static
C:/TouchGFXProjects/MyApplication_1/Drivers/STM32H5xx_HAL_Driver/Src/stm32h5xx_hal_i2c.c:2853:19:HAL_I2C_Mem_Write_IT	32	static
C:/TouchGFXProjects/MyApplication_1/Drivers/STM32H5xx_HAL_Driver/Src/stm32h5xx_hal_i2c.c:2941:19:HAL_I2C_Mem_Read_IT	32	static
C:/TouchGFXProjects/MyApplication_1/Drivers/STM32H5xx_HAL_Driver/Src/stm32h5xx_hal_i2c.c:3029:19:HAL_I2C_Mem_Write_DMA	32	static
C:/TouchGFXProjects/MyApplication_1/Drivers/STM32H5xx_HAL_Driver/Src/stm32h5xx_hal_i2c.c:3209:19:HAL_I2C_Mem_Read_DMA	32	static
C:/TouchGFXProjects/MyApplication_1/Drivers/STM32H5xx_HAL_Driver/Src/stm32h5xx_hal_i2c.c:3389:19:HAL_I2C_IsDeviceReady	48	static
C:/TouchGFXProjects/MyApplication_1/Drivers/STM32H5xx_HAL_Driver/Src/stm32h5xx_hal_i2c.c:3515:19:HAL_I2C_Master_Seq_Transmit_IT	24	static
C:/TouchGFXProjects/MyApplication_1/Drivers/STM32H5xx_HAL_Driver/Src/stm32h5xx_hal_i2c.c:3607:19:HAL_I2C_Master_Seq_Transmit_DMA	40	static
C:/TouchGFXProjects/MyApplication_1/Drivers/STM32H5xx_HAL_Driver/Src/stm32h5xx_hal_i2c.c:3810:19:HAL_I2C_Master_Seq_Receive_IT	24	static
C:/TouchGFXProjects/MyApplication_1/Drivers/STM32H5xx_HAL_Driver/Src/stm32h5xx_hal_i2c.c:3898:19:HAL_I2C_Master_Seq_Receive_DMA	40	static
C:/TouchGFXProjects/MyApplication_1/Drivers/STM32H5xx_HAL_Driver/Src/stm32h5xx_hal_i2c.c:4098:19:HAL_I2C_Slave_Seq_Transmit_IT	24	static
C:/TouchGFXProjects/MyApplication_1/Drivers/STM32H5xx_HAL_Driver/Src/stm32h5xx_hal_i2c.c:4201:19:HAL_I2C_Slave_Seq_Transmit_DMA	24	static
C:/TouchGFXProjects/MyApplication_1/Drivers/STM32H5xx_HAL_Driver/Src/stm32h5xx_hal_i2c.c:4420:19:HAL_I2C_Slave_Seq_Receive_IT	24	static
C:/TouchGFXProjects/MyApplication_1/Drivers/STM32H5xx_HAL_Driver/Src/stm32h5xx_hal_i2c.c:4523:19:HAL_I2C_Slave_Seq_Receive_DMA	24	static
C:/TouchGFXProjects/MyApplication_1/Drivers/STM32H5xx_HAL_Driver/Src/stm32h5xx_hal_i2c.c:4738:19:HAL_I2C_EnableListen_IT	8	static
C:/TouchGFXProjects/MyApplication_1/Drivers/STM32H5xx_HAL_Driver/Src/stm32h5xx_hal_i2c.c:4762:19:HAL_I2C_DisableListen_IT	8	static
C:/TouchGFXProjects/MyApplication_1/Drivers/STM32H5xx_HAL_Driver/Src/stm32h5xx_hal_i2c.c:4795:19:HAL_I2C_Master_Abort_IT	24	static
C:/TouchGFXProjects/MyApplication_1/Drivers/STM32H5xx_HAL_Driver/Src/stm32h5xx_hal_i2c.c:4857:6:HAL_I2C_EV_IRQHandler	0	static
C:/TouchGFXProjects/MyApplication_1/Drivers/STM32H5xx_HAL_Driver/Src/stm32h5xx_hal_i2c.c:4928:13:HAL_I2C_MasterTxCpltCallback	0	static
C:/TouchGFXProjects/MyApplication_1/Drivers/STM32H5xx_HAL_Driver/Src/stm32h5xx_hal_i2c.c:4944:13:HAL_I2C_MasterRxCpltCallback	0	static
C:/TouchGFXProjects/MyApplication_1/Drivers/STM32H5xx_HAL_Driver/Src/stm32h5xx_hal_i2c.c:6222:13:I2C_ITMasterSeqCplt	16	static
C:/TouchGFXProjects/MyApplication_1/Drivers/STM32H5xx_HAL_Driver/Src/stm32h5xx_hal_i2c.c:4959:13:HAL_I2C_SlaveTxCpltCallback	0	static
C:/TouchGFXProjects/MyApplication_1/Drivers/STM32H5xx_HAL_Driver/Src/stm32h5xx_hal_i2c.c:4975:13:HAL_I2C_SlaveRxCpltCallback	0	static
C:/TouchGFXProjects/MyApplication_1/Drivers/STM32H5xx_HAL_Driver/Src/stm32h5xx_hal_i2c.c:6275:13:I2C_ITSlaveSeqCplt	8	static
C:/TouchGFXProjects/MyApplication_1/Drivers/STM32H5xx_HAL_Driver/Src/stm32h5xx_hal_i2c.c:6984:13:I2C_DMASlaveTransmitCplt	0	static
C:/TouchGFXProjects/MyApplication_1/Drivers/STM32H5xx_HAL_Driver/Src/stm32h5xx_hal_i2c.c:7091:13:I2C_DMASlaveReceiveCplt	16	static
C:/TouchGFXProjects/MyApplication_1/Drivers/STM32H5xx_HAL_Driver/Src/stm32h5xx_hal_i2c.c:4993:13:HAL_I2C_AddrCallback	0	static
C:/TouchGFXProjects/MyApplication_1/Drivers/STM32H5xx_HAL_Driver/Src/stm32h5xx_hal_i2c.c:6127:13:I2C_ITAddrCplt.constprop	24	static
C:/TouchGFXProjects/MyApplication_1/Drivers/STM32H5xx_HAL_Driver/Src/stm32h5xx_hal_i2c.c:5011:13:HAL_I2C_ListenCpltCallback	0	static
C:/TouchGFXProjects/MyApplication_1/Drivers/STM32H5xx_HAL_Driver/Src/stm32h5xx_hal_i2c.c:6660:13:I2C_ITListenCplt	8	static
C:/TouchGFXProjects/MyApplication_1/Drivers/STM32H5xx_HAL_Driver/Src/stm32h5xx_hal_i2c.c:5027:13:HAL_I2C_MemTxCpltCallback	0	static
C:/TouchGFXProjects/MyApplication_1/Drivers/STM32H5xx_HAL_Driver/Src/stm32h5xx_hal_i2c.c:5043:13:HAL_I2C_MemRxCpltCallback	0	static
C:/TouchGFXProjects/MyApplication_1/Drivers/STM32H5xx_HAL_Driver/Src/stm32h5xx_hal_i2c.c:5059:13:HAL_I2C_ErrorCallback	0	static
C:/TouchGFXProjects/MyApplication_1/Drivers/STM32H5xx_HAL_Driver/Src/stm32h5xx_hal_i2c.c:5075:13:HAL_I2C_AbortCpltCallback	0	static
C:/TouchGFXProjects/MyApplication_1/Drivers/STM32H5xx_HAL_Driver/Src/stm32h5xx_hal_i2c.c:6846:13:I2C_TreatErrorCallback	8	static
C:/TouchGFXProjects/MyApplication_1/Drivers/STM32H5xx_HAL_Driver/Src/stm32h5xx_hal_i2c.c:6711:13:I2C_ITError	16	static
C:/TouchGFXProjects/MyApplication_1/Drivers/STM32H5xx_HAL_Driver/Src/stm32h5xx_hal_i2c.c:6351:13:I2C_ITMasterCplt	24	static
C:/TouchGFXProjects/MyApplication_1/Drivers/STM32H5xx_HAL_Driver/Src/stm32h5xx_hal_i2c.c:5158:26:I2C_Master_ISR_IT	24	static
C:/TouchGFXProjects/MyApplication_1/Drivers/STM32H5xx_HAL_Driver/Src/stm32h5xx_hal_i2c.c:5729:26:I2C_Mem_ISR_DMA	16	static
C:/TouchGFXProjects/MyApplication_1/Drivers/STM32H5xx_HAL_Driver/Src/stm32h5xx_hal_i2c.c:5589:26:I2C_Master_ISR_DMA	24	static
C:/TouchGFXProjects/MyApplication_1/Drivers/STM32H5xx_HAL_Driver/Src/stm32h5xx_hal_i2c.c:7120:13:I2C_DMAError	0	static
C:/TouchGFXProjects/MyApplication_1/Drivers/STM32H5xx_HAL_Driver/Src/stm32h5xx_hal_i2c.c:6906:13:I2C_DMAMasterTransmitCplt	16	static
C:/TouchGFXProjects/MyApplication_1/Drivers/STM32H5xx_HAL_Driver/Src/stm32h5xx_hal_i2c.c:7013:13:I2C_DMAMasterReceiveCplt	16	static
C:/TouchGFXProjects/MyApplication_1/Drivers/STM32H5xx_HAL_Driver/Src/stm32h5xx_hal_i2c.c:5304:26:I2C_Mem_ISR_IT	24	static
C:/TouchGFXProjects/MyApplication_1/Drivers/STM32H5xx_HAL_Driver/Src/stm32h5xx_hal_i2c.c:4876:6:HAL_I2C_ER_IRQHandler	4	static
C:/TouchGFXProjects/MyApplication_1/Drivers/STM32H5xx_HAL_Driver/Src/stm32h5xx_hal_i2c.c:6494:13:I2C_ITSlaveCplt.constprop	24	static
C:/TouchGFXProjects/MyApplication_1/Drivers/STM32H5xx_HAL_Driver/Src/stm32h5xx_hal_i2c.c:5877:26:I2C_Slave_ISR_DMA	24	static
C:/TouchGFXProjects/MyApplication_1/Drivers/STM32H5xx_HAL_Driver/Src/stm32h5xx_hal_i2c.c:5447:26:I2C_Slave_ISR_IT	24	static
C:/TouchGFXProjects/MyApplication_1/Drivers/STM32H5xx_HAL_Driver/Src/stm32h5xx_hal_i2c.c:7139:13:I2C_DMAAbort	0	static
C:/TouchGFXProjects/MyApplication_1/Drivers/STM32H5xx_HAL_Driver/Src/stm32h5xx_hal_i2c.c:5110:22:HAL_I2C_GetState	0	static
C:/TouchGFXProjects/MyApplication_1/Drivers/STM32H5xx_HAL_Driver/Src/stm32h5xx_hal_i2c.c:5122:21:HAL_I2C_GetMode	0	static
C:/TouchGFXProjects/MyApplication_1/Drivers/STM32H5xx_HAL_Driver/Src/stm32h5xx_hal_i2c.c:5133:10:HAL_I2C_GetError	0	static
