C:/TouchGFXProjects/MyApplication_1/TouchGFX/target/STM32TouchController.cpp:35:6:virtual void STM32TouchController::init()	0	static
../../TouchGFX/target/STM32TouchController.hpp:41:7:STM32TouchController::~STM32TouchController()	0	static
../../TouchGFX/target/STM32TouchController.hpp:41:7:virtual STM32TouchController::~STM32TouchController()	8	static
C:/TouchGFXProjects/MyApplication_1/TouchGFX/target/STM32TouchController.cpp:44:6:virtual bool STM32TouchController::sampleTouch(int32_t&, int32_t&)	8	static
C:/TouchGFXProjects/MyApplication_1/TouchGFX/target/STM32TouchController.cpp:73:6:void readTouchInput()	32	static
