C:/Users/89336/STM32CubeIDE/workspace_1.13.1/STM32CubeExpansion_Cloud_AWS_H5_V1.0.0/Projects/Common/app/mqtt/mqtt_agent_task.c:746:13:prvSubscriptionManagerCtxReset	16	static,ignoring_inline_asm
C:/Users/89336/STM32CubeIDE/workspace_1.13.1/STM32CubeExpansion_Cloud_AWS_H5_V1.0.0/Projects/Common/app/mqtt/mqtt_agent_task.c:347:20:prvCompressSubscriptionList	24	static,ignoring_inline_asm
C:/Users/89336/STM32CubeIDE/workspace_1.13.1/STM32CubeExpansion_Cloud_AWS_H5_V1.0.0/Projects/Common/app/mqtt/mqtt_agent_task.c:471:13:prvSocketRecvReadyCallback	16	static
C:/Users/89336/STM32CubeIDE/workspace_1.13.1/STM32CubeExpansion_Cloud_AWS_H5_V1.0.0/Projects/Common/app/mqtt/mqtt_agent_task.c:1330:13:prvSubscribeRqCallback	16	static,ignoring_inline_asm
C:/Users/89336/STM32CubeIDE/workspace_1.13.1/STM32CubeExpansion_Cloud_AWS_H5_V1.0.0/Projects/Common/app/mqtt/mqtt_agent_task.c:1582:13:prvAgentRequestCallback	16	static,ignoring_inline_asm
C:/Users/89336/STM32CubeIDE/workspace_1.13.1/STM32CubeExpansion_Cloud_AWS_H5_V1.0.0/Projects/Common/app/mqtt/mqtt_agent_task.c:1290:17:prvGetTimeMs	8	static
C:/Users/89336/STM32CubeIDE/workspace_1.13.1/STM32CubeExpansion_Cloud_AWS_H5_V1.0.0/Projects/Common/app/mqtt/mqtt_agent_task.c:511:13:prvAgentMessageReceive	32	static
C:/Users/89336/STM32CubeIDE/workspace_1.13.1/STM32CubeExpansion_Cloud_AWS_H5_V1.0.0/Projects/Common/app/mqtt/mqtt_agent_task.c:486:13:prvAgentMessageSend	24	static
C:/Users/89336/STM32CubeIDE/workspace_1.13.1/STM32CubeExpansion_Cloud_AWS_H5_V1.0.0/Projects/Common/app/mqtt/mqtt_agent_task.c:733:13:prvSubscriptionManagerCtxFree	16	static,ignoring_inline_asm
C:/Users/89336/STM32CubeIDE/workspace_1.13.1/STM32CubeExpansion_Cloud_AWS_H5_V1.0.0/Projects/Common/app/mqtt/mqtt_agent_task.c:802:13:prvFreeAgentTaskCtx	8	static
C:/Users/89336/STM32CubeIDE/workspace_1.13.1/STM32CubeExpansion_Cloud_AWS_H5_V1.0.0/Projects/Common/app/mqtt/mqtt_agent_task.c:778:21:prvSubscriptionManagerCtxInit	24	static,ignoring_inline_asm
C:/Users/89336/STM32CubeIDE/workspace_1.13.1/STM32CubeExpansion_Cloud_AWS_H5_V1.0.0/Projects/Common/app/mqtt/mqtt_agent_task.c:829:21:prvConfigureAgentTaskCtx	32	static
C:/Users/89336/STM32CubeIDE/workspace_1.13.1/STM32CubeExpansion_Cloud_AWS_H5_V1.0.0/Projects/Common/app/mqtt/mqtt_agent_task.c:544:13:prvResubscribeCommandCallback	32	static,ignoring_inline_asm
C:/Users/89336/STM32CubeIDE/workspace_1.13.1/STM32CubeExpansion_Cloud_AWS_H5_V1.0.0/Projects/Common/app/mqtt/mqtt_agent_task.c:675:13:prvIncomingPublishCallback	64	static,ignoring_inline_asm
C:/Users/89336/STM32CubeIDE/workspace_1.13.1/STM32CubeExpansion_Cloud_AWS_H5_V1.0.0/Projects/Common/app/mqtt/mqtt_agent_task.c:594:21:prvHandleResubscribe	40	static,ignoring_inline_asm
C:/Users/89336/STM32CubeIDE/workspace_1.13.1/STM32CubeExpansion_Cloud_AWS_H5_V1.0.0/Projects/Common/app/mqtt/mqtt_agent_task.c:292:6:vSleepUntilMQTTAgentConnected	16	static,ignoring_inline_asm
C:/Users/89336/STM32CubeIDE/workspace_1.13.1/STM32CubeExpansion_Cloud_AWS_H5_V1.0.0/Projects/Common/app/mqtt/mqtt_agent_task.c:313:6:xIsMqttAgentConnected	16	static
C:/Users/89336/STM32CubeIDE/workspace_1.13.1/STM32CubeExpansion_Cloud_AWS_H5_V1.0.0/Projects/Common/app/mqtt/mqtt_agent_task.c:958:19:xGetMqttAgentHandle	0	static
C:/Users/89336/STM32CubeIDE/workspace_1.13.1/STM32CubeExpansion_Cloud_AWS_H5_V1.0.0/Projects/Common/app/mqtt/mqtt_agent_task.c:266:6:vSleepUntilMQTTAgentReady	16	static,ignoring_inline_asm
C:/Users/89336/STM32CubeIDE/workspace_1.13.1/STM32CubeExpansion_Cloud_AWS_H5_V1.0.0/Projects/Common/app/mqtt/mqtt_agent_task.c:965:6:vMQTTAgentTask	128	static,ignoring_inline_asm
C:/Users/89336/STM32CubeIDE/workspace_1.13.1/STM32CubeExpansion_Cloud_AWS_H5_V1.0.0/Projects/Common/app/mqtt/mqtt_agent_task.c:1409:14:MqttAgent_SubscribeSync	88	static,ignoring_inline_asm
C:/Users/89336/STM32CubeIDE/workspace_1.13.1/STM32CubeExpansion_Cloud_AWS_H5_V1.0.0/Projects/Common/app/mqtt/mqtt_agent_task.c:1658:14:MqttAgent_UnSubscribeSync	104	static,ignoring_inline_asm
