C:/Users/89336/STM32CubeIDE/workspace_1.13.1/en.x-cube-aws-h5-v1-0-0/STM32CubeExpansion_Cloud_AWS_H5_V1.0.0/Middleware/FreeRTOS/corePKCS11/source/portable/mbedtls/core_pkcs11_mbedtls.c:336:14:prvCheckValidSessionAndModule	0	static
C:/Users/89336/STM32CubeIDE/workspace_1.13.1/en.x-cube-aws-h5-v1-0-0/STM32CubeExpansion_Cloud_AWS_H5_V1.0.0/Middleware/FreeRTOS/corePKCS11/source/portable/mbedtls/core_pkcs11_mbedtls.c:382:23:prvSessionPointerFromHandle	0	static
C:/Users/89336/STM32CubeIDE/workspace_1.13.1/en.x-cube-aws-h5-v1-0-0/STM32CubeExpansion_Cloud_AWS_H5_V1.0.0/Middleware/FreeRTOS/corePKCS11/source/portable/mbedtls/core_pkcs11_mbedtls.c:402:17:prvOperationActive	0	static
C:/Users/89336/STM32CubeIDE/workspace_1.13.1/en.x-cube-aws-h5-v1-0-0/STM32CubeExpansion_Cloud_AWS_H5_V1.0.0/Middleware/FreeRTOS/corePKCS11/source/portable/mbedtls/core_pkcs11_mbedtls.c:494:14:prvGetObjectClass	12	static
C:/Users/89336/STM32CubeIDE/workspace_1.13.1/en.x-cube-aws-h5-v1-0-0/STM32CubeExpansion_Cloud_AWS_H5_V1.0.0/Middleware/FreeRTOS/corePKCS11/source/portable/mbedtls/core_pkcs11_mbedtls.c:1112:13:prvFindObjectInListByHandle	8	static
C:/Users/89336/STM32CubeIDE/workspace_1.13.1/en.x-cube-aws-h5-v1-0-0/STM32CubeExpansion_Cloud_AWS_H5_V1.0.0/Middleware/FreeRTOS/corePKCS11/source/portable/mbedtls/core_pkcs11_mbedtls.c:1693:1:C_GetTokenInfo	0	static
C:/Users/89336/STM32CubeIDE/workspace_1.13.1/en.x-cube-aws-h5-v1-0-0/STM32CubeExpansion_Cloud_AWS_H5_V1.0.0/Middleware/FreeRTOS/corePKCS11/source/portable/mbedtls/core_pkcs11_mbedtls.c:1779:1:C_InitToken	0	static
C:/Users/89336/STM32CubeIDE/workspace_1.13.1/en.x-cube-aws-h5-v1-0-0/STM32CubeExpansion_Cloud_AWS_H5_V1.0.0/Middleware/FreeRTOS/corePKCS11/source/portable/mbedtls/core_pkcs11_mbedtls.c:2016:1:C_Login	0	static
C:/Users/89336/STM32CubeIDE/workspace_1.13.1/en.x-cube-aws-h5-v1-0-0/STM32CubeExpansion_Cloud_AWS_H5_V1.0.0/Middleware/FreeRTOS/corePKCS11/source/portable/mbedtls/core_pkcs11_mbedtls.c:2104:13:prvGetKeyType	32	static
C:/Users/89336/STM32CubeIDE/workspace_1.13.1/en.x-cube-aws-h5-v1-0-0/STM32CubeExpansion_Cloud_AWS_H5_V1.0.0/Middleware/FreeRTOS/corePKCS11/source/portable/mbedtls/core_pkcs11_mbedtls.c:2133:13:prvGetLabel	32	static
C:/Users/89336/STM32CubeIDE/workspace_1.13.1/en.x-cube-aws-h5-v1-0-0/STM32CubeExpansion_Cloud_AWS_H5_V1.0.0/Middleware/FreeRTOS/corePKCS11/source/portable/mbedtls/core_pkcs11_mbedtls.c:1518:1:C_GetFunctionList	8	static
C:/Users/89336/STM32CubeIDE/workspace_1.13.1/en.x-cube-aws-h5-v1-0-0/STM32CubeExpansion_Cloud_AWS_H5_V1.0.0/Middleware/FreeRTOS/corePKCS11/source/portable/mbedtls/core_pkcs11_mbedtls.c:1625:1:C_GetSlotList	16	static
C:/Users/89336/STM32CubeIDE/workspace_1.13.1/en.x-cube-aws-h5-v1-0-0/STM32CubeExpansion_Cloud_AWS_H5_V1.0.0/Middleware/FreeRTOS/corePKCS11/source/portable/mbedtls/core_pkcs11_mbedtls.c:1814:1:C_OpenSession	32	static
C:/Users/89336/STM32CubeIDE/workspace_1.13.1/en.x-cube-aws-h5-v1-0-0/STM32CubeExpansion_Cloud_AWS_H5_V1.0.0/Middleware/FreeRTOS/corePKCS11/source/portable/mbedtls/core_pkcs11_mbedtls.c:521:14:prvCertAttParse	16	static
C:/Users/89336/STM32CubeIDE/workspace_1.13.1/en.x-cube-aws-h5-v1-0-0/STM32CubeExpansion_Cloud_AWS_H5_V1.0.0/Middleware/FreeRTOS/corePKCS11/source/portable/mbedtls/core_pkcs11_mbedtls.c:2456:14:prvHMACKeyAttParse	8	static
C:/Users/89336/STM32CubeIDE/workspace_1.13.1/en.x-cube-aws-h5-v1-0-0/STM32CubeExpansion_Cloud_AWS_H5_V1.0.0/Middleware/FreeRTOS/corePKCS11/source/portable/mbedtls/core_pkcs11_mbedtls.c:2581:14:prvCMACKeyAttParse	8	static
C:/Users/89336/STM32CubeIDE/workspace_1.13.1/en.x-cube-aws-h5-v1-0-0/STM32CubeExpansion_Cloud_AWS_H5_V1.0.0/Middleware/FreeRTOS/corePKCS11/source/portable/mbedtls/core_pkcs11_mbedtls.c:5234:14:prvCheckGenerateKeyPairPrivateTemplate	8	static
C:/Users/89336/STM32CubeIDE/workspace_1.13.1/en.x-cube-aws-h5-v1-0-0/STM32CubeExpansion_Cloud_AWS_H5_V1.0.0/Middleware/FreeRTOS/corePKCS11/source/portable/mbedtls/core_pkcs11_mbedtls.c:1142:14:prvDeleteObjectFromList	16	static
C:/Users/89336/STM32CubeIDE/workspace_1.13.1/en.x-cube-aws-h5-v1-0-0/STM32CubeExpansion_Cloud_AWS_H5_V1.0.0/Middleware/FreeRTOS/corePKCS11/source/portable/mbedtls/core_pkcs11_mbedtls.c:448:14:prvMbedTLS_Initialize	24	static
C:/Users/89336/STM32CubeIDE/workspace_1.13.1/en.x-cube-aws-h5-v1-0-0/STM32CubeExpansion_Cloud_AWS_H5_V1.0.0/Middleware/FreeRTOS/corePKCS11/source/portable/mbedtls/core_pkcs11_mbedtls.c:1422:1:C_Initialize	16	static
C:/Users/89336/STM32CubeIDE/workspace_1.13.1/en.x-cube-aws-h5-v1-0-0/STM32CubeExpansion_Cloud_AWS_H5_V1.0.0/Middleware/FreeRTOS/corePKCS11/source/portable/mbedtls/core_pkcs11_mbedtls.c:1463:1:C_Finalize	16	static
C:/Users/89336/STM32CubeIDE/workspace_1.13.1/en.x-cube-aws-h5-v1-0-0/STM32CubeExpansion_Cloud_AWS_H5_V1.0.0/Middleware/FreeRTOS/corePKCS11/source/portable/mbedtls/core_pkcs11_mbedtls.c:1718:1:C_GetMechanismInfo	96	static
C:/Users/89336/STM32CubeIDE/workspace_1.13.1/en.x-cube-aws-h5-v1-0-0/STM32CubeExpansion_Cloud_AWS_H5_V1.0.0/Middleware/FreeRTOS/corePKCS11/source/portable/mbedtls/core_pkcs11_mbedtls.c:1183:14:prvAddObjectToList	32	static
C:/Users/89336/STM32CubeIDE/workspace_1.13.1/en.x-cube-aws-h5-v1-0-0/STM32CubeExpansion_Cloud_AWS_H5_V1.0.0/Middleware/FreeRTOS/corePKCS11/source/portable/mbedtls/core_pkcs11_mbedtls.c:640:14:prvRsaPubKeyAttParse	16	static
C:/Users/89336/STM32CubeIDE/workspace_1.13.1/en.x-cube-aws-h5-v1-0-0/STM32CubeExpansion_Cloud_AWS_H5_V1.0.0/Middleware/FreeRTOS/corePKCS11/source/portable/mbedtls/core_pkcs11_mbedtls.c:609:14:prvRsaPrivKeyAttParse	16	static
C:/Users/89336/STM32CubeIDE/workspace_1.13.1/en.x-cube-aws-h5-v1-0-0/STM32CubeExpansion_Cloud_AWS_H5_V1.0.0/Middleware/FreeRTOS/corePKCS11/source/portable/mbedtls/core_pkcs11_mbedtls.c:4105:13:prvSignInitEC_RSACleanUp	8	static
C:/Users/89336/STM32CubeIDE/workspace_1.13.1/en.x-cube-aws-h5-v1-0-0/STM32CubeExpansion_Cloud_AWS_H5_V1.0.0/Middleware/FreeRTOS/corePKCS11/source/portable/mbedtls/core_pkcs11_mbedtls.c:4660:13:prvVerifyInitEC_RSACleanUp	8	static
C:/Users/89336/STM32CubeIDE/workspace_1.13.1/en.x-cube-aws-h5-v1-0-0/STM32CubeExpansion_Cloud_AWS_H5_V1.0.0/Middleware/FreeRTOS/corePKCS11/source/portable/mbedtls/core_pkcs11_mbedtls.c:1953:1:C_CloseSession	16	static
C:/Users/89336/STM32CubeIDE/workspace_1.13.1/en.x-cube-aws-h5-v1-0-0/STM32CubeExpansion_Cloud_AWS_H5_V1.0.0/Middleware/FreeRTOS/corePKCS11/source/portable/mbedtls/core_pkcs11_mbedtls.c:2044:14:prvCreateCertificate	48	static
C:/Users/89336/STM32CubeIDE/workspace_1.13.1/en.x-cube-aws-h5-v1-0-0/STM32CubeExpansion_Cloud_AWS_H5_V1.0.0/Middleware/FreeRTOS/corePKCS11/source/portable/mbedtls/core_pkcs11_mbedtls.c:2525:14:prvCreateSHA256HMAC	40	static
C:/Users/89336/STM32CubeIDE/workspace_1.13.1/en.x-cube-aws-h5-v1-0-0/STM32CubeExpansion_Cloud_AWS_H5_V1.0.0/Middleware/FreeRTOS/corePKCS11/source/portable/mbedtls/core_pkcs11_mbedtls.c:2650:14:prvCreateAESCMAC	40	static
C:/Users/89336/STM32CubeIDE/workspace_1.13.1/en.x-cube-aws-h5-v1-0-0/STM32CubeExpansion_Cloud_AWS_H5_V1.0.0/Middleware/FreeRTOS/corePKCS11/source/portable/mbedtls/core_pkcs11_mbedtls.c:2803:14:prvCreateSecretKey	24	static
C:/Users/89336/STM32CubeIDE/workspace_1.13.1/en.x-cube-aws-h5-v1-0-0/STM32CubeExpansion_Cloud_AWS_H5_V1.0.0/Middleware/FreeRTOS/corePKCS11/source/portable/mbedtls/core_pkcs11_mbedtls.c:672:14:prvRsaContextParse	48	static
C:/Users/89336/STM32CubeIDE/workspace_1.13.1/en.x-cube-aws-h5-v1-0-0/STM32CubeExpansion_Cloud_AWS_H5_V1.0.0/Middleware/FreeRTOS/corePKCS11/source/portable/mbedtls/core_pkcs11_mbedtls.c:759:14:prvRsaKeyAttParse	8	static
C:/Users/89336/STM32CubeIDE/workspace_1.13.1/en.x-cube-aws-h5-v1-0-0/STM32CubeExpansion_Cloud_AWS_H5_V1.0.0/Middleware/FreeRTOS/corePKCS11/source/portable/mbedtls/core_pkcs11_mbedtls.c:849:18:prvEcPrivKeyAttParse	24	static
C:/Users/89336/STM32CubeIDE/workspace_1.13.1/en.x-cube-aws-h5-v1-0-0/STM32CubeExpansion_Cloud_AWS_H5_V1.0.0/Middleware/FreeRTOS/corePKCS11/source/portable/mbedtls/core_pkcs11_mbedtls.c:3386:1:C_FindObjectsInit	64	static
C:/Users/89336/STM32CubeIDE/workspace_1.13.1/en.x-cube-aws-h5-v1-0-0/STM32CubeExpansion_Cloud_AWS_H5_V1.0.0/Middleware/FreeRTOS/corePKCS11/source/portable/mbedtls/core_pkcs11_mbedtls.c:3599:1:C_FindObjectsFinal	16	static
C:/Users/89336/STM32CubeIDE/workspace_1.13.1/en.x-cube-aws-h5-v1-0-0/STM32CubeExpansion_Cloud_AWS_H5_V1.0.0/Middleware/FreeRTOS/corePKCS11/source/portable/mbedtls/core_pkcs11_mbedtls.c:1250:14:prvAppendEmptyECDerKey	32	static
C:/Users/89336/STM32CubeIDE/workspace_1.13.1/en.x-cube-aws-h5-v1-0-0/STM32CubeExpansion_Cloud_AWS_H5_V1.0.0/Middleware/FreeRTOS/corePKCS11/source/portable/mbedtls/core_pkcs11_mbedtls.c:1287:14:prvSaveDerKeyToPal	56	static
C:/Users/89336/STM32CubeIDE/workspace_1.13.1/en.x-cube-aws-h5-v1-0-0/STM32CubeExpansion_Cloud_AWS_H5_V1.0.0/Middleware/FreeRTOS/corePKCS11/source/portable/mbedtls/core_pkcs11_mbedtls.c:2384:14:prvCreateRsaKey	56	static
C:/Users/89336/STM32CubeIDE/workspace_1.13.1/en.x-cube-aws-h5-v1-0-0/STM32CubeExpansion_Cloud_AWS_H5_V1.0.0/Middleware/FreeRTOS/corePKCS11/source/portable/mbedtls/core_pkcs11_mbedtls.c:1081:13:prvFindObjectInListByLabel	24	static
C:/Users/89336/STM32CubeIDE/workspace_1.13.1/en.x-cube-aws-h5-v1-0-0/STM32CubeExpansion_Cloud_AWS_H5_V1.0.0/Middleware/FreeRTOS/corePKCS11/source/portable/mbedtls/core_pkcs11_mbedtls.c:5352:14:prvCheckGenerateKeyPairPublicTemplate	32	static
C:/Users/89336/STM32CubeIDE/workspace_1.13.1/en.x-cube-aws-h5-v1-0-0/STM32CubeExpansion_Cloud_AWS_H5_V1.0.0/Middleware/FreeRTOS/corePKCS11/source/portable/mbedtls/core_pkcs11_mbedtls.c:3499:1:C_FindObjects	40	static
C:/Users/89336/STM32CubeIDE/workspace_1.13.1/en.x-cube-aws-h5-v1-0-0/STM32CubeExpansion_Cloud_AWS_H5_V1.0.0/Middleware/FreeRTOS/corePKCS11/source/portable/mbedtls/core_pkcs11_mbedtls.c:5766:1:C_GenerateRandom	24	static
C:/Users/89336/STM32CubeIDE/workspace_1.13.1/en.x-cube-aws-h5-v1-0-0/STM32CubeExpansion_Cloud_AWS_H5_V1.0.0/Middleware/FreeRTOS/corePKCS11/source/portable/mbedtls/core_pkcs11_mbedtls.c:2169:18:prvGetExistingKeyComponent	80	static
C:/Users/89336/STM32CubeIDE/workspace_1.13.1/en.x-cube-aws-h5-v1-0-0/STM32CubeExpansion_Cloud_AWS_H5_V1.0.0/Middleware/FreeRTOS/corePKCS11/source/portable/mbedtls/core_pkcs11_mbedtls.c:2256:18:prvLoadEcGroup	24	static
C:/Users/89336/STM32CubeIDE/workspace_1.13.1/en.x-cube-aws-h5-v1-0-0/STM32CubeExpansion_Cloud_AWS_H5_V1.0.0/Middleware/FreeRTOS/corePKCS11/source/portable/mbedtls/core_pkcs11_mbedtls.c:900:18:prvEcPubKeyAttParse	32	static
C:/Users/89336/STM32CubeIDE/workspace_1.13.1/en.x-cube-aws-h5-v1-0-0/STM32CubeExpansion_Cloud_AWS_H5_V1.0.0/Middleware/FreeRTOS/corePKCS11/source/portable/mbedtls/core_pkcs11_mbedtls.c:961:18:prvEcKeyAttParse	40	static
C:/Users/89336/STM32CubeIDE/workspace_1.13.1/en.x-cube-aws-h5-v1-0-0/STM32CubeExpansion_Cloud_AWS_H5_V1.0.0/Middleware/FreeRTOS/corePKCS11/source/portable/mbedtls/core_pkcs11_mbedtls.c:2306:18:prvCreateECKey	56	static
C:/Users/89336/STM32CubeIDE/workspace_1.13.1/en.x-cube-aws-h5-v1-0-0/STM32CubeExpansion_Cloud_AWS_H5_V1.0.0/Middleware/FreeRTOS/corePKCS11/source/portable/mbedtls/core_pkcs11_mbedtls.c:2709:14:prvCreatePrivateKey	24	static
C:/Users/89336/STM32CubeIDE/workspace_1.13.1/en.x-cube-aws-h5-v1-0-0/STM32CubeExpansion_Cloud_AWS_H5_V1.0.0/Middleware/FreeRTOS/corePKCS11/source/portable/mbedtls/core_pkcs11_mbedtls.c:2760:14:prvCreatePublicKey	32	static
C:/Users/89336/STM32CubeIDE/workspace_1.13.1/en.x-cube-aws-h5-v1-0-0/STM32CubeExpansion_Cloud_AWS_H5_V1.0.0/Middleware/FreeRTOS/corePKCS11/source/portable/mbedtls/core_pkcs11_mbedtls.c:2885:1:C_CreateObject	24	static
C:/Users/89336/STM32CubeIDE/workspace_1.13.1/en.x-cube-aws-h5-v1-0-0/STM32CubeExpansion_Cloud_AWS_H5_V1.0.0/Middleware/FreeRTOS/corePKCS11/source/portable/mbedtls/core_pkcs11_mbedtls.c:2954:1:C_DestroyObject	32	static
C:/Users/89336/STM32CubeIDE/workspace_1.13.1/en.x-cube-aws-h5-v1-0-0/STM32CubeExpansion_Cloud_AWS_H5_V1.0.0/Middleware/FreeRTOS/corePKCS11/source/portable/mbedtls/core_pkcs11_mbedtls.c:4120:14:prvSignInitEC_RSAKeys	40	static
C:/Users/89336/STM32CubeIDE/workspace_1.13.1/en.x-cube-aws-h5-v1-0-0/STM32CubeExpansion_Cloud_AWS_H5_V1.0.0/Middleware/FreeRTOS/corePKCS11/source/portable/mbedtls/core_pkcs11_mbedtls.c:4675:14:prvVerifyInitEC_RSAKeys	40	static
C:/Users/89336/STM32CubeIDE/workspace_1.13.1/en.x-cube-aws-h5-v1-0-0/STM32CubeExpansion_Cloud_AWS_H5_V1.0.0/Middleware/FreeRTOS/corePKCS11/source/portable/mbedtls/core_pkcs11_mbedtls.c:3031:1:C_GetAttributeValue	448	static
C:/Users/89336/STM32CubeIDE/workspace_1.13.1/en.x-cube-aws-h5-v1-0-0/STM32CubeExpansion_Cloud_AWS_H5_V1.0.0/Middleware/FreeRTOS/corePKCS11/source/portable/mbedtls/core_pkcs11_mbedtls.c:3648:1:C_DigestInit	32	static
C:/Users/89336/STM32CubeIDE/workspace_1.13.1/en.x-cube-aws-h5-v1-0-0/STM32CubeExpansion_Cloud_AWS_H5_V1.0.0/Middleware/FreeRTOS/corePKCS11/source/portable/mbedtls/core_pkcs11_mbedtls.c:3733:1:C_DigestUpdate	32	static
C:/Users/89336/STM32CubeIDE/workspace_1.13.1/en.x-cube-aws-h5-v1-0-0/STM32CubeExpansion_Cloud_AWS_H5_V1.0.0/Middleware/FreeRTOS/corePKCS11/source/portable/mbedtls/core_pkcs11_mbedtls.c:3816:1:C_DigestFinal	32	static
C:/Users/89336/STM32CubeIDE/workspace_1.13.1/en.x-cube-aws-h5-v1-0-0/STM32CubeExpansion_Cloud_AWS_H5_V1.0.0/Middleware/FreeRTOS/corePKCS11/source/portable/mbedtls/core_pkcs11_mbedtls.c:3901:13:prvHMACCleanUp	8	static
C:/Users/89336/STM32CubeIDE/workspace_1.13.1/en.x-cube-aws-h5-v1-0-0/STM32CubeExpansion_Cloud_AWS_H5_V1.0.0/Middleware/FreeRTOS/corePKCS11/source/portable/mbedtls/core_pkcs11_mbedtls.c:3914:14:prvInitSHA256HMAC	40	static
C:/Users/89336/STM32CubeIDE/workspace_1.13.1/en.x-cube-aws-h5-v1-0-0/STM32CubeExpansion_Cloud_AWS_H5_V1.0.0/Middleware/FreeRTOS/corePKCS11/source/portable/mbedtls/core_pkcs11_mbedtls.c:3984:14:prvSignInitSHA256HMAC	8	static
C:/Users/89336/STM32CubeIDE/workspace_1.13.1/en.x-cube-aws-h5-v1-0-0/STM32CubeExpansion_Cloud_AWS_H5_V1.0.0/Middleware/FreeRTOS/corePKCS11/source/portable/mbedtls/core_pkcs11_mbedtls.c:4619:14:prvVerifyInitSHA256HMAC	8	static
C:/Users/89336/STM32CubeIDE/workspace_1.13.1/en.x-cube-aws-h5-v1-0-0/STM32CubeExpansion_Cloud_AWS_H5_V1.0.0/Middleware/FreeRTOS/corePKCS11/source/portable/mbedtls/core_pkcs11_mbedtls.c:4003:13:prvCMACCleanUp	8	static
C:/Users/89336/STM32CubeIDE/workspace_1.13.1/en.x-cube-aws-h5-v1-0-0/STM32CubeExpansion_Cloud_AWS_H5_V1.0.0/Middleware/FreeRTOS/corePKCS11/source/portable/mbedtls/core_pkcs11_mbedtls.c:4016:14:prvInitAESCMAC	40	static
C:/Users/89336/STM32CubeIDE/workspace_1.13.1/en.x-cube-aws-h5-v1-0-0/STM32CubeExpansion_Cloud_AWS_H5_V1.0.0/Middleware/FreeRTOS/corePKCS11/source/portable/mbedtls/core_pkcs11_mbedtls.c:4086:14:prvSignInitAESCMAC	8	static
C:/Users/89336/STM32CubeIDE/workspace_1.13.1/en.x-cube-aws-h5-v1-0-0/STM32CubeExpansion_Cloud_AWS_H5_V1.0.0/Middleware/FreeRTOS/corePKCS11/source/portable/mbedtls/core_pkcs11_mbedtls.c:4209:1:C_SignInit	56	static
C:/Users/89336/STM32CubeIDE/workspace_1.13.1/en.x-cube-aws-h5-v1-0-0/STM32CubeExpansion_Cloud_AWS_H5_V1.0.0/Middleware/FreeRTOS/corePKCS11/source/portable/mbedtls/core_pkcs11_mbedtls.c:4641:14:prvVerifyInitAESCMAC	8	static
C:/Users/89336/STM32CubeIDE/workspace_1.13.1/en.x-cube-aws-h5-v1-0-0/STM32CubeExpansion_Cloud_AWS_H5_V1.0.0/Middleware/FreeRTOS/corePKCS11/source/portable/mbedtls/core_pkcs11_mbedtls.c:4774:1:C_VerifyInit	56	static
C:/Users/89336/STM32CubeIDE/workspace_1.13.1/en.x-cube-aws-h5-v1-0-0/STM32CubeExpansion_Cloud_AWS_H5_V1.0.0/Middleware/FreeRTOS/corePKCS11/source/portable/mbedtls/core_pkcs11_mbedtls.c:4391:1:C_Sign	160	static
C:/Users/89336/STM32CubeIDE/workspace_1.13.1/en.x-cube-aws-h5-v1-0-0/STM32CubeExpansion_Cloud_AWS_H5_V1.0.0/Middleware/FreeRTOS/corePKCS11/source/portable/mbedtls/core_pkcs11_mbedtls.c:4939:1:C_Verify	112	static
C:/Users/89336/STM32CubeIDE/workspace_1.13.1/en.x-cube-aws-h5-v1-0-0/STM32CubeExpansion_Cloud_AWS_H5_V1.0.0/Middleware/FreeRTOS/corePKCS11/source/portable/mbedtls/core_pkcs11_mbedtls.c:5507:1:C_GenerateKeyPair	72	static
