F:/STM32_CAPSTONE/workspace/Nx_Network_Basics_wifi/Drivers/STM32H5xx_HAL_Driver/Src/stm32h5xx_hal_flash_ex.c:917:13:FLASH_MassErase	8	static
F:/STM32_CAPSTONE/workspace/Nx_Network_Basics_wifi/Drivers/STM32H5xx_HAL_Driver/Src/stm32h5xx_hal_flash_ex.c:339:19:HAL_FLASHEx_OBProgram	48	static
F:/STM32_CAPSTONE/workspace/Nx_Network_Basics_wifi/Drivers/STM32H5xx_HAL_Driver/Src/stm32h5xx_hal_flash_ex.c:449:6:HAL_FLASHEx_OBGetConfig	0	static
F:/STM32_CAPSTONE/workspace/Nx_Network_Basics_wifi/Drivers/STM32H5xx_HAL_Driver/Src/stm32h5xx_hal_flash_ex.c:502:19:HAL_FLASHEx_OBK_Unlock	0	static
F:/STM32_CAPSTONE/workspace/Nx_Network_Basics_wifi/Drivers/STM32H5xx_HAL_Driver/Src/stm32h5xx_hal_flash_ex.c:541:19:HAL_FLASHEx_OBK_Lock	0	static
F:/STM32_CAPSTONE/workspace/Nx_Network_Basics_wifi/Drivers/STM32H5xx_HAL_Driver/Src/stm32h5xx_hal_flash_ex.c:575:19:HAL_FLASHEx_OBK_Swap	8	static
F:/STM32_CAPSTONE/workspace/Nx_Network_Basics_wifi/Drivers/STM32H5xx_HAL_Driver/Src/stm32h5xx_hal_flash_ex.c:609:6:HAL_FLASHEx_GetOperation	0	static
F:/STM32_CAPSTONE/workspace/Nx_Network_Basics_wifi/Drivers/STM32H5xx_HAL_Driver/Src/stm32h5xx_hal_flash_ex.c:650:19:HAL_FLASHEx_ConfigBBAttributes	16	static,ignoring_inline_asm
F:/STM32_CAPSTONE/workspace/Nx_Network_Basics_wifi/Drivers/STM32H5xx_HAL_Driver/Src/stm32h5xx_hal_flash_ex.c:724:6:HAL_FLASHEx_GetConfigBBAttributes	8	static
F:/STM32_CAPSTONE/workspace/Nx_Network_Basics_wifi/Drivers/STM32H5xx_HAL_Driver/Src/stm32h5xx_hal_flash_ex.c:779:6:HAL_FLASHEx_ConfigPrivMode	8	static
F:/STM32_CAPSTONE/workspace/Nx_Network_Basics_wifi/Drivers/STM32H5xx_HAL_Driver/Src/stm32h5xx_hal_flash_ex.c:800:10:HAL_FLASHEx_GetPrivMode	0	static
F:/STM32_CAPSTONE/workspace/Nx_Network_Basics_wifi/Drivers/STM32H5xx_HAL_Driver/Src/stm32h5xx_hal_flash_ex.c:871:19:HAL_FLASHEx_ConfigHDPExtension	8	static
F:/STM32_CAPSTONE/workspace/Nx_Network_Basics_wifi/Drivers/STM32H5xx_HAL_Driver/Src/stm32h5xx_hal_flash_ex.c:964:6:FLASH_Erase_Sector	16	static
F:/STM32_CAPSTONE/workspace/Nx_Network_Basics_wifi/Drivers/STM32H5xx_HAL_Driver/Src/stm32h5xx_hal_flash_ex.c:168:19:HAL_FLASHEx_Erase	24	static
F:/STM32_CAPSTONE/workspace/Nx_Network_Basics_wifi/Drivers/STM32H5xx_HAL_Driver/Src/stm32h5xx_hal_flash_ex.c:256:19:HAL_FLASHEx_Erase_IT	24	static
