../../Middlewares/ST/touchgfx/framework/include/touchgfx/Screen.hpp:104:18:virtual void touchgfx::Screen::afterTransition()	0	static
../../Middlewares/ST/touchgfx/framework/include/touchgfx/Screen.hpp:144:18:virtual void touchgfx::Screen::handleTickEvent()	0	static
../../Middlewares/ST/touchgfx/framework/include/touchgfx/Screen.hpp:154:18:virtual void touchgfx::Screen::handleKeyEvent(uint8_t)	0	static
../../Middlewares/ST/touchgfx/framework/include/touchgfx/Callback.hpp:290:8:touchgfx::Callback<Screen2View, const touchgfx::Box&, const touchgfx::ClickEvent&>::~Callback()	0	static
../../Middlewares/ST/touchgfx/framework/include/touchgfx/Callback.hpp:318:18:void touchgfx::Callback<dest_type, T1, T2, void>::execute(T1, T2) [with dest_type = Screen2View; T1 = const touchgfx::Box&; T2 = const touchgfx::ClickEvent&]	12	static
../../Middlewares/ST/touchgfx/framework/include/touchgfx/Callback.hpp:328:18:bool touchgfx::Callback<dest_type, T1, T2, void>::isValid() const [with dest_type = Screen2View; T1 = const touchgfx::Box&; T2 = const touchgfx::ClickEvent&]	0	static
../../Middlewares/ST/touchgfx/framework/include/touchgfx/Callback.hpp:290:8:virtual touchgfx::Callback<Screen2View, const touchgfx::Box&, const touchgfx::ClickEvent&>::~Callback()	8	static
C:/TouchGFXProjects/MyApplication_1/TouchGFX/gui/src/screen2_screen/Screen2View.cpp:31:6:virtual void Screen2View::tearDownScreen()	0	static
C:\ST\STM32CubeIDE_1.13.1\STM32CubeIDE\plugins\com.st.stm32cube.ide.mcu.externaltools.gnu-tools-for-stm32.11.3.rel1.win32_1.1.0.202305231506\tools\bin/../lib/gcc/arm-none-eabi/11.3.1/../../../../arm-none-eabi/include/c++/11.3.1/bits/stl_vector.h:343:7:std::_Vector_base<_Tp, _Alloc>::pointer std::_Vector_base<_Tp, _Alloc>::_M_allocate(std::size_t) [with _Tp = int; _Alloc = std::allocator<int>]	8	static
../../Middlewares/ST/touchgfx/framework/include/touchgfx/Drawable.hpp:233:10:void touchgfx::Drawable::setPosition(int16_t, int16_t, int16_t, int16_t)	24	static
C:/TouchGFXProjects/MyApplication_1/TouchGFX/gui/src/screen2_screen/Screen2View.cpp:89:5:int Screen2View::correctX(int)	8	static
C:/TouchGFXProjects/MyApplication_1/TouchGFX/gui/src/screen2_screen/Screen2View.cpp:101:5:int Screen2View::correctY(int)	0	static
C:/TouchGFXProjects/MyApplication_1/TouchGFX/gui/src/screen2_screen/Screen2View.cpp:113:6:bool Screen2View::peripheral(const std::vector<std::vector<int> >&, int, int, int)	20	static
C:/TouchGFXProjects/MyApplication_1/TouchGFX/gui/src/screen2_screen/Screen2View.cpp:195:5:int Screen2View::heuristic(std::vector<int>&)	16	static
C:/TouchGFXProjects/MyApplication_1/TouchGFX/gui/src/screen2_screen/Screen2View.cpp:240:6:bool Screen2View::aligned(int, int, int, int, int)	16	static
C:/TouchGFXProjects/MyApplication_1/TouchGFX/gui/src/screen2_screen/Screen2View.cpp:227:6:bool Screen2View::win(int)	40	static
C:\ST\STM32CubeIDE_1.13.1\STM32CubeIDE\plugins\com.st.stm32cube.ide.mcu.externaltools.gnu-tools-for-stm32.11.3.rel1.win32_1.1.0.202305231506\tools\bin/../lib/gcc/arm-none-eabi/11.3.1/../../../../arm-none-eabi/include/c++/11.3.1/bits/stl_vector.h:510:7:std::vector<_Tp, _Alloc>::vector(std::vector<_Tp, _Alloc>::size_type, const allocator_type&) [with _Tp = int; _Alloc = std::allocator<int>]	24	static
C:\ST\STM32CubeIDE_1.13.1\STM32CubeIDE\plugins\com.st.stm32cube.ide.mcu.externaltools.gnu-tools-for-stm32.11.3.rel1.win32_1.1.0.202305231506\tools\bin/../lib/gcc/arm-none-eabi/11.3.1/../../../../arm-none-eabi/include/c++/11.3.1/bits/stl_vector.h:333:7:std::_Vector_base<_Tp, _Alloc>::~_Vector_base() [with _Tp = int; _Alloc = std::allocator<int>]	8	static
C:\ST\STM32CubeIDE_1.13.1\STM32CubeIDE\plugins\com.st.stm32cube.ide.mcu.externaltools.gnu-tools-for-stm32.11.3.rel1.win32_1.1.0.202305231506\tools\bin/../lib/gcc/arm-none-eabi/11.3.1/../../../../arm-none-eabi/include/c++/11.3.1/bits/stl_vector.h:678:7:std::vector<_Tp, _Alloc>::~vector() [with _Tp = std::vector<int>; _Alloc = std::allocator<std::vector<int> >]	16	static
../../TouchGFX/gui/include/gui/screen2_screen/Screen2View.hpp:13:13:Screen2View::~Screen2View()	8	static
../../TouchGFX/gui/include/gui/screen2_screen/Screen2View.hpp:13:13:virtual Screen2View::~Screen2View()	8	static
C:\ST\STM32CubeIDE_1.13.1\STM32CubeIDE\plugins\com.st.stm32cube.ide.mcu.externaltools.gnu-tools-for-stm32.11.3.rel1.win32_1.1.0.202305231506\tools\bin/../lib/gcc/arm-none-eabi/11.3.1/../../../../arm-none-eabi/include/c++/11.3.1/bits/stl_algobase.h:420:2:static _Tp* std::__copy_move<_IsMove, true, std::random_access_iterator_tag>::__copy_m(const _Tp*, const _Tp*, _Tp*) [with _Tp = int; bool _IsMove = false]	8	static
C:\ST\STM32CubeIDE_1.13.1\STM32CubeIDE\plugins\com.st.stm32cube.ide.mcu.externaltools.gnu-tools-for-stm32.11.3.rel1.win32_1.1.0.202305231506\tools\bin/../lib/gcc/arm-none-eabi/11.3.1/../../../../arm-none-eabi/include/c++/11.3.1/bits/stl_vector.h:1593:7:void std::vector<_Tp, _Alloc>::_M_fill_initialize(std::vector<_Tp, _Alloc>::size_type, const value_type&) [with _Tp = std::vector<int>; _Alloc = std::allocator<std::vector<int> >]	40	static
C:/TouchGFXProjects/MyApplication_1/TouchGFX/gui/src/screen2_screen/Screen2View.cpp:16:1:Screen2View::Screen2View()	32	static
C:\ST\STM32CubeIDE_1.13.1\STM32CubeIDE\plugins\com.st.stm32cube.ide.mcu.externaltools.gnu-tools-for-stm32.11.3.rel1.win32_1.1.0.202305231506\tools\bin/../lib/gcc/arm-none-eabi/11.3.1/../../../../arm-none-eabi/include/c++/11.3.1/bits/vector.tcc:300:7:void std::vector<_Tp, _Alloc>::_M_assign_aux(_ForwardIterator, _ForwardIterator, std::forward_iterator_tag) [with _ForwardIterator = const int*; _Tp = int; _Alloc = std::allocator<int>]	24	static
C:\ST\STM32CubeIDE_1.13.1\STM32CubeIDE\plugins\com.st.stm32cube.ide.mcu.externaltools.gnu-tools-for-stm32.11.3.rel1.win32_1.1.0.202305231506\tools\bin/../lib/gcc/arm-none-eabi/11.3.1/../../../../arm-none-eabi/include/c++/11.3.1/bits/stl_vector.h:625:7:std::vector<_Tp, _Alloc>::vector(std::initializer_list<_Tp>, const allocator_type&) [with _Tp = int; _Alloc = std::allocator<int>]	32	static
C:/TouchGFXProjects/MyApplication_1/TouchGFX/gui/src/screen2_screen/Screen2View.cpp:126:18:std::vector<int> Screen2View::minimax(std::vector<std::vector<int> >&, int, int, int, int)	120	static
C:/TouchGFXProjects/MyApplication_1/TouchGFX/gui/src/screen2_screen/Screen2View.cpp:19:6:virtual void Screen2View::setupScreen()	16	static
C:/TouchGFXProjects/MyApplication_1/TouchGFX/gui/src/screen2_screen/Screen2View.cpp:37:6:void Screen2View::boxClickHandler(const touchgfx::Box&, const touchgfx::ClickEvent&)	80	static
