F:/STM32_CAPSTONE/workspace/Nx_Network_Basics_wifi/Drivers/BSP/Components/mx_wifi/io_pattern/mx_wifi_spi.c:160:13:MX_WIFI_IO_DELAY	16	static
F:/STM32_CAPSTONE/workspace/Nx_Network_Basics_wifi/Drivers/BSP/Components/mx_wifi/io_pattern/mx_wifi_spi.c:171:15:MX_WIFI_SPI_Init	24	static
F:/STM32_CAPSTONE/workspace/Nx_Network_Basics_wifi/Drivers/BSP/Components/mx_wifi/io_pattern/mx_wifi_spi.c:193:15:MX_WIFI_SPI_DeInit	8	static
F:/STM32_CAPSTONE/workspace/Nx_Network_Basics_wifi/Drivers/BSP/Components/mx_wifi/io_pattern/mx_wifi_spi.c:200:6:HAL_SPI_TransferCallback	16	static
F:/STM32_CAPSTONE/workspace/Nx_Network_Basics_wifi/Drivers/BSP/Components/mx_wifi/io_pattern/mx_wifi_spi.c:207:6:HAL_SPI_ErrorCallback	16	static
F:/STM32_CAPSTONE/workspace/Nx_Network_Basics_wifi/Drivers/BSP/Components/mx_wifi/io_pattern/mx_wifi_spi.c:221:6:mxchip_WIFI_ISR	16	static
F:/STM32_CAPSTONE/workspace/Nx_Network_Basics_wifi/Drivers/BSP/Components/mx_wifi/io_pattern/mx_wifi_spi.c:236:15:wait_flow_high	24	static
F:/STM32_CAPSTONE/workspace/Nx_Network_Basics_wifi/Drivers/BSP/Components/mx_wifi/io_pattern/mx_wifi_spi.c:255:17:MX_WIFI_SPI_Write	24	static
F:/STM32_CAPSTONE/workspace/Nx_Network_Basics_wifi/Drivers/BSP/Components/mx_wifi/io_pattern/mx_wifi_spi.c:290:17:MX_WIFI_SPI_Read	16	static
F:/STM32_CAPSTONE/workspace/Nx_Network_Basics_wifi/Drivers/BSP/Components/mx_wifi/io_pattern/mx_wifi_spi.c:298:26:TransmitReceive	32	static
F:/STM32_CAPSTONE/workspace/Nx_Network_Basics_wifi/Drivers/BSP/Components/mx_wifi/io_pattern/mx_wifi_spi.c:326:26:Transmit	32	static
F:/STM32_CAPSTONE/workspace/Nx_Network_Basics_wifi/Drivers/BSP/Components/mx_wifi/io_pattern/mx_wifi_spi.c:354:26:Receive	32	static
F:/STM32_CAPSTONE/workspace/Nx_Network_Basics_wifi/Drivers/BSP/Components/mx_wifi/io_pattern/mx_wifi_spi.c:381:6:process_txrx_poll	64	static
F:/STM32_CAPSTONE/workspace/Nx_Network_Basics_wifi/Drivers/BSP/Components/mx_wifi/io_pattern/mx_wifi_spi.c:574:13:mx_wifi_spi_txrx_task	16	static
F:/STM32_CAPSTONE/workspace/Nx_Network_Basics_wifi/Drivers/BSP/Components/mx_wifi/io_pattern/mx_wifi_spi.c:596:15:mx_wifi_spi_txrx_start	24	static
F:/STM32_CAPSTONE/workspace/Nx_Network_Basics_wifi/Drivers/BSP/Components/mx_wifi/io_pattern/mx_wifi_spi.c:622:15:mx_wifi_spi_txrx_stop	8	static
F:/STM32_CAPSTONE/workspace/Nx_Network_Basics_wifi/Drivers/BSP/Components/mx_wifi/io_pattern/mx_wifi_spi.c:650:9:mxwifi_probe	32	static
F:/STM32_CAPSTONE/workspace/Nx_Network_Basics_wifi/Drivers/BSP/Components/mx_wifi/io_pattern/mx_wifi_spi.c:672:18:wifi_obj_get	4	static
