F:/STM32_CAPSTONE/workspace/Nx_Network_Basics_wifi/Middlewares/ST/netxduo/addons/dns/nxd_dns.c:169:7:_nxe_dns_create	32	static,ignoring_inline_asm
F:/STM32_CAPSTONE/workspace/Nx_Network_Basics_wifi/Middlewares/ST/netxduo/addons/dns/nxd_dns.c:241:6:_nx_dns_create	48	static
F:/STM32_CAPSTONE/workspace/Nx_Network_Basics_wifi/Middlewares/ST/netxduo/addons/dns/nxd_dns.c:368:7:_nxe_dns_packet_pool_set	16	static
F:/STM32_CAPSTONE/workspace/Nx_Network_Basics_wifi/Middlewares/ST/netxduo/addons/dns/nxd_dns.c:444:7:_nx_dns_packet_pool_set	16	static
F:/STM32_CAPSTONE/workspace/Nx_Network_Basics_wifi/Middlewares/ST/netxduo/addons/dns/nxd_dns.c:506:7:_nxe_dns_delete	24	static,ignoring_inline_asm
F:/STM32_CAPSTONE/workspace/Nx_Network_Basics_wifi/Middlewares/ST/netxduo/addons/dns/nxd_dns.c:574:7:_nx_dns_delete	24	static
F:/STM32_CAPSTONE/workspace/Nx_Network_Basics_wifi/Middlewares/ST/netxduo/addons/dns/nxd_dns.c:655:7:_nxe_dns_server_add	24	static,ignoring_inline_asm
F:/STM32_CAPSTONE/workspace/Nx_Network_Basics_wifi/Middlewares/ST/netxduo/addons/dns/nxd_dns.c:732:7:_nx_dns_server_add	24	static
F:/STM32_CAPSTONE/workspace/Nx_Network_Basics_wifi/Middlewares/ST/netxduo/addons/dns/nxd_dns.c:800:7:_nxde_dns_server_add	24	static,ignoring_inline_asm
F:/STM32_CAPSTONE/workspace/Nx_Network_Basics_wifi/Middlewares/ST/netxduo/addons/dns/nxd_dns.c:913:6:_nxd_dns_server_add	16	static
F:/STM32_CAPSTONE/workspace/Nx_Network_Basics_wifi/Middlewares/ST/netxduo/addons/dns/nxd_dns.c:967:6:_nx_dns_server_add_internal	24	static
F:/STM32_CAPSTONE/workspace/Nx_Network_Basics_wifi/Middlewares/ST/netxduo/addons/dns/nxd_dns.c:1140:7:_nxe_dns_server_remove	24	static,ignoring_inline_asm
F:/STM32_CAPSTONE/workspace/Nx_Network_Basics_wifi/Middlewares/ST/netxduo/addons/dns/nxd_dns.c:1215:7:_nx_dns_server_remove	24	static
F:/STM32_CAPSTONE/workspace/Nx_Network_Basics_wifi/Middlewares/ST/netxduo/addons/dns/nxd_dns.c:1282:7:_nxde_dns_server_remove	24	static,ignoring_inline_asm
F:/STM32_CAPSTONE/workspace/Nx_Network_Basics_wifi/Middlewares/ST/netxduo/addons/dns/nxd_dns.c:1389:7:_nxd_dns_server_remove	16	static
F:/STM32_CAPSTONE/workspace/Nx_Network_Basics_wifi/Middlewares/ST/netxduo/addons/dns/nxd_dns.c:1446:14:_nx_dns_server_remove_internal	32	static
F:/STM32_CAPSTONE/workspace/Nx_Network_Basics_wifi/Middlewares/ST/netxduo/addons/dns/nxd_dns.c:1613:7:_nxe_dns_server_remove_all	24	static,ignoring_inline_asm
F:/STM32_CAPSTONE/workspace/Nx_Network_Basics_wifi/Middlewares/ST/netxduo/addons/dns/nxd_dns.c:1673:7:_nx_dns_server_remove_all	24	static
F:/STM32_CAPSTONE/workspace/Nx_Network_Basics_wifi/Middlewares/ST/netxduo/addons/dns/nxd_dns.c:1741:7:_nxe_dns_get_serverlist_size	24	static,ignoring_inline_asm
F:/STM32_CAPSTONE/workspace/Nx_Network_Basics_wifi/Middlewares/ST/netxduo/addons/dns/nxd_dns.c:1801:7:_nx_dns_get_serverlist_size	16	static
F:/STM32_CAPSTONE/workspace/Nx_Network_Basics_wifi/Middlewares/ST/netxduo/addons/dns/nxd_dns.c:1867:7:_nxe_dns_server_get	32	static,ignoring_inline_asm
F:/STM32_CAPSTONE/workspace/Nx_Network_Basics_wifi/Middlewares/ST/netxduo/addons/dns/nxd_dns.c:1930:7:_nx_dns_server_get	40	static
F:/STM32_CAPSTONE/workspace/Nx_Network_Basics_wifi/Middlewares/ST/netxduo/addons/dns/nxd_dns.c:2011:7:_nxde_dns_server_get	32	static,ignoring_inline_asm
F:/STM32_CAPSTONE/workspace/Nx_Network_Basics_wifi/Middlewares/ST/netxduo/addons/dns/nxd_dns.c:2078:7:_nxd_dns_server_get	24	static
F:/STM32_CAPSTONE/workspace/Nx_Network_Basics_wifi/Middlewares/ST/netxduo/addons/dns/nxd_dns.c:2130:14:_nx_dns_server_get_internal	40	static
F:/STM32_CAPSTONE/workspace/Nx_Network_Basics_wifi/Middlewares/ST/netxduo/addons/dns/nxd_dns.c:2256:7:_nxe_dns_host_by_name_get	32	static,ignoring_inline_asm
F:/STM32_CAPSTONE/workspace/Nx_Network_Basics_wifi/Middlewares/ST/netxduo/addons/dns/nxd_dns.c:2328:7:_nx_dns_host_by_name_get	48	static
F:/STM32_CAPSTONE/workspace/Nx_Network_Basics_wifi/Middlewares/ST/netxduo/addons/dns/nxd_dns.c:2395:7:_nxde_dns_host_by_name_get	40	static,ignoring_inline_asm
F:/STM32_CAPSTONE/workspace/Nx_Network_Basics_wifi/Middlewares/ST/netxduo/addons/dns/nxd_dns.c:2468:7:_nxd_dns_host_by_name_get	48	static
F:/STM32_CAPSTONE/workspace/Nx_Network_Basics_wifi/Middlewares/ST/netxduo/addons/dns/nxd_dns.c:2725:7:_nxe_dns_ipv4_address_by_name_get	40	static,ignoring_inline_asm
F:/STM32_CAPSTONE/workspace/Nx_Network_Basics_wifi/Middlewares/ST/netxduo/addons/dns/nxd_dns.c:2806:7:_nx_dns_ipv4_address_by_name_get	48	static
F:/STM32_CAPSTONE/workspace/Nx_Network_Basics_wifi/Middlewares/ST/netxduo/addons/dns/nxd_dns.c:2867:7:_nxde_dns_ipv6_address_by_name_get	40	static,ignoring_inline_asm
F:/STM32_CAPSTONE/workspace/Nx_Network_Basics_wifi/Middlewares/ST/netxduo/addons/dns/nxd_dns.c:2949:7:_nxd_dns_ipv6_address_by_name_get	48	static
F:/STM32_CAPSTONE/workspace/Nx_Network_Basics_wifi/Middlewares/ST/netxduo/addons/dns/nxd_dns.c:3911:14:_nx_dns_host_resource_data_by_name_get	56	static
F:/STM32_CAPSTONE/workspace/Nx_Network_Basics_wifi/Middlewares/ST/netxduo/addons/dns/nxd_dns.c:4122:13:_nx_dns_send_query_by_address	72	static
F:/STM32_CAPSTONE/workspace/Nx_Network_Basics_wifi/Middlewares/ST/netxduo/addons/dns/nxd_dns.c:4524:13:_nx_dns_send_query_get_rdata_by_name	40	static
F:/STM32_CAPSTONE/workspace/Nx_Network_Basics_wifi/Middlewares/ST/netxduo/addons/dns/nxd_dns.c:4652:6:_nx_dns_response_get	40	static
F:/STM32_CAPSTONE/workspace/Nx_Network_Basics_wifi/Middlewares/ST/netxduo/addons/dns/nxd_dns.c:4743:13:_nx_dns_response_receive	48	static
F:/STM32_CAPSTONE/workspace/Nx_Network_Basics_wifi/Middlewares/ST/netxduo/addons/dns/nxd_dns.c:4888:13:_nx_dns_response_process	96	static
F:/STM32_CAPSTONE/workspace/Nx_Network_Basics_wifi/Middlewares/ST/netxduo/addons/dns/nxd_dns.c:5234:13:_nx_dns_process_a_type	56	static
F:/STM32_CAPSTONE/workspace/Nx_Network_Basics_wifi/Middlewares/ST/netxduo/addons/dns/nxd_dns.c:5727:13:_nx_dns_process_aaaa_type	64	static
F:/STM32_CAPSTONE/workspace/Nx_Network_Basics_wifi/Middlewares/ST/netxduo/addons/dns/nxd_dns.c:7332:7:_nxe_dns_host_by_address_get	40	static,ignoring_inline_asm
F:/STM32_CAPSTONE/workspace/Nx_Network_Basics_wifi/Middlewares/ST/netxduo/addons/dns/nxd_dns.c:7402:7:_nx_dns_host_by_address_get	40	static
F:/STM32_CAPSTONE/workspace/Nx_Network_Basics_wifi/Middlewares/ST/netxduo/addons/dns/nxd_dns.c:7478:7:_nxde_dns_host_by_address_get	40	static,ignoring_inline_asm
F:/STM32_CAPSTONE/workspace/Nx_Network_Basics_wifi/Middlewares/ST/netxduo/addons/dns/nxd_dns.c:7553:7:_nxd_dns_host_by_address_get	32	static
F:/STM32_CAPSTONE/workspace/Nx_Network_Basics_wifi/Middlewares/ST/netxduo/addons/dns/nxd_dns.c:7619:14:_nx_dns_host_by_address_get_internal	144	static
F:/STM32_CAPSTONE/workspace/Nx_Network_Basics_wifi/Middlewares/ST/netxduo/addons/dns/nxd_dns.c:7883:13:_nx_dns_new_packet_create	32	static
F:/STM32_CAPSTONE/workspace/Nx_Network_Basics_wifi/Middlewares/ST/netxduo/addons/dns/nxd_dns.c:7968:14:_nx_dns_header_create	16	static
F:/STM32_CAPSTONE/workspace/Nx_Network_Basics_wifi/Middlewares/ST/netxduo/addons/dns/nxd_dns.c:8033:14:_nx_dns_question_add	40	static
F:/STM32_CAPSTONE/workspace/Nx_Network_Basics_wifi/Middlewares/ST/netxduo/addons/dns/nxd_dns.c:8210:14:_nx_dns_name_string_encode	24	static
F:/STM32_CAPSTONE/workspace/Nx_Network_Basics_wifi/Middlewares/ST/netxduo/addons/dns/nxd_dns.c:8318:13:_nx_dns_name_string_unencode	48	static
F:/STM32_CAPSTONE/workspace/Nx_Network_Basics_wifi/Middlewares/ST/netxduo/addons/dns/nxd_dns.c:8499:14:_nx_dns_name_size_calculate	24	static
F:/STM32_CAPSTONE/workspace/Nx_Network_Basics_wifi/Middlewares/ST/netxduo/addons/dns/nxd_dns.c:8756:14:_nx_dns_resource_type_get	32	static
F:/STM32_CAPSTONE/workspace/Nx_Network_Basics_wifi/Middlewares/ST/netxduo/addons/dns/nxd_dns.c:8823:14:_nx_dns_resource_time_to_live_get	32	static
F:/STM32_CAPSTONE/workspace/Nx_Network_Basics_wifi/Middlewares/ST/netxduo/addons/dns/nxd_dns.c:8897:14:_nx_dns_resource_data_length_get	32	static
F:/STM32_CAPSTONE/workspace/Nx_Network_Basics_wifi/Middlewares/ST/netxduo/addons/dns/nxd_dns.c:8967:16:_nx_dns_resource_data_address_get	24	static
F:/STM32_CAPSTONE/workspace/Nx_Network_Basics_wifi/Middlewares/ST/netxduo/addons/dns/nxd_dns.c:9034:14:_nx_dns_resource_size_get	40	static
F:/STM32_CAPSTONE/workspace/Nx_Network_Basics_wifi/Middlewares/ST/netxduo/addons/dns/nxd_dns.c:9107:14:_nx_dns_short_to_network_convert	16	static
F:/STM32_CAPSTONE/workspace/Nx_Network_Basics_wifi/Middlewares/ST/netxduo/addons/dns/nxd_dns.c:9154:15:_nx_dns_network_to_short_convert	24	static
F:/STM32_CAPSTONE/workspace/Nx_Network_Basics_wifi/Middlewares/ST/netxduo/addons/dns/nxd_dns.c:9205:15:_nx_dns_network_to_long_convert	24	static
F:/STM32_CAPSTONE/workspace/Nx_Network_Basics_wifi/Middlewares/ST/netxduo/addons/dns/nxd_dns.c:9261:14:_nx_dns_number_to_ascii_convert	32	static
F:/STM32_CAPSTONE/workspace/Nx_Network_Basics_wifi/Middlewares/ST/netxduo/addons/dns/nxd_dns.c:9345:6:_nxe_dns_cache_initialize	32	static
F:/STM32_CAPSTONE/workspace/Nx_Network_Basics_wifi/Middlewares/ST/netxduo/addons/dns/nxd_dns.c:9426:6:_nx_dns_cache_initialize	32	static
F:/STM32_CAPSTONE/workspace/Nx_Network_Basics_wifi/Middlewares/ST/netxduo/addons/dns/nxd_dns.c:9506:6:_nxe_dns_cache_notify_set	24	static
F:/STM32_CAPSTONE/workspace/Nx_Network_Basics_wifi/Middlewares/ST/netxduo/addons/dns/nxd_dns.c:9573:6:_nx_dns_cache_notify_set	16	static
F:/STM32_CAPSTONE/workspace/Nx_Network_Basics_wifi/Middlewares/ST/netxduo/addons/dns/nxd_dns.c:9633:6:_nxe_dns_cache_notify_clear	24	static
F:/STM32_CAPSTONE/workspace/Nx_Network_Basics_wifi/Middlewares/ST/netxduo/addons/dns/nxd_dns.c:9699:6:_nx_dns_cache_notify_clear	16	static
F:/STM32_CAPSTONE/workspace/Nx_Network_Basics_wifi/Middlewares/ST/netxduo/addons/dns/nxd_dns.c:9755:13:_nx_dns_cache_add_rr	56	static
F:/STM32_CAPSTONE/workspace/Nx_Network_Basics_wifi/Middlewares/ST/netxduo/addons/dns/nxd_dns.c:9922:13:_nx_dns_cache_find_answer	64	static
F:/STM32_CAPSTONE/workspace/Nx_Network_Basics_wifi/Middlewares/ST/netxduo/addons/dns/nxd_dns.c:10308:13:_nx_dns_cache_delete_rr	32	static
F:/STM32_CAPSTONE/workspace/Nx_Network_Basics_wifi/Middlewares/ST/netxduo/addons/dns/nxd_dns.c:10388:13:_nx_dns_cache_delete_rr_string	32	static
F:/STM32_CAPSTONE/workspace/Nx_Network_Basics_wifi/Middlewares/ST/netxduo/addons/dns/nxd_dns.c:10527:13:_nx_dns_cache_add_string	56	static
F:/STM32_CAPSTONE/workspace/Nx_Network_Basics_wifi/Middlewares/ST/netxduo/addons/dns/nxd_dns.c:10695:13:_nx_dns_cache_delete_string	40	static
F:/STM32_CAPSTONE/workspace/Nx_Network_Basics_wifi/Middlewares/ST/netxduo/addons/dns/nxd_dns.c:10845:14:_nx_dns_name_match	32	static
