C:/Users/89336/STM32CubeIDE/workspace_1.13.1/en.x-cube-aws-h5-v1-0-0/STM32CubeExpansion_Cloud_AWS_H5_V1.0.0/Drivers/STM32H5xx_HAL_Driver/Src/stm32h5xx_hal_xspi.c:456:13:HAL_XSPI_MspInit	0	static
C:/Users/89336/STM32CubeIDE/workspace_1.13.1/en.x-cube-aws-h5-v1-0-0/STM32CubeExpansion_Cloud_AWS_H5_V1.0.0/Drivers/STM32H5xx_HAL_Driver/Src/stm32h5xx_hal_xspi.c:514:13:HAL_XSPI_MspDeInit	0	static
C:/Users/89336/STM32CubeIDE/workspace_1.13.1/en.x-cube-aws-h5-v1-0-0/STM32CubeExpansion_Cloud_AWS_H5_V1.0.0/Drivers/STM32H5xx_HAL_Driver/Src/stm32h5xx_hal_xspi.c:2008:13:HAL_XSPI_ErrorCallback	0	static
C:/Users/89336/STM32CubeIDE/workspace_1.13.1/en.x-cube-aws-h5-v1-0-0/STM32CubeExpansion_Cloud_AWS_H5_V1.0.0/Drivers/STM32H5xx_HAL_Driver/Src/stm32h5xx_hal_xspi.c:2023:13:HAL_XSPI_AbortCpltCallback	0	static
C:/Users/89336/STM32CubeIDE/workspace_1.13.1/en.x-cube-aws-h5-v1-0-0/STM32CubeExpansion_Cloud_AWS_H5_V1.0.0/Drivers/STM32H5xx_HAL_Driver/Src/stm32h5xx_hal_xspi.c:2038:13:HAL_XSPI_FifoThresholdCallback	0	static
C:/Users/89336/STM32CubeIDE/workspace_1.13.1/en.x-cube-aws-h5-v1-0-0/STM32CubeExpansion_Cloud_AWS_H5_V1.0.0/Drivers/STM32H5xx_HAL_Driver/Src/stm32h5xx_hal_xspi.c:2053:13:HAL_XSPI_CmdCpltCallback	0	static
C:/Users/89336/STM32CubeIDE/workspace_1.13.1/en.x-cube-aws-h5-v1-0-0/STM32CubeExpansion_Cloud_AWS_H5_V1.0.0/Drivers/STM32H5xx_HAL_Driver/Src/stm32h5xx_hal_xspi.c:2068:13:HAL_XSPI_RxCpltCallback	0	static
C:/Users/89336/STM32CubeIDE/workspace_1.13.1/en.x-cube-aws-h5-v1-0-0/STM32CubeExpansion_Cloud_AWS_H5_V1.0.0/Drivers/STM32H5xx_HAL_Driver/Src/stm32h5xx_hal_xspi.c:2083:13:HAL_XSPI_TxCpltCallback	0	static
C:/Users/89336/STM32CubeIDE/workspace_1.13.1/en.x-cube-aws-h5-v1-0-0/STM32CubeExpansion_Cloud_AWS_H5_V1.0.0/Drivers/STM32H5xx_HAL_Driver/Src/stm32h5xx_hal_xspi.c:2098:13:HAL_XSPI_RxHalfCpltCallback	0	static
C:/Users/89336/STM32CubeIDE/workspace_1.13.1/en.x-cube-aws-h5-v1-0-0/STM32CubeExpansion_Cloud_AWS_H5_V1.0.0/Drivers/STM32H5xx_HAL_Driver/Src/stm32h5xx_hal_xspi.c:2113:13:HAL_XSPI_TxHalfCpltCallback	0	static
C:/Users/89336/STM32CubeIDE/workspace_1.13.1/en.x-cube-aws-h5-v1-0-0/STM32CubeExpansion_Cloud_AWS_H5_V1.0.0/Drivers/STM32H5xx_HAL_Driver/Src/stm32h5xx_hal_xspi.c:2128:13:HAL_XSPI_StatusMatchCallback	0	static
C:/Users/89336/STM32CubeIDE/workspace_1.13.1/en.x-cube-aws-h5-v1-0-0/STM32CubeExpansion_Cloud_AWS_H5_V1.0.0/Drivers/STM32H5xx_HAL_Driver/Src/stm32h5xx_hal_xspi.c:2143:13:HAL_XSPI_TimeOutCallback	0	static
C:/Users/89336/STM32CubeIDE/workspace_1.13.1/en.x-cube-aws-h5-v1-0-0/STM32CubeExpansion_Cloud_AWS_H5_V1.0.0/Drivers/STM32H5xx_HAL_Driver/Src/stm32h5xx_hal_xspi.c:2841:13:XSPI_DMACplt	0	static
C:/Users/89336/STM32CubeIDE/workspace_1.13.1/en.x-cube-aws-h5-v1-0-0/STM32CubeExpansion_Cloud_AWS_H5_V1.0.0/Drivers/STM32H5xx_HAL_Driver/Src/stm32h5xx_hal_xspi.c:2861:13:XSPI_DMAHalfCplt	8	static
C:/Users/89336/STM32CubeIDE/workspace_1.13.1/en.x-cube-aws-h5-v1-0-0/STM32CubeExpansion_Cloud_AWS_H5_V1.0.0/Drivers/STM32H5xx_HAL_Driver/Src/stm32h5xx_hal_xspi.c:2920:13:XSPI_DMAAbortCplt	8	static
C:/Users/89336/STM32CubeIDE/workspace_1.13.1/en.x-cube-aws-h5-v1-0-0/STM32CubeExpansion_Cloud_AWS_H5_V1.0.0/Drivers/STM32H5xx_HAL_Driver/Src/stm32h5xx_hal_xspi.c:3002:26:XSPI_ConfigCmd	16	static
C:/Users/89336/STM32CubeIDE/workspace_1.13.1/en.x-cube-aws-h5-v1-0-0/STM32CubeExpansion_Cloud_AWS_H5_V1.0.0/Drivers/STM32H5xx_HAL_Driver/Src/stm32h5xx_hal_xspi.c:2975:26:XSPI_WaitFlagStateUntilTimeout	32	static
C:/Users/89336/STM32CubeIDE/workspace_1.13.1/en.x-cube-aws-h5-v1-0-0/STM32CubeExpansion_Cloud_AWS_H5_V1.0.0/Drivers/STM32H5xx_HAL_Driver/Src/stm32h5xx_hal_xspi.c:471:19:HAL_XSPI_DeInit	8	static
C:/Users/89336/STM32CubeIDE/workspace_1.13.1/en.x-cube-aws-h5-v1-0-0/STM32CubeExpansion_Cloud_AWS_H5_V1.0.0/Drivers/STM32H5xx_HAL_Driver/Src/stm32h5xx_hal_xspi.c:554:6:HAL_XSPI_IRQHandler	8	static
C:/Users/89336/STM32CubeIDE/workspace_1.13.1/en.x-cube-aws-h5-v1-0-0/STM32CubeExpansion_Cloud_AWS_H5_V1.0.0/Drivers/STM32H5xx_HAL_Driver/Src/stm32h5xx_hal_xspi.c:794:19:HAL_XSPI_Command	32	static
C:/Users/89336/STM32CubeIDE/workspace_1.13.1/en.x-cube-aws-h5-v1-0-0/STM32CubeExpansion_Cloud_AWS_H5_V1.0.0/Drivers/STM32H5xx_HAL_Driver/Src/stm32h5xx_hal_xspi.c:930:19:HAL_XSPI_Command_IT	24	static
C:/Users/89336/STM32CubeIDE/workspace_1.13.1/en.x-cube-aws-h5-v1-0-0/STM32CubeExpansion_Cloud_AWS_H5_V1.0.0/Drivers/STM32H5xx_HAL_Driver/Src/stm32h5xx_hal_xspi.c:1020:19:HAL_XSPI_HyperbusCfg	32	static
C:/Users/89336/STM32CubeIDE/workspace_1.13.1/en.x-cube-aws-h5-v1-0-0/STM32CubeExpansion_Cloud_AWS_H5_V1.0.0/Drivers/STM32H5xx_HAL_Driver/Src/stm32h5xx_hal_xspi.c:1071:19:HAL_XSPI_HyperbusCmd	24	static
C:/Users/89336/STM32CubeIDE/workspace_1.13.1/en.x-cube-aws-h5-v1-0-0/STM32CubeExpansion_Cloud_AWS_H5_V1.0.0/Drivers/STM32H5xx_HAL_Driver/Src/stm32h5xx_hal_xspi.c:1137:19:HAL_XSPI_Transmit	32	static
C:/Users/89336/STM32CubeIDE/workspace_1.13.1/en.x-cube-aws-h5-v1-0-0/STM32CubeExpansion_Cloud_AWS_H5_V1.0.0/Drivers/STM32H5xx_HAL_Driver/Src/stm32h5xx_hal_xspi.c:1209:19:HAL_XSPI_Receive	32	static
C:/Users/89336/STM32CubeIDE/workspace_1.13.1/en.x-cube-aws-h5-v1-0-0/STM32CubeExpansion_Cloud_AWS_H5_V1.0.0/Drivers/STM32H5xx_HAL_Driver/Src/stm32h5xx_hal_xspi.c:1299:19:HAL_XSPI_Transmit_IT	0	static
C:/Users/89336/STM32CubeIDE/workspace_1.13.1/en.x-cube-aws-h5-v1-0-0/STM32CubeExpansion_Cloud_AWS_H5_V1.0.0/Drivers/STM32H5xx_HAL_Driver/Src/stm32h5xx_hal_xspi.c:1348:19:HAL_XSPI_Receive_IT	12	static
C:/Users/89336/STM32CubeIDE/workspace_1.13.1/en.x-cube-aws-h5-v1-0-0/STM32CubeExpansion_Cloud_AWS_H5_V1.0.0/Drivers/STM32H5xx_HAL_Driver/Src/stm32h5xx_hal_xspi.c:1420:19:HAL_XSPI_Transmit_DMA	16	static
C:/Users/89336/STM32CubeIDE/workspace_1.13.1/en.x-cube-aws-h5-v1-0-0/STM32CubeExpansion_Cloud_AWS_H5_V1.0.0/Drivers/STM32H5xx_HAL_Driver/Src/stm32h5xx_hal_xspi.c:1603:19:HAL_XSPI_Receive_DMA	24	static
C:/Users/89336/STM32CubeIDE/workspace_1.13.1/en.x-cube-aws-h5-v1-0-0/STM32CubeExpansion_Cloud_AWS_H5_V1.0.0/Drivers/STM32H5xx_HAL_Driver/Src/stm32h5xx_hal_xspi.c:1803:19:HAL_XSPI_AutoPolling	40	static
C:/Users/89336/STM32CubeIDE/workspace_1.13.1/en.x-cube-aws-h5-v1-0-0/STM32CubeExpansion_Cloud_AWS_H5_V1.0.0/Drivers/STM32H5xx_HAL_Driver/Src/stm32h5xx_hal_xspi.c:1884:19:HAL_XSPI_AutoPolling_IT	32	static
C:/Users/89336/STM32CubeIDE/workspace_1.13.1/en.x-cube-aws-h5-v1-0-0/STM32CubeExpansion_Cloud_AWS_H5_V1.0.0/Drivers/STM32H5xx_HAL_Driver/Src/stm32h5xx_hal_xspi.c:1957:19:HAL_XSPI_MemoryMapped	24	static
C:/Users/89336/STM32CubeIDE/workspace_1.13.1/en.x-cube-aws-h5-v1-0-0/STM32CubeExpansion_Cloud_AWS_H5_V1.0.0/Drivers/STM32H5xx_HAL_Driver/Src/stm32h5xx_hal_xspi.c:2175:19:HAL_XSPI_RegisterCallback	4	static
C:/Users/89336/STM32CubeIDE/workspace_1.13.1/en.x-cube-aws-h5-v1-0-0/STM32CubeExpansion_Cloud_AWS_H5_V1.0.0/Drivers/STM32H5xx_HAL_Driver/Src/stm32h5xx_hal_xspi.c:2284:19:HAL_XSPI_UnRegisterCallback	0	static
C:/Users/89336/STM32CubeIDE/workspace_1.13.1/en.x-cube-aws-h5-v1-0-0/STM32CubeExpansion_Cloud_AWS_H5_V1.0.0/Drivers/STM32H5xx_HAL_Driver/Src/stm32h5xx_hal_xspi.c:2394:19:HAL_XSPI_Abort	24	static
C:/Users/89336/STM32CubeIDE/workspace_1.13.1/en.x-cube-aws-h5-v1-0-0/STM32CubeExpansion_Cloud_AWS_H5_V1.0.0/Drivers/STM32H5xx_HAL_Driver/Src/stm32h5xx_hal_xspi.c:2466:19:HAL_XSPI_Abort_IT	8	static
C:/Users/89336/STM32CubeIDE/workspace_1.13.1/en.x-cube-aws-h5-v1-0-0/STM32CubeExpansion_Cloud_AWS_H5_V1.0.0/Drivers/STM32H5xx_HAL_Driver/Src/stm32h5xx_hal_xspi.c:2889:13:XSPI_DMAError	8	static
C:/Users/89336/STM32CubeIDE/workspace_1.13.1/en.x-cube-aws-h5-v1-0-0/STM32CubeExpansion_Cloud_AWS_H5_V1.0.0/Drivers/STM32H5xx_HAL_Driver/Src/stm32h5xx_hal_xspi.c:2554:19:HAL_XSPI_SetFifoThreshold	0	static
C:/Users/89336/STM32CubeIDE/workspace_1.13.1/en.x-cube-aws-h5-v1-0-0/STM32CubeExpansion_Cloud_AWS_H5_V1.0.0/Drivers/STM32H5xx_HAL_Driver/Src/stm32h5xx_hal_xspi.c:2583:10:HAL_XSPI_GetFifoThreshold	0	static
C:/Users/89336/STM32CubeIDE/workspace_1.13.1/en.x-cube-aws-h5-v1-0-0/STM32CubeExpansion_Cloud_AWS_H5_V1.0.0/Drivers/STM32H5xx_HAL_Driver/Src/stm32h5xx_hal_xspi.c:2593:19:HAL_XSPI_SetMemoryType	0	static
C:/Users/89336/STM32CubeIDE/workspace_1.13.1/en.x-cube-aws-h5-v1-0-0/STM32CubeExpansion_Cloud_AWS_H5_V1.0.0/Drivers/STM32H5xx_HAL_Driver/Src/stm32h5xx_hal_xspi.c:2622:19:HAL_XSPI_SetDeviceSize	0	static
C:/Users/89336/STM32CubeIDE/workspace_1.13.1/en.x-cube-aws-h5-v1-0-0/STM32CubeExpansion_Cloud_AWS_H5_V1.0.0/Drivers/STM32H5xx_HAL_Driver/Src/stm32h5xx_hal_xspi.c:2652:19:HAL_XSPI_SetClockPrescaler	0	static
C:/Users/89336/STM32CubeIDE/workspace_1.13.1/en.x-cube-aws-h5-v1-0-0/STM32CubeExpansion_Cloud_AWS_H5_V1.0.0/Drivers/STM32H5xx_HAL_Driver/Src/stm32h5xx_hal_xspi.c:2681:19:HAL_XSPI_SetTimeout	0	static
C:/Users/89336/STM32CubeIDE/workspace_1.13.1/en.x-cube-aws-h5-v1-0-0/STM32CubeExpansion_Cloud_AWS_H5_V1.0.0/Drivers/STM32H5xx_HAL_Driver/Src/stm32h5xx_hal_xspi.c:323:19:HAL_XSPI_Init	24	static
C:/Users/89336/STM32CubeIDE/workspace_1.13.1/en.x-cube-aws-h5-v1-0-0/STM32CubeExpansion_Cloud_AWS_H5_V1.0.0/Drivers/STM32H5xx_HAL_Driver/Src/stm32h5xx_hal_xspi.c:2692:10:HAL_XSPI_GetError	0	static
C:/Users/89336/STM32CubeIDE/workspace_1.13.1/en.x-cube-aws-h5-v1-0-0/STM32CubeExpansion_Cloud_AWS_H5_V1.0.0/Drivers/STM32H5xx_HAL_Driver/Src/stm32h5xx_hal_xspi.c:2702:10:HAL_XSPI_GetState	0	static
C:/Users/89336/STM32CubeIDE/workspace_1.13.1/en.x-cube-aws-h5-v1-0-0/STM32CubeExpansion_Cloud_AWS_H5_V1.0.0/Drivers/STM32H5xx_HAL_Driver/Src/stm32h5xx_hal_xspi.c:2733:19:HAL_XSPI_DLYB_SetConfig	16	static
C:/Users/89336/STM32CubeIDE/workspace_1.13.1/en.x-cube-aws-h5-v1-0-0/STM32CubeExpansion_Cloud_AWS_H5_V1.0.0/Drivers/STM32H5xx_HAL_Driver/Src/stm32h5xx_hal_xspi.c:2772:19:HAL_XSPI_DLYB_GetConfig	8	static
C:/Users/89336/STM32CubeIDE/workspace_1.13.1/en.x-cube-aws-h5-v1-0-0/STM32CubeExpansion_Cloud_AWS_H5_V1.0.0/Drivers/STM32H5xx_HAL_Driver/Src/stm32h5xx_hal_xspi.c:2795:19:HAL_XSPI_DLYB_GetClockPeriod	16	static
