C:/Users/89336/STM32CubeIDE/workspace_1.13.1/en.x-cube-aws-h5-v1-0-0/STM32CubeExpansion_Cloud_AWS_H5_V1.0.0/Drivers/STM32H5xx_HAL_Driver/Src/stm32h5xx_hal_dcache.c:282:13:HAL_DCACHE_MspInit	0	static
C:/Users/89336/STM32CubeIDE/workspace_1.13.1/en.x-cube-aws-h5-v1-0-0/STM32CubeExpansion_Cloud_AWS_H5_V1.0.0/Drivers/STM32H5xx_HAL_Driver/Src/stm32h5xx_hal_dcache.c:298:13:HAL_DCACHE_MspDeInit	0	static
C:/Users/89336/STM32CubeIDE/workspace_1.13.1/en.x-cube-aws-h5-v1-0-0/STM32CubeExpansion_Cloud_AWS_H5_V1.0.0/Drivers/STM32H5xx_HAL_Driver/Src/stm32h5xx_hal_dcache.c:1246:13:HAL_DCACHE_CleanByAddrCallback	0	static
C:/Users/89336/STM32CubeIDE/workspace_1.13.1/en.x-cube-aws-h5-v1-0-0/STM32CubeExpansion_Cloud_AWS_H5_V1.0.0/Drivers/STM32H5xx_HAL_Driver/Src/stm32h5xx_hal_dcache.c:1262:13:HAL_DCACHE_InvalidateByAddrCallback	0	static
C:/Users/89336/STM32CubeIDE/workspace_1.13.1/en.x-cube-aws-h5-v1-0-0/STM32CubeExpansion_Cloud_AWS_H5_V1.0.0/Drivers/STM32H5xx_HAL_Driver/Src/stm32h5xx_hal_dcache.c:1278:13:HAL_DCACHE_CleanAndInvalidateByAddrCallback	0	static
C:/Users/89336/STM32CubeIDE/workspace_1.13.1/en.x-cube-aws-h5-v1-0-0/STM32CubeExpansion_Cloud_AWS_H5_V1.0.0/Drivers/STM32H5xx_HAL_Driver/Src/stm32h5xx_hal_dcache.c:1294:13:HAL_DCACHE_InvalidateCompleteCallback	0	static
C:/Users/89336/STM32CubeIDE/workspace_1.13.1/en.x-cube-aws-h5-v1-0-0/STM32CubeExpansion_Cloud_AWS_H5_V1.0.0/Drivers/STM32H5xx_HAL_Driver/Src/stm32h5xx_hal_dcache.c:1310:13:HAL_DCACHE_ErrorCallback	0	static
C:/Users/89336/STM32CubeIDE/workspace_1.13.1/en.x-cube-aws-h5-v1-0-0/STM32CubeExpansion_Cloud_AWS_H5_V1.0.0/Drivers/STM32H5xx_HAL_Driver/Src/stm32h5xx_hal_dcache.c:1384:26:DCACHE_CommandByAddr	16	static
C:/Users/89336/STM32CubeIDE/workspace_1.13.1/en.x-cube-aws-h5-v1-0-0/STM32CubeExpansion_Cloud_AWS_H5_V1.0.0/Drivers/STM32H5xx_HAL_Driver/Src/stm32h5xx_hal_dcache.c:346:19:HAL_DCACHE_Enable	0	static
C:/Users/89336/STM32CubeIDE/workspace_1.13.1/en.x-cube-aws-h5-v1-0-0/STM32CubeExpansion_Cloud_AWS_H5_V1.0.0/Drivers/STM32H5xx_HAL_Driver/Src/stm32h5xx_hal_dcache.c:181:20:HAL_DCACHE_Init	8	static
C:/Users/89336/STM32CubeIDE/workspace_1.13.1/en.x-cube-aws-h5-v1-0-0/STM32CubeExpansion_Cloud_AWS_H5_V1.0.0/Drivers/STM32H5xx_HAL_Driver/Src/stm32h5xx_hal_dcache.c:442:10:HAL_DCACHE_IsEnabled	0	static
C:/Users/89336/STM32CubeIDE/workspace_1.13.1/en.x-cube-aws-h5-v1-0-0/STM32CubeExpansion_Cloud_AWS_H5_V1.0.0/Drivers/STM32H5xx_HAL_Driver/Src/stm32h5xx_hal_dcache.c:383:19:HAL_DCACHE_Disable	16	static
C:/Users/89336/STM32CubeIDE/workspace_1.13.1/en.x-cube-aws-h5-v1-0-0/STM32CubeExpansion_Cloud_AWS_H5_V1.0.0/Drivers/STM32H5xx_HAL_Driver/Src/stm32h5xx_hal_dcache.c:455:19:HAL_DCACHE_SetReadBurstType	16	static
C:/Users/89336/STM32CubeIDE/workspace_1.13.1/en.x-cube-aws-h5-v1-0-0/STM32CubeExpansion_Cloud_AWS_H5_V1.0.0/Drivers/STM32H5xx_HAL_Driver/Src/stm32h5xx_hal_dcache.c:494:19:HAL_DCACHE_Invalidate	16	static
C:/Users/89336/STM32CubeIDE/workspace_1.13.1/en.x-cube-aws-h5-v1-0-0/STM32CubeExpansion_Cloud_AWS_H5_V1.0.0/Drivers/STM32H5xx_HAL_Driver/Src/stm32h5xx_hal_dcache.c:567:19:HAL_DCACHE_InvalidateByAddr	16	static
C:/Users/89336/STM32CubeIDE/workspace_1.13.1/en.x-cube-aws-h5-v1-0-0/STM32CubeExpansion_Cloud_AWS_H5_V1.0.0/Drivers/STM32H5xx_HAL_Driver/Src/stm32h5xx_hal_dcache.c:596:19:HAL_DCACHE_CleanByAddr	16	static
C:/Users/89336/STM32CubeIDE/workspace_1.13.1/en.x-cube-aws-h5-v1-0-0/STM32CubeExpansion_Cloud_AWS_H5_V1.0.0/Drivers/STM32H5xx_HAL_Driver/Src/stm32h5xx_hal_dcache.c:624:19:HAL_DCACHE_CleanInvalidByAddr	16	static
C:/Users/89336/STM32CubeIDE/workspace_1.13.1/en.x-cube-aws-h5-v1-0-0/STM32CubeExpansion_Cloud_AWS_H5_V1.0.0/Drivers/STM32H5xx_HAL_Driver/Src/stm32h5xx_hal_dcache.c:653:19:HAL_DCACHE_Invalidate_IT	0	static
C:/Users/89336/STM32CubeIDE/workspace_1.13.1/en.x-cube-aws-h5-v1-0-0/STM32CubeExpansion_Cloud_AWS_H5_V1.0.0/Drivers/STM32H5xx_HAL_Driver/Src/stm32h5xx_hal_dcache.c:707:19:HAL_DCACHE_InvalidateByAddr_IT	16	static
C:/Users/89336/STM32CubeIDE/workspace_1.13.1/en.x-cube-aws-h5-v1-0-0/STM32CubeExpansion_Cloud_AWS_H5_V1.0.0/Drivers/STM32H5xx_HAL_Driver/Src/stm32h5xx_hal_dcache.c:738:19:HAL_DCACHE_CleanByAddr_IT	16	static
C:/Users/89336/STM32CubeIDE/workspace_1.13.1/en.x-cube-aws-h5-v1-0-0/STM32CubeExpansion_Cloud_AWS_H5_V1.0.0/Drivers/STM32H5xx_HAL_Driver/Src/stm32h5xx_hal_dcache.c:769:19:HAL_DCACHE_CleanInvalidByAddr_IT	16	static
C:/Users/89336/STM32CubeIDE/workspace_1.13.1/en.x-cube-aws-h5-v1-0-0/STM32CubeExpansion_Cloud_AWS_H5_V1.0.0/Drivers/STM32H5xx_HAL_Driver/Src/stm32h5xx_hal_dcache.c:802:19:HAL_DCACHE_Monitor_Start	0	static
C:/Users/89336/STM32CubeIDE/workspace_1.13.1/en.x-cube-aws-h5-v1-0-0/STM32CubeExpansion_Cloud_AWS_H5_V1.0.0/Drivers/STM32H5xx_HAL_Driver/Src/stm32h5xx_hal_dcache.c:833:19:HAL_DCACHE_Monitor_Stop	0	static
C:/Users/89336/STM32CubeIDE/workspace_1.13.1/en.x-cube-aws-h5-v1-0-0/STM32CubeExpansion_Cloud_AWS_H5_V1.0.0/Drivers/STM32H5xx_HAL_Driver/Src/stm32h5xx_hal_dcache.c:863:19:HAL_DCACHE_Monitor_Reset	0	static
C:/Users/89336/STM32CubeIDE/workspace_1.13.1/en.x-cube-aws-h5-v1-0-0/STM32CubeExpansion_Cloud_AWS_H5_V1.0.0/Drivers/STM32H5xx_HAL_Driver/Src/stm32h5xx_hal_dcache.c:234:19:HAL_DCACHE_DeInit	16	static
C:/Users/89336/STM32CubeIDE/workspace_1.13.1/en.x-cube-aws-h5-v1-0-0/STM32CubeExpansion_Cloud_AWS_H5_V1.0.0/Drivers/STM32H5xx_HAL_Driver/Src/stm32h5xx_hal_dcache.c:889:10:HAL_DCACHE_Monitor_GetReadHitValue	0	static
C:/Users/89336/STM32CubeIDE/workspace_1.13.1/en.x-cube-aws-h5-v1-0-0/STM32CubeExpansion_Cloud_AWS_H5_V1.0.0/Drivers/STM32H5xx_HAL_Driver/Src/stm32h5xx_hal_dcache.c:905:10:HAL_DCACHE_Monitor_GetReadMissValue	0	static
C:/Users/89336/STM32CubeIDE/workspace_1.13.1/en.x-cube-aws-h5-v1-0-0/STM32CubeExpansion_Cloud_AWS_H5_V1.0.0/Drivers/STM32H5xx_HAL_Driver/Src/stm32h5xx_hal_dcache.c:921:10:HAL_DCACHE_Monitor_GetWriteHitValue	0	static
C:/Users/89336/STM32CubeIDE/workspace_1.13.1/en.x-cube-aws-h5-v1-0-0/STM32CubeExpansion_Cloud_AWS_H5_V1.0.0/Drivers/STM32H5xx_HAL_Driver/Src/stm32h5xx_hal_dcache.c:937:10:HAL_DCACHE_Monitor_GetWriteMissValue	0	static
C:/Users/89336/STM32CubeIDE/workspace_1.13.1/en.x-cube-aws-h5-v1-0-0/STM32CubeExpansion_Cloud_AWS_H5_V1.0.0/Drivers/STM32H5xx_HAL_Driver/Src/stm32h5xx_hal_dcache.c:953:6:HAL_DCACHE_IRQHandler	8	static
C:/Users/89336/STM32CubeIDE/workspace_1.13.1/en.x-cube-aws-h5-v1-0-0/STM32CubeExpansion_Cloud_AWS_H5_V1.0.0/Drivers/STM32H5xx_HAL_Driver/Src/stm32h5xx_hal_dcache.c:1037:19:HAL_DCACHE_RegisterCallback	4	static
C:/Users/89336/STM32CubeIDE/workspace_1.13.1/en.x-cube-aws-h5-v1-0-0/STM32CubeExpansion_Cloud_AWS_H5_V1.0.0/Drivers/STM32H5xx_HAL_Driver/Src/stm32h5xx_hal_dcache.c:1147:19:HAL_DCACHE_UnRegisterCallback	0	static
C:/Users/89336/STM32CubeIDE/workspace_1.13.1/en.x-cube-aws-h5-v1-0-0/STM32CubeExpansion_Cloud_AWS_H5_V1.0.0/Drivers/STM32H5xx_HAL_Driver/Src/stm32h5xx_hal_dcache.c:1344:25:HAL_DCACHE_GetState	0	static
C:/Users/89336/STM32CubeIDE/workspace_1.13.1/en.x-cube-aws-h5-v1-0-0/STM32CubeExpansion_Cloud_AWS_H5_V1.0.0/Drivers/STM32H5xx_HAL_Driver/Src/stm32h5xx_hal_dcache.c:1356:10:HAL_DCACHE_GetError	0	static
