C:/Users/89336/STM32CubeIDE/workspace_1.13.1/en.x-cube-aws-h5-v1-0-0/STM32CubeExpansion_Cloud_AWS_H5_V1.0.0/Drivers/STM32H5xx_HAL_Driver/Src/stm32h5xx_hal_pwr.c:94:6:HAL_PWR_DeInit	0	static
C:/Users/89336/STM32CubeIDE/workspace_1.13.1/en.x-cube-aws-h5-v1-0-0/STM32CubeExpansion_Cloud_AWS_H5_V1.0.0/Drivers/STM32H5xx_HAL_Driver/Src/stm32h5xx_hal_pwr.c:106:6:HAL_PWR_EnableBkUpAccess	0	static
C:/Users/89336/STM32CubeIDE/workspace_1.13.1/en.x-cube-aws-h5-v1-0-0/STM32CubeExpansion_Cloud_AWS_H5_V1.0.0/Drivers/STM32H5xx_HAL_Driver/Src/stm32h5xx_hal_pwr.c:117:6:HAL_PWR_DisableBkUpAccess	0	static
C:/Users/89336/STM32CubeIDE/workspace_1.13.1/en.x-cube-aws-h5-v1-0-0/STM32CubeExpansion_Cloud_AWS_H5_V1.0.0/Drivers/STM32H5xx_HAL_Driver/Src/stm32h5xx_hal_pwr.c:144:19:HAL_PWR_ConfigPVD	0	static
C:/Users/89336/STM32CubeIDE/workspace_1.13.1/en.x-cube-aws-h5-v1-0-0/STM32CubeExpansion_Cloud_AWS_H5_V1.0.0/Drivers/STM32H5xx_HAL_Driver/Src/stm32h5xx_hal_pwr.c:190:6:HAL_PWR_EnablePVD	0	static
C:/Users/89336/STM32CubeIDE/workspace_1.13.1/en.x-cube-aws-h5-v1-0-0/STM32CubeExpansion_Cloud_AWS_H5_V1.0.0/Drivers/STM32H5xx_HAL_Driver/Src/stm32h5xx_hal_pwr.c:199:6:HAL_PWR_DisablePVD	0	static
C:/Users/89336/STM32CubeIDE/workspace_1.13.1/en.x-cube-aws-h5-v1-0-0/STM32CubeExpansion_Cloud_AWS_H5_V1.0.0/Drivers/STM32H5xx_HAL_Driver/Src/stm32h5xx_hal_pwr.c:226:6:HAL_PWR_EnableWakeUpPin	0	static
C:/Users/89336/STM32CubeIDE/workspace_1.13.1/en.x-cube-aws-h5-v1-0-0/STM32CubeExpansion_Cloud_AWS_H5_V1.0.0/Drivers/STM32H5xx_HAL_Driver/Src/stm32h5xx_hal_pwr.c:258:6:HAL_PWR_DisableWakeUpPin	0	static
C:/Users/89336/STM32CubeIDE/workspace_1.13.1/en.x-cube-aws-h5-v1-0-0/STM32CubeExpansion_Cloud_AWS_H5_V1.0.0/Drivers/STM32H5xx_HAL_Driver/Src/stm32h5xx_hal_pwr.c:291:6:HAL_PWR_EnterSLEEPMode	0	static,ignoring_inline_asm
C:/Users/89336/STM32CubeIDE/workspace_1.13.1/en.x-cube-aws-h5-v1-0-0/STM32CubeExpansion_Cloud_AWS_H5_V1.0.0/Drivers/STM32H5xx_HAL_Driver/Src/stm32h5xx_hal_pwr.c:345:6:HAL_PWR_EnterSTOPMode	0	static,ignoring_inline_asm
C:/Users/89336/STM32CubeIDE/workspace_1.13.1/en.x-cube-aws-h5-v1-0-0/STM32CubeExpansion_Cloud_AWS_H5_V1.0.0/Drivers/STM32H5xx_HAL_Driver/Src/stm32h5xx_hal_pwr.c:387:6:HAL_PWR_EnterSTANDBYMode	0	static,ignoring_inline_asm
C:/Users/89336/STM32CubeIDE/workspace_1.13.1/en.x-cube-aws-h5-v1-0-0/STM32CubeExpansion_Cloud_AWS_H5_V1.0.0/Drivers/STM32H5xx_HAL_Driver/Src/stm32h5xx_hal_pwr.c:413:6:HAL_PWR_EnableSleepOnExit	0	static
C:/Users/89336/STM32CubeIDE/workspace_1.13.1/en.x-cube-aws-h5-v1-0-0/STM32CubeExpansion_Cloud_AWS_H5_V1.0.0/Drivers/STM32H5xx_HAL_Driver/Src/stm32h5xx_hal_pwr.c:426:6:HAL_PWR_DisableSleepOnExit	0	static
C:/Users/89336/STM32CubeIDE/workspace_1.13.1/en.x-cube-aws-h5-v1-0-0/STM32CubeExpansion_Cloud_AWS_H5_V1.0.0/Drivers/STM32H5xx_HAL_Driver/Src/stm32h5xx_hal_pwr.c:439:6:HAL_PWR_EnableSEVOnPend	0	static
C:/Users/89336/STM32CubeIDE/workspace_1.13.1/en.x-cube-aws-h5-v1-0-0/STM32CubeExpansion_Cloud_AWS_H5_V1.0.0/Drivers/STM32H5xx_HAL_Driver/Src/stm32h5xx_hal_pwr.c:451:6:HAL_PWR_DisableSEVOnPend	0	static
C:/Users/89336/STM32CubeIDE/workspace_1.13.1/en.x-cube-aws-h5-v1-0-0/STM32CubeExpansion_Cloud_AWS_H5_V1.0.0/Drivers/STM32H5xx_HAL_Driver/Src/stm32h5xx_hal_pwr.c:490:13:HAL_PWR_PVDCallback	0	static
C:/Users/89336/STM32CubeIDE/workspace_1.13.1/en.x-cube-aws-h5-v1-0-0/STM32CubeExpansion_Cloud_AWS_H5_V1.0.0/Drivers/STM32H5xx_HAL_Driver/Src/stm32h5xx_hal_pwr.c:465:6:HAL_PWR_PVD_IRQHandler	8	static
C:/Users/89336/STM32CubeIDE/workspace_1.13.1/en.x-cube-aws-h5-v1-0-0/STM32CubeExpansion_Cloud_AWS_H5_V1.0.0/Drivers/STM32H5xx_HAL_Driver/Src/stm32h5xx_hal_pwr.c:526:6:HAL_PWR_ConfigAttributes	0	static
C:/Users/89336/STM32CubeIDE/workspace_1.13.1/en.x-cube-aws-h5-v1-0-0/STM32CubeExpansion_Cloud_AWS_H5_V1.0.0/Drivers/STM32H5xx_HAL_Driver/Src/stm32h5xx_hal_pwr.c:609:19:HAL_PWR_GetConfigAttributes	0	static
