C:/Users/89336/STM32CubeIDE/workspace_1.13.1/en.x-cube-aws-h5-v1-0-0/STM32CubeExpansion_Cloud_AWS_H5_V1.0.0/Drivers/STM32H5xx_HAL_Driver/Src/stm32h5xx_hal_rcc_ex.c:6104:26:RCCEx_PLL2_Config	16	static
C:/Users/89336/STM32CubeIDE/workspace_1.13.1/en.x-cube-aws-h5-v1-0-0/STM32CubeExpansion_Cloud_AWS_H5_V1.0.0/Drivers/STM32H5xx_HAL_Driver/Src/stm32h5xx_hal_rcc_ex.c:6186:26:RCCEx_PLL3_Config	16	static
C:/Users/89336/STM32CubeIDE/workspace_1.13.1/en.x-cube-aws-h5-v1-0-0/STM32CubeExpansion_Cloud_AWS_H5_V1.0.0/Drivers/STM32H5xx_HAL_Driver/Src/stm32h5xx_hal_rcc_ex.c:6016:26:RCCEx_PLLSource_Enable	8	static
C:/Users/89336/STM32CubeIDE/workspace_1.13.1/en.x-cube-aws-h5-v1-0-0/STM32CubeExpansion_Cloud_AWS_H5_V1.0.0/Drivers/STM32H5xx_HAL_Driver/Src/stm32h5xx_hal_rcc_ex.c:155:19:HAL_RCCEx_PeriphCLKConfig	24	static
C:/Users/89336/STM32CubeIDE/workspace_1.13.1/en.x-cube-aws-h5-v1-0-0/STM32CubeExpansion_Cloud_AWS_H5_V1.0.0/Drivers/STM32H5xx_HAL_Driver/Src/stm32h5xx_hal_rcc_ex.c:2450:6:HAL_RCCEx_GetPeriphCLKConfig	0	static
C:/Users/89336/STM32CubeIDE/workspace_1.13.1/en.x-cube-aws-h5-v1-0-0/STM32CubeExpansion_Cloud_AWS_H5_V1.0.0/Drivers/STM32H5xx_HAL_Driver/Src/stm32h5xx_hal_rcc_ex.c:2769:6:HAL_RCCEx_GetPLL1ClockFreq	12	static
C:/Users/89336/STM32CubeIDE/workspace_1.13.1/en.x-cube-aws-h5-v1-0-0/STM32CubeExpansion_Cloud_AWS_H5_V1.0.0/Drivers/STM32H5xx_HAL_Driver/Src/stm32h5xx_hal_rcc_ex.c:2906:6:HAL_RCCEx_GetPLL2ClockFreq	12	static
C:/Users/89336/STM32CubeIDE/workspace_1.13.1/en.x-cube-aws-h5-v1-0-0/STM32CubeExpansion_Cloud_AWS_H5_V1.0.0/Drivers/STM32H5xx_HAL_Driver/Src/stm32h5xx_hal_rcc_ex.c:3040:6:HAL_RCCEx_GetPLL3ClockFreq	12	static
C:/Users/89336/STM32CubeIDE/workspace_1.13.1/en.x-cube-aws-h5-v1-0-0/STM32CubeExpansion_Cloud_AWS_H5_V1.0.0/Drivers/STM32H5xx_HAL_Driver/Src/stm32h5xx_hal_rcc_ex.c:3217:10:HAL_RCCEx_GetPeriphCLKFreq	48	static
C:/Users/89336/STM32CubeIDE/workspace_1.13.1/en.x-cube-aws-h5-v1-0-0/STM32CubeExpansion_Cloud_AWS_H5_V1.0.0/Drivers/STM32H5xx_HAL_Driver/Src/stm32h5xx_hal_rcc_ex.c:5265:19:HAL_RCCEx_EnablePLL2	16	static
C:/Users/89336/STM32CubeIDE/workspace_1.13.1/en.x-cube-aws-h5-v1-0-0/STM32CubeExpansion_Cloud_AWS_H5_V1.0.0/Drivers/STM32H5xx_HAL_Driver/Src/stm32h5xx_hal_rcc_ex.c:5353:19:HAL_RCCEx_DisablePLL2	8	static
C:/Users/89336/STM32CubeIDE/workspace_1.13.1/en.x-cube-aws-h5-v1-0-0/STM32CubeExpansion_Cloud_AWS_H5_V1.0.0/Drivers/STM32H5xx_HAL_Driver/Src/stm32h5xx_hal_rcc_ex.c:5389:19:HAL_RCCEx_EnablePLL3	16	static
C:/Users/89336/STM32CubeIDE/workspace_1.13.1/en.x-cube-aws-h5-v1-0-0/STM32CubeExpansion_Cloud_AWS_H5_V1.0.0/Drivers/STM32H5xx_HAL_Driver/Src/stm32h5xx_hal_rcc_ex.c:5478:19:HAL_RCCEx_DisablePLL3	8	static
C:/Users/89336/STM32CubeIDE/workspace_1.13.1/en.x-cube-aws-h5-v1-0-0/STM32CubeExpansion_Cloud_AWS_H5_V1.0.0/Drivers/STM32H5xx_HAL_Driver/Src/stm32h5xx_hal_rcc_ex.c:5517:6:HAL_RCCEx_WakeUpStopCLKConfig	0	static
C:/Users/89336/STM32CubeIDE/workspace_1.13.1/en.x-cube-aws-h5-v1-0-0/STM32CubeExpansion_Cloud_AWS_H5_V1.0.0/Drivers/STM32H5xx_HAL_Driver/Src/stm32h5xx_hal_rcc_ex.c:5532:6:HAL_RCCEx_KerWakeUpStopCLKConfig	0	static
C:/Users/89336/STM32CubeIDE/workspace_1.13.1/en.x-cube-aws-h5-v1-0-0/STM32CubeExpansion_Cloud_AWS_H5_V1.0.0/Drivers/STM32H5xx_HAL_Driver/Src/stm32h5xx_hal_rcc_ex.c:5546:6:HAL_RCCEx_EnableLSECSS	0	static
C:/Users/89336/STM32CubeIDE/workspace_1.13.1/en.x-cube-aws-h5-v1-0-0/STM32CubeExpansion_Cloud_AWS_H5_V1.0.0/Drivers/STM32H5xx_HAL_Driver/Src/stm32h5xx_hal_rcc_ex.c:5556:6:HAL_RCCEx_DisableLSECSS	0	static
C:/Users/89336/STM32CubeIDE/workspace_1.13.1/en.x-cube-aws-h5-v1-0-0/STM32CubeExpansion_Cloud_AWS_H5_V1.0.0/Drivers/STM32H5xx_HAL_Driver/Src/stm32h5xx_hal_rcc_ex.c:5578:13:HAL_RCCEx_LSECSS_Callback	0	static
C:/Users/89336/STM32CubeIDE/workspace_1.13.1/en.x-cube-aws-h5-v1-0-0/STM32CubeExpansion_Cloud_AWS_H5_V1.0.0/Drivers/STM32H5xx_HAL_Driver/Src/stm32h5xx_hal_rcc_ex.c:5565:6:HAL_RCCEx_LSECSS_IRQHandler	8	static
C:/Users/89336/STM32CubeIDE/workspace_1.13.1/en.x-cube-aws-h5-v1-0-0/STM32CubeExpansion_Cloud_AWS_H5_V1.0.0/Drivers/STM32H5xx_HAL_Driver/Src/stm32h5xx_hal_rcc_ex.c:5593:6:HAL_RCCEx_EnableLSCO	8	static
C:/Users/89336/STM32CubeIDE/workspace_1.13.1/en.x-cube-aws-h5-v1-0-0/STM32CubeExpansion_Cloud_AWS_H5_V1.0.0/Drivers/STM32H5xx_HAL_Driver/Src/stm32h5xx_hal_rcc_ex.c:5619:6:HAL_RCCEx_DisableLSCO	8	static
C:/Users/89336/STM32CubeIDE/workspace_1.13.1/en.x-cube-aws-h5-v1-0-0/STM32CubeExpansion_Cloud_AWS_H5_V1.0.0/Drivers/STM32H5xx_HAL_Driver/Src/stm32h5xx_hal_rcc_ex.c:5716:6:HAL_RCCEx_CRSConfig	0	static
C:/Users/89336/STM32CubeIDE/workspace_1.13.1/en.x-cube-aws-h5-v1-0-0/STM32CubeExpansion_Cloud_AWS_H5_V1.0.0/Drivers/STM32H5xx_HAL_Driver/Src/stm32h5xx_hal_rcc_ex.c:5758:6:HAL_RCCEx_CRSSoftwareSynchronizationGenerate	0	static
C:/Users/89336/STM32CubeIDE/workspace_1.13.1/en.x-cube-aws-h5-v1-0-0/STM32CubeExpansion_Cloud_AWS_H5_V1.0.0/Drivers/STM32H5xx_HAL_Driver/Src/stm32h5xx_hal_rcc_ex.c:5768:6:HAL_RCCEx_CRSGetSynchronizationInfo	0	static
C:/Users/89336/STM32CubeIDE/workspace_1.13.1/en.x-cube-aws-h5-v1-0-0/STM32CubeExpansion_Cloud_AWS_H5_V1.0.0/Drivers/STM32H5xx_HAL_Driver/Src/stm32h5xx_hal_rcc_ex.c:5801:10:HAL_RCCEx_CRSWaitSynchronization	16	static
C:/Users/89336/STM32CubeIDE/workspace_1.13.1/en.x-cube-aws-h5-v1-0-0/STM32CubeExpansion_Cloud_AWS_H5_V1.0.0/Drivers/STM32H5xx_HAL_Driver/Src/stm32h5xx_hal_rcc_ex.c:5949:13:HAL_RCCEx_CRS_SyncOkCallback	0	static
C:/Users/89336/STM32CubeIDE/workspace_1.13.1/en.x-cube-aws-h5-v1-0-0/STM32CubeExpansion_Cloud_AWS_H5_V1.0.0/Drivers/STM32H5xx_HAL_Driver/Src/stm32h5xx_hal_rcc_ex.c:5960:13:HAL_RCCEx_CRS_SyncWarnCallback	0	static
C:/Users/89336/STM32CubeIDE/workspace_1.13.1/en.x-cube-aws-h5-v1-0-0/STM32CubeExpansion_Cloud_AWS_H5_V1.0.0/Drivers/STM32H5xx_HAL_Driver/Src/stm32h5xx_hal_rcc_ex.c:5971:13:HAL_RCCEx_CRS_ExpectedSyncCallback	0	static
C:/Users/89336/STM32CubeIDE/workspace_1.13.1/en.x-cube-aws-h5-v1-0-0/STM32CubeExpansion_Cloud_AWS_H5_V1.0.0/Drivers/STM32H5xx_HAL_Driver/Src/stm32h5xx_hal_rcc_ex.c:5987:13:HAL_RCCEx_CRS_ErrorCallback	0	static
C:/Users/89336/STM32CubeIDE/workspace_1.13.1/en.x-cube-aws-h5-v1-0-0/STM32CubeExpansion_Cloud_AWS_H5_V1.0.0/Drivers/STM32H5xx_HAL_Driver/Src/stm32h5xx_hal_rcc_ex.c:5884:6:HAL_RCCEx_CRS_IRQHandler	8	static
