C:/Users/89336/STM32CubeIDE/workspace_1.13.1/en.x-cube-aws-h5-v1-0-0/STM32CubeExpansion_Cloud_AWS_H5_V1.0.0/Middleware/FreeRTOS/coreMQTT-Agent/source/core_mqtt_agent.c:649:29:getAgentFromMQTTContext	280	static
C:/Users/89336/STM32CubeIDE/workspace_1.13.1/en.x-cube-aws-h5-v1-0-0/STM32CubeExpansion_Cloud_AWS_H5_V1.0.0/Middleware/FreeRTOS/coreMQTT-Agent/source/core_mqtt_agent.c:906:13:validateStruct	16	static
C:/Users/89336/STM32CubeIDE/workspace_1.13.1/en.x-cube-aws-h5-v1-0-0/STM32CubeExpansion_Cloud_AWS_H5_V1.0.0/Middleware/FreeRTOS/coreMQTT-Agent/source/core_mqtt_agent.c:394:29:getAwaitingOperation	16	static
C:/Users/89336/STM32CubeIDE/workspace_1.13.1/en.x-cube-aws-h5-v1-0-0/STM32CubeExpansion_Cloud_AWS_H5_V1.0.0/Middleware/FreeRTOS/coreMQTT-Agent/source/core_mqtt_agent.c:790:13:concludeCommand	32	static
C:/Users/89336/STM32CubeIDE/workspace_1.13.1/en.x-cube-aws-h5-v1-0-0/STM32CubeExpansion_Cloud_AWS_H5_V1.0.0/Middleware/FreeRTOS/coreMQTT-Agent/source/core_mqtt_agent.c:624:13:handleAcks	8	static
C:/Users/89336/STM32CubeIDE/workspace_1.13.1/en.x-cube-aws-h5-v1-0-0/STM32CubeExpansion_Cloud_AWS_H5_V1.0.0/Middleware/FreeRTOS/coreMQTT-Agent/source/core_mqtt_agent.c:659:13:mqttEventCallback	32	static
C:/Users/89336/STM32CubeIDE/workspace_1.13.1/en.x-cube-aws-h5-v1-0-0/STM32CubeExpansion_Cloud_AWS_H5_V1.0.0/Middleware/FreeRTOS/coreMQTT-Agent/source/core_mqtt_agent.c:326:21:addAwaitingOperation	24	static
C:/Users/89336/STM32CubeIDE/workspace_1.13.1/en.x-cube-aws-h5-v1-0-0/STM32CubeExpansion_Cloud_AWS_H5_V1.0.0/Middleware/FreeRTOS/coreMQTT-Agent/source/core_mqtt_agent.c:866:13:clearPendingAcknowledgments	32	static
C:/Users/89336/STM32CubeIDE/workspace_1.13.1/en.x-cube-aws-h5-v1-0-0/STM32CubeExpansion_Cloud_AWS_H5_V1.0.0/Middleware/FreeRTOS/coreMQTT-Agent/source/core_mqtt_agent.c:936:13:validateParams	8	static
C:/Users/89336/STM32CubeIDE/workspace_1.13.1/en.x-cube-aws-h5-v1-0-0/STM32CubeExpansion_Cloud_AWS_H5_V1.0.0/Middleware/FreeRTOS/coreMQTT-Agent/source/core_mqtt_agent.c:299:13:isSpaceInPendingAckList	8	static
C:/Users/89336/STM32CubeIDE/workspace_1.13.1/en.x-cube-aws-h5-v1-0-0/STM32CubeExpansion_Cloud_AWS_H5_V1.0.0/Middleware/FreeRTOS/coreMQTT-Agent/source/core_mqtt_agent.c:435:21:createCommand	32	static
C:/Users/89336/STM32CubeIDE/workspace_1.13.1/en.x-cube-aws-h5-v1-0-0/STM32CubeExpansion_Cloud_AWS_H5_V1.0.0/Middleware/FreeRTOS/coreMQTT-Agent/source/core_mqtt_agent.c:526:21:addCommandToQueue	16	static
C:/Users/89336/STM32CubeIDE/workspace_1.13.1/en.x-cube-aws-h5-v1-0-0/STM32CubeExpansion_Cloud_AWS_H5_V1.0.0/Middleware/FreeRTOS/coreMQTT-Agent/source/core_mqtt_agent.c:730:21:createAndAddCommand	32	static
C:/Users/89336/STM32CubeIDE/workspace_1.13.1/en.x-cube-aws-h5-v1-0-0/STM32CubeExpansion_Cloud_AWS_H5_V1.0.0/Middleware/FreeRTOS/coreMQTT-Agent/source/core_mqtt_agent.c:549:21:processCommand	72	static
C:/Users/89336/STM32CubeIDE/workspace_1.13.1/en.x-cube-aws-h5-v1-0-0/STM32CubeExpansion_Cloud_AWS_H5_V1.0.0/Middleware/FreeRTOS/coreMQTT-Agent/source/core_mqtt_agent.c:823:21:resendPublishes	40	static
C:/Users/89336/STM32CubeIDE/workspace_1.13.1/en.x-cube-aws-h5-v1-0-0/STM32CubeExpansion_Cloud_AWS_H5_V1.0.0/Middleware/FreeRTOS/coreMQTT-Agent/source/core_mqtt_agent.c:974:14:MQTTAgent_Init	32	static
C:/Users/89336/STM32CubeIDE/workspace_1.13.1/en.x-cube-aws-h5-v1-0-0/STM32CubeExpansion_Cloud_AWS_H5_V1.0.0/Middleware/FreeRTOS/coreMQTT-Agent/source/core_mqtt_agent.c:1037:14:MQTTAgent_CommandLoop	32	static
C:/Users/89336/STM32CubeIDE/workspace_1.13.1/en.x-cube-aws-h5-v1-0-0/STM32CubeExpansion_Cloud_AWS_H5_V1.0.0/Middleware/FreeRTOS/coreMQTT-Agent/source/core_mqtt_agent.c:1079:14:MQTTAgent_ResumeSession	8	static
C:/Users/89336/STM32CubeIDE/workspace_1.13.1/en.x-cube-aws-h5-v1-0-0/STM32CubeExpansion_Cloud_AWS_H5_V1.0.0/Middleware/FreeRTOS/coreMQTT-Agent/source/core_mqtt_agent.c:1122:14:MQTTAgent_CancelAll	32	static
C:/Users/89336/STM32CubeIDE/workspace_1.13.1/en.x-cube-aws-h5-v1-0-0/STM32CubeExpansion_Cloud_AWS_H5_V1.0.0/Middleware/FreeRTOS/coreMQTT-Agent/source/core_mqtt_agent.c:1171:14:MQTTAgent_Subscribe	24	static
C:/Users/89336/STM32CubeIDE/workspace_1.13.1/en.x-cube-aws-h5-v1-0-0/STM32CubeExpansion_Cloud_AWS_H5_V1.0.0/Middleware/FreeRTOS/coreMQTT-Agent/source/core_mqtt_agent.c:1196:14:MQTTAgent_Unsubscribe	24	static
C:/Users/89336/STM32CubeIDE/workspace_1.13.1/en.x-cube-aws-h5-v1-0-0/STM32CubeExpansion_Cloud_AWS_H5_V1.0.0/Middleware/FreeRTOS/coreMQTT-Agent/source/core_mqtt_agent.c:1221:14:MQTTAgent_Publish	24	static
C:/Users/89336/STM32CubeIDE/workspace_1.13.1/en.x-cube-aws-h5-v1-0-0/STM32CubeExpansion_Cloud_AWS_H5_V1.0.0/Middleware/FreeRTOS/coreMQTT-Agent/source/core_mqtt_agent.c:1246:14:MQTTAgent_ProcessLoop	24	static
C:/Users/89336/STM32CubeIDE/workspace_1.13.1/en.x-cube-aws-h5-v1-0-0/STM32CubeExpansion_Cloud_AWS_H5_V1.0.0/Middleware/FreeRTOS/coreMQTT-Agent/source/core_mqtt_agent.c:1269:14:MQTTAgent_Connect	24	static
C:/Users/89336/STM32CubeIDE/workspace_1.13.1/en.x-cube-aws-h5-v1-0-0/STM32CubeExpansion_Cloud_AWS_H5_V1.0.0/Middleware/FreeRTOS/coreMQTT-Agent/source/core_mqtt_agent.c:1294:14:MQTTAgent_Disconnect	24	static
C:/Users/89336/STM32CubeIDE/workspace_1.13.1/en.x-cube-aws-h5-v1-0-0/STM32CubeExpansion_Cloud_AWS_H5_V1.0.0/Middleware/FreeRTOS/coreMQTT-Agent/source/core_mqtt_agent.c:1317:14:MQTTAgent_Ping	24	static
C:/Users/89336/STM32CubeIDE/workspace_1.13.1/en.x-cube-aws-h5-v1-0-0/STM32CubeExpansion_Cloud_AWS_H5_V1.0.0/Middleware/FreeRTOS/coreMQTT-Agent/source/core_mqtt_agent.c:1340:14:MQTTAgent_Terminate	24	static
