C:/Users/89336/STM32CubeIDE/workspace_1.13.1/STM32CubeExpansion_Cloud_AWS_H5_V1.0.0/Middlewares/ST/secure_manager_api/ipc/nonsecure/src/psa_client.c:137:13:client_memset	0	static
C:/Users/89336/STM32CubeIDE/workspace_1.13.1/STM32CubeExpansion_Cloud_AWS_H5_V1.0.0/Middlewares/ST/secure_manager_api/ipc/nonsecure/src/psa_client.c:161:13:client_memcpy	0	static
C:/Users/89336/STM32CubeIDE/workspace_1.13.1/STM32CubeExpansion_Cloud_AWS_H5_V1.0.0/Middlewares/ST/secure_manager_api/ipc/nonsecure/src/psa_client.c:181:13:get_SPM_exchange_area	40	static
C:/Users/89336/STM32CubeIDE/workspace_1.13.1/STM32CubeExpansion_Cloud_AWS_H5_V1.0.0/Middlewares/ST/secure_manager_api/ipc/nonsecure/src/psa_client.c:192:28:SPM_exchange_area_addr	8	static
C:/Users/89336/STM32CubeIDE/workspace_1.13.1/STM32CubeExpansion_Cloud_AWS_H5_V1.0.0/Middlewares/ST/secure_manager_api/ipc/nonsecure/src/psa_client.c:207:15:SPM_exchange_area_size	8	static
C:/Users/89336/STM32CubeIDE/workspace_1.13.1/STM32CubeExpansion_Cloud_AWS_H5_V1.0.0/Middlewares/ST/secure_manager_api/ipc/nonsecure/src/psa_client.c:231:21:psa_client_free_handle	0	static
C:/Users/89336/STM32CubeIDE/workspace_1.13.1/STM32CubeExpansion_Cloud_AWS_H5_V1.0.0/Middlewares/ST/secure_manager_api/ipc/nonsecure/src/psa_client.c:261:16:psa_client_check_client	0	static
C:/Users/89336/STM32CubeIDE/workspace_1.13.1/STM32CubeExpansion_Cloud_AWS_H5_V1.0.0/Middlewares/ST/secure_manager_api/ipc/nonsecure/src/psa_client.c:296:21:psa_client_check_handle	0	static
C:/Users/89336/STM32CubeIDE/workspace_1.13.1/STM32CubeExpansion_Cloud_AWS_H5_V1.0.0/Middlewares/ST/secure_manager_api/ipc/nonsecure/src/psa_client.c:332:21:psa_client_add_to_array	0	static
C:/Users/89336/STM32CubeIDE/workspace_1.13.1/STM32CubeExpansion_Cloud_AWS_H5_V1.0.0/Middlewares/ST/secure_manager_api/ipc/nonsecure/src/psa_client.c:378:17:psa_client_get_free_member	0	static
C:/Users/89336/STM32CubeIDE/workspace_1.13.1/STM32CubeExpansion_Cloud_AWS_H5_V1.0.0/Middlewares/ST/secure_manager_api/ipc/nonsecure/src/psa_client.c:414:21:psa_client_get_from_index	0	static
C:/Users/89336/STM32CubeIDE/workspace_1.13.1/STM32CubeExpansion_Cloud_AWS_H5_V1.0.0/Middlewares/ST/secure_manager_api/ipc/nonsecure/src/psa_client.c:452:13:veener_psa_init_signal	0	static
C:/Users/89336/STM32CubeIDE/workspace_1.13.1/STM32CubeExpansion_Cloud_AWS_H5_V1.0.0/Middlewares/ST/secure_manager_api/ipc/nonsecure/src/psa_client.c:464:17:veener_psa_version	0	static
C:/Users/89336/STM32CubeIDE/workspace_1.13.1/STM32CubeExpansion_Cloud_AWS_H5_V1.0.0/Middlewares/ST/secure_manager_api/ipc/nonsecure/src/psa_client.c:477:21:veener_set_verbosity_level	0	static
C:/Users/89336/STM32CubeIDE/workspace_1.13.1/STM32CubeExpansion_Cloud_AWS_H5_V1.0.0/Middlewares/ST/secure_manager_api/ipc/nonsecure/src/psa_client.c:495:21:veener_get_verbosity_level	0	static
C:/Users/89336/STM32CubeIDE/workspace_1.13.1/STM32CubeExpansion_Cloud_AWS_H5_V1.0.0/Middlewares/ST/secure_manager_api/ipc/nonsecure/src/psa_client.c:517:17:veener_psa_framework_version	0	static
C:/Users/89336/STM32CubeIDE/workspace_1.13.1/STM32CubeExpansion_Cloud_AWS_H5_V1.0.0/Middlewares/ST/secure_manager_api/ipc/nonsecure/src/psa_client.c:526:21:veener_psa_connect	24	static
C:/Users/89336/STM32CubeIDE/workspace_1.13.1/STM32CubeExpansion_Cloud_AWS_H5_V1.0.0/Middlewares/ST/secure_manager_api/ipc/nonsecure/src/psa_client.c:658:13:veener_psa_close	32	static
C:/Users/89336/STM32CubeIDE/workspace_1.13.1/STM32CubeExpansion_Cloud_AWS_H5_V1.0.0/Middlewares/ST/secure_manager_api/ipc/nonsecure/src/psa_client.c:784:21:veener_psa_call	64	static
C:/Users/89336/STM32CubeIDE/workspace_1.13.1/STM32CubeExpansion_Cloud_AWS_H5_V1.0.0/Middlewares/ST/secure_manager_api/ipc/nonsecure/src/psa_client.c:1035:10:psa_framework_version	16	static
C:/Users/89336/STM32CubeIDE/workspace_1.13.1/STM32CubeExpansion_Cloud_AWS_H5_V1.0.0/Middlewares/ST/secure_manager_api/ipc/nonsecure/src/psa_client.c:1045:10:psa_version	16	static
C:/Users/89336/STM32CubeIDE/workspace_1.13.1/STM32CubeExpansion_Cloud_AWS_H5_V1.0.0/Middlewares/ST/secure_manager_api/ipc/nonsecure/src/psa_client.c:1054:14:set_verbosity_level	16	static
C:/Users/89336/STM32CubeIDE/workspace_1.13.1/STM32CubeExpansion_Cloud_AWS_H5_V1.0.0/Middlewares/ST/secure_manager_api/ipc/nonsecure/src/psa_client.c:1065:14:get_verbosity_level	16	static
C:/Users/89336/STM32CubeIDE/workspace_1.13.1/STM32CubeExpansion_Cloud_AWS_H5_V1.0.0/Middlewares/ST/secure_manager_api/ipc/nonsecure/src/psa_client.c:1075:14:psa_connect	16	static
C:/Users/89336/STM32CubeIDE/workspace_1.13.1/STM32CubeExpansion_Cloud_AWS_H5_V1.0.0/Middlewares/ST/secure_manager_api/ipc/nonsecure/src/psa_client.c:1085:14:psa_call	16	static
C:/Users/89336/STM32CubeIDE/workspace_1.13.1/STM32CubeExpansion_Cloud_AWS_H5_V1.0.0/Middlewares/ST/secure_manager_api/ipc/nonsecure/src/psa_client.c:1106:6:psa_close	24	static
C:/Users/89336/STM32CubeIDE/workspace_1.13.1/STM32CubeExpansion_Cloud_AWS_H5_V1.0.0/Middlewares/ST/secure_manager_api/ipc/nonsecure/src/psa_client.c:1119:6:psa_init_signal	24	static
