C:/Users/89336/STM32CubeIDE/workspace_1.13.1/STM32CubeExpansion_Cloud_AWS_H5_V1.0.0/Middlewares/ST/secure_manager_api/interface/src/tfm_crypto_secure_api.c:92:14:psa_crypto_init	0	static
C:/Users/89336/STM32CubeIDE/workspace_1.13.1/STM32CubeExpansion_Cloud_AWS_H5_V1.0.0/Middlewares/ST/secure_manager_api/interface/src/tfm_crypto_secure_api.c:100:14:psa_open_key	104	static
C:/Users/89336/STM32CubeIDE/workspace_1.13.1/STM32CubeExpansion_Cloud_AWS_H5_V1.0.0/Middlewares/ST/secure_manager_api/interface/src/tfm_crypto_secure_api.c:168:14:psa_close_key	80	static
C:/Users/89336/STM32CubeIDE/workspace_1.13.1/STM32CubeExpansion_Cloud_AWS_H5_V1.0.0/Middlewares/ST/secure_manager_api/interface/src/tfm_crypto_secure_api.c:226:14:psa_import_key	112	static
C:/Users/89336/STM32CubeIDE/workspace_1.13.1/STM32CubeExpansion_Cloud_AWS_H5_V1.0.0/Middlewares/ST/secure_manager_api/interface/src/tfm_crypto_secure_api.c:298:14:psa_destroy_key	80	static
C:/Users/89336/STM32CubeIDE/workspace_1.13.1/STM32CubeExpansion_Cloud_AWS_H5_V1.0.0/Middlewares/ST/secure_manager_api/interface/src/tfm_crypto_secure_api.c:355:14:psa_get_key_attributes	88	static
C:/Users/89336/STM32CubeIDE/workspace_1.13.1/STM32CubeExpansion_Cloud_AWS_H5_V1.0.0/Middlewares/ST/secure_manager_api/interface/src/tfm_crypto_secure_api.c:416:6:psa_reset_key_attributes	88	static
C:/Users/89336/STM32CubeIDE/workspace_1.13.1/STM32CubeExpansion_Cloud_AWS_H5_V1.0.0/Middlewares/ST/secure_manager_api/interface/src/tfm_crypto_secure_api.c:472:14:psa_export_key	96	static
C:/Users/89336/STM32CubeIDE/workspace_1.13.1/STM32CubeExpansion_Cloud_AWS_H5_V1.0.0/Middlewares/ST/secure_manager_api/interface/src/tfm_crypto_secure_api.c:537:14:psa_export_public_key	96	static
C:/Users/89336/STM32CubeIDE/workspace_1.13.1/STM32CubeExpansion_Cloud_AWS_H5_V1.0.0/Middlewares/ST/secure_manager_api/interface/src/tfm_crypto_secure_api.c:602:14:psa_purge_key	80	static
C:/Users/89336/STM32CubeIDE/workspace_1.13.1/STM32CubeExpansion_Cloud_AWS_H5_V1.0.0/Middlewares/ST/secure_manager_api/interface/src/tfm_crypto_secure_api.c:659:14:psa_copy_key	104	static
C:/Users/89336/STM32CubeIDE/workspace_1.13.1/STM32CubeExpansion_Cloud_AWS_H5_V1.0.0/Middlewares/ST/secure_manager_api/interface/src/tfm_crypto_secure_api.c:729:14:psa_cipher_generate_iv	104	static
C:/Users/89336/STM32CubeIDE/workspace_1.13.1/STM32CubeExpansion_Cloud_AWS_H5_V1.0.0/Middlewares/ST/secure_manager_api/interface/src/tfm_crypto_secure_api.c:802:14:psa_cipher_set_iv	104	static
C:/Users/89336/STM32CubeIDE/workspace_1.13.1/STM32CubeExpansion_Cloud_AWS_H5_V1.0.0/Middlewares/ST/secure_manager_api/interface/src/tfm_crypto_secure_api.c:875:14:psa_cipher_encrypt_setup	96	static
C:/Users/89336/STM32CubeIDE/workspace_1.13.1/STM32CubeExpansion_Cloud_AWS_H5_V1.0.0/Middlewares/ST/secure_manager_api/interface/src/tfm_crypto_secure_api.c:943:14:psa_cipher_decrypt_setup	96	static
C:/Users/89336/STM32CubeIDE/workspace_1.13.1/STM32CubeExpansion_Cloud_AWS_H5_V1.0.0/Middlewares/ST/secure_manager_api/interface/src/tfm_crypto_secure_api.c:1011:14:psa_cipher_update	120	static
C:/Users/89336/STM32CubeIDE/workspace_1.13.1/STM32CubeExpansion_Cloud_AWS_H5_V1.0.0/Middlewares/ST/secure_manager_api/interface/src/tfm_crypto_secure_api.c:1096:14:psa_cipher_abort	88	static
C:/Users/89336/STM32CubeIDE/workspace_1.13.1/STM32CubeExpansion_Cloud_AWS_H5_V1.0.0/Middlewares/ST/secure_manager_api/interface/src/tfm_crypto_secure_api.c:1157:14:psa_cipher_finish	112	static
C:/Users/89336/STM32CubeIDE/workspace_1.13.1/STM32CubeExpansion_Cloud_AWS_H5_V1.0.0/Middlewares/ST/secure_manager_api/interface/src/tfm_crypto_secure_api.c:1246:14:psa_hash_setup	88	static
C:/Users/89336/STM32CubeIDE/workspace_1.13.1/STM32CubeExpansion_Cloud_AWS_H5_V1.0.0/Middlewares/ST/secure_manager_api/interface/src/tfm_crypto_secure_api.c:1311:14:psa_hash_update	104	static
C:/Users/89336/STM32CubeIDE/workspace_1.13.1/STM32CubeExpansion_Cloud_AWS_H5_V1.0.0/Middlewares/ST/secure_manager_api/interface/src/tfm_crypto_secure_api.c:1384:14:psa_hash_finish	104	static
C:/Users/89336/STM32CubeIDE/workspace_1.13.1/STM32CubeExpansion_Cloud_AWS_H5_V1.0.0/Middlewares/ST/secure_manager_api/interface/src/tfm_crypto_secure_api.c:1459:14:psa_hash_verify	104	static
C:/Users/89336/STM32CubeIDE/workspace_1.13.1/STM32CubeExpansion_Cloud_AWS_H5_V1.0.0/Middlewares/ST/secure_manager_api/interface/src/tfm_crypto_secure_api.c:1531:14:psa_hash_abort	88	static
C:/Users/89336/STM32CubeIDE/workspace_1.13.1/STM32CubeExpansion_Cloud_AWS_H5_V1.0.0/Middlewares/ST/secure_manager_api/interface/src/tfm_crypto_secure_api.c:1594:14:psa_hash_clone	88	static
C:/Users/89336/STM32CubeIDE/workspace_1.13.1/STM32CubeExpansion_Cloud_AWS_H5_V1.0.0/Middlewares/ST/secure_manager_api/interface/src/tfm_crypto_secure_api.c:1660:14:psa_hash_compute	104	static
C:/Users/89336/STM32CubeIDE/workspace_1.13.1/STM32CubeExpansion_Cloud_AWS_H5_V1.0.0/Middlewares/ST/secure_manager_api/interface/src/tfm_crypto_secure_api.c:1735:14:psa_hash_compare	104	static
C:/Users/89336/STM32CubeIDE/workspace_1.13.1/STM32CubeExpansion_Cloud_AWS_H5_V1.0.0/Middlewares/ST/secure_manager_api/interface/src/tfm_crypto_secure_api.c:1809:14:psa_mac_sign_setup	96	static
C:/Users/89336/STM32CubeIDE/workspace_1.13.1/STM32CubeExpansion_Cloud_AWS_H5_V1.0.0/Middlewares/ST/secure_manager_api/interface/src/tfm_crypto_secure_api.c:1878:14:psa_mac_verify_setup	96	static
C:/Users/89336/STM32CubeIDE/workspace_1.13.1/STM32CubeExpansion_Cloud_AWS_H5_V1.0.0/Middlewares/ST/secure_manager_api/interface/src/tfm_crypto_secure_api.c:1947:14:psa_mac_update	104	static
C:/Users/89336/STM32CubeIDE/workspace_1.13.1/STM32CubeExpansion_Cloud_AWS_H5_V1.0.0/Middlewares/ST/secure_manager_api/interface/src/tfm_crypto_secure_api.c:2020:14:psa_mac_sign_finish	104	static
C:/Users/89336/STM32CubeIDE/workspace_1.13.1/STM32CubeExpansion_Cloud_AWS_H5_V1.0.0/Middlewares/ST/secure_manager_api/interface/src/tfm_crypto_secure_api.c:2096:14:psa_mac_verify_finish	104	static
C:/Users/89336/STM32CubeIDE/workspace_1.13.1/STM32CubeExpansion_Cloud_AWS_H5_V1.0.0/Middlewares/ST/secure_manager_api/interface/src/tfm_crypto_secure_api.c:2167:14:psa_mac_abort	88	static
C:/Users/89336/STM32CubeIDE/workspace_1.13.1/STM32CubeExpansion_Cloud_AWS_H5_V1.0.0/Middlewares/ST/secure_manager_api/interface/src/tfm_crypto_secure_api.c:2230:14:psa_aead_encrypt	120	static
C:/Users/89336/STM32CubeIDE/workspace_1.13.1/STM32CubeExpansion_Cloud_AWS_H5_V1.0.0/Middlewares/ST/secure_manager_api/interface/src/tfm_crypto_secure_api.c:2356:14:psa_aead_decrypt	120	static
C:/Users/89336/STM32CubeIDE/workspace_1.13.1/STM32CubeExpansion_Cloud_AWS_H5_V1.0.0/Middlewares/ST/secure_manager_api/interface/src/tfm_crypto_secure_api.c:2481:14:psa_sign_message	112	static
C:/Users/89336/STM32CubeIDE/workspace_1.13.1/STM32CubeExpansion_Cloud_AWS_H5_V1.0.0/Middlewares/ST/secure_manager_api/interface/src/tfm_crypto_secure_api.c:2567:14:psa_verify_message	104	static
C:/Users/89336/STM32CubeIDE/workspace_1.13.1/STM32CubeExpansion_Cloud_AWS_H5_V1.0.0/Middlewares/ST/secure_manager_api/interface/src/tfm_crypto_secure_api.c:2644:14:psa_sign_hash	112	static
C:/Users/89336/STM32CubeIDE/workspace_1.13.1/STM32CubeExpansion_Cloud_AWS_H5_V1.0.0/Middlewares/ST/secure_manager_api/interface/src/tfm_crypto_secure_api.c:2728:14:psa_verify_hash	104	static
C:/Users/89336/STM32CubeIDE/workspace_1.13.1/STM32CubeExpansion_Cloud_AWS_H5_V1.0.0/Middlewares/ST/secure_manager_api/interface/src/tfm_crypto_secure_api.c:2804:14:psa_asymmetric_encrypt	120	static
C:/Users/89336/STM32CubeIDE/workspace_1.13.1/STM32CubeExpansion_Cloud_AWS_H5_V1.0.0/Middlewares/ST/secure_manager_api/interface/src/tfm_crypto_secure_api.c:2917:14:psa_asymmetric_decrypt	120	static
C:/Users/89336/STM32CubeIDE/workspace_1.13.1/STM32CubeExpansion_Cloud_AWS_H5_V1.0.0/Middlewares/ST/secure_manager_api/interface/src/tfm_crypto_secure_api.c:3031:14:psa_key_derivation_get_capacity	88	static
C:/Users/89336/STM32CubeIDE/workspace_1.13.1/STM32CubeExpansion_Cloud_AWS_H5_V1.0.0/Middlewares/ST/secure_manager_api/interface/src/tfm_crypto_secure_api.c:3095:14:psa_key_derivation_output_bytes	96	static
C:/Users/89336/STM32CubeIDE/workspace_1.13.1/STM32CubeExpansion_Cloud_AWS_H5_V1.0.0/Middlewares/ST/secure_manager_api/interface/src/tfm_crypto_secure_api.c:3161:14:psa_key_derivation_input_key	88	static
C:/Users/89336/STM32CubeIDE/workspace_1.13.1/STM32CubeExpansion_Cloud_AWS_H5_V1.0.0/Middlewares/ST/secure_manager_api/interface/src/tfm_crypto_secure_api.c:3226:14:psa_key_derivation_abort	88	static
C:/Users/89336/STM32CubeIDE/workspace_1.13.1/STM32CubeExpansion_Cloud_AWS_H5_V1.0.0/Middlewares/ST/secure_manager_api/interface/src/tfm_crypto_secure_api.c:3287:14:psa_key_derivation_key_agreement	104	static
C:/Users/89336/STM32CubeIDE/workspace_1.13.1/STM32CubeExpansion_Cloud_AWS_H5_V1.0.0/Middlewares/ST/secure_manager_api/interface/src/tfm_crypto_secure_api.c:3363:14:psa_generate_random	88	static
C:/Users/89336/STM32CubeIDE/workspace_1.13.1/STM32CubeExpansion_Cloud_AWS_H5_V1.0.0/Middlewares/ST/secure_manager_api/interface/src/tfm_crypto_secure_api.c:3427:14:psa_generate_key	96	static
C:/Users/89336/STM32CubeIDE/workspace_1.13.1/STM32CubeExpansion_Cloud_AWS_H5_V1.0.0/Middlewares/ST/secure_manager_api/interface/src/tfm_crypto_secure_api.c:3499:14:psa_aead_update_ad	8	static
C:/Users/89336/STM32CubeIDE/workspace_1.13.1/STM32CubeExpansion_Cloud_AWS_H5_V1.0.0/Middlewares/ST/secure_manager_api/interface/src/tfm_crypto_secure_api.c:3514:14:psa_aead_finish	8	static
C:/Users/89336/STM32CubeIDE/workspace_1.13.1/STM32CubeExpansion_Cloud_AWS_H5_V1.0.0/Middlewares/ST/secure_manager_api/interface/src/tfm_crypto_secure_api.c:3538:14:psa_aead_verify	8	static
C:/Users/89336/STM32CubeIDE/workspace_1.13.1/STM32CubeExpansion_Cloud_AWS_H5_V1.0.0/Middlewares/ST/secure_manager_api/interface/src/tfm_crypto_secure_api.c:3559:14:psa_aead_abort	8	static
C:/Users/89336/STM32CubeIDE/workspace_1.13.1/STM32CubeExpansion_Cloud_AWS_H5_V1.0.0/Middlewares/ST/secure_manager_api/interface/src/tfm_crypto_secure_api.c:3569:14:psa_mac_compute	104	static
C:/Users/89336/STM32CubeIDE/workspace_1.13.1/STM32CubeExpansion_Cloud_AWS_H5_V1.0.0/Middlewares/ST/secure_manager_api/interface/src/tfm_crypto_secure_api.c:3649:14:psa_mac_verify	104	static
C:/Users/89336/STM32CubeIDE/workspace_1.13.1/STM32CubeExpansion_Cloud_AWS_H5_V1.0.0/Middlewares/ST/secure_manager_api/interface/src/tfm_crypto_secure_api.c:3724:14:psa_cipher_encrypt	112	static
C:/Users/89336/STM32CubeIDE/workspace_1.13.1/STM32CubeExpansion_Cloud_AWS_H5_V1.0.0/Middlewares/ST/secure_manager_api/interface/src/tfm_crypto_secure_api.c:3813:14:psa_cipher_decrypt	112	static
C:/Users/89336/STM32CubeIDE/workspace_1.13.1/STM32CubeExpansion_Cloud_AWS_H5_V1.0.0/Middlewares/ST/secure_manager_api/interface/src/tfm_crypto_secure_api.c:3897:14:psa_raw_key_agreement	104	static
C:/Users/89336/STM32CubeIDE/workspace_1.13.1/STM32CubeExpansion_Cloud_AWS_H5_V1.0.0/Middlewares/ST/secure_manager_api/interface/src/tfm_crypto_secure_api.c:3977:14:psa_key_derivation_setup	88	static
C:/Users/89336/STM32CubeIDE/workspace_1.13.1/STM32CubeExpansion_Cloud_AWS_H5_V1.0.0/Middlewares/ST/secure_manager_api/interface/src/tfm_crypto_secure_api.c:4041:14:psa_key_derivation_set_capacity	80	static
C:/Users/89336/STM32CubeIDE/workspace_1.13.1/STM32CubeExpansion_Cloud_AWS_H5_V1.0.0/Middlewares/ST/secure_manager_api/interface/src/tfm_crypto_secure_api.c:4103:14:psa_key_derivation_input_bytes	96	static
C:/Users/89336/STM32CubeIDE/workspace_1.13.1/STM32CubeExpansion_Cloud_AWS_H5_V1.0.0/Middlewares/ST/secure_manager_api/interface/src/tfm_crypto_secure_api.c:4174:14:psa_key_derivation_output_key	104	static
C:/Users/89336/STM32CubeIDE/workspace_1.13.1/STM32CubeExpansion_Cloud_AWS_H5_V1.0.0/Middlewares/ST/secure_manager_api/interface/src/tfm_crypto_secure_api.c:4245:14:psa_aead_encrypt_setup	0	static
C:/Users/89336/STM32CubeIDE/workspace_1.13.1/STM32CubeExpansion_Cloud_AWS_H5_V1.0.0/Middlewares/ST/secure_manager_api/interface/src/tfm_crypto_secure_api.c:4258:14:psa_aead_decrypt_setup	0	static
C:/Users/89336/STM32CubeIDE/workspace_1.13.1/STM32CubeExpansion_Cloud_AWS_H5_V1.0.0/Middlewares/ST/secure_manager_api/interface/src/tfm_crypto_secure_api.c:4272:14:psa_aead_generate_nonce	0	static
C:/Users/89336/STM32CubeIDE/workspace_1.13.1/STM32CubeExpansion_Cloud_AWS_H5_V1.0.0/Middlewares/ST/secure_manager_api/interface/src/tfm_crypto_secure_api.c:4288:14:psa_aead_set_nonce	0	static
C:/Users/89336/STM32CubeIDE/workspace_1.13.1/STM32CubeExpansion_Cloud_AWS_H5_V1.0.0/Middlewares/ST/secure_manager_api/interface/src/tfm_crypto_secure_api.c:4302:14:psa_aead_set_lengths	0	static
C:/Users/89336/STM32CubeIDE/workspace_1.13.1/STM32CubeExpansion_Cloud_AWS_H5_V1.0.0/Middlewares/ST/secure_manager_api/interface/src/tfm_crypto_secure_api.c:4315:14:psa_aead_update	0	static
