F:/STM32_CAPSTONE/workspace/Nx_Network_Basics_wifi/Middlewares/ST/netxduo/addons/BSD/nxd_bsd.c:10305:14:nx_bsd_tcp_syn_received_notify	32	static
F:/STM32_CAPSTONE/workspace/Nx_Network_Basics_wifi/Middlewares/ST/netxduo/addons/BSD/nxd_bsd.c:14708:14:_nx_bsd_fast_periodic_timer_entry	0	static
F:/STM32_CAPSTONE/workspace/Nx_Network_Basics_wifi/Middlewares/ST/netxduo/addons/BSD/nxd_bsd.c:10691:13:nx_bsd_tcp_pending_connection	40	static
F:/STM32_CAPSTONE/workspace/Nx_Network_Basics_wifi/Middlewares/ST/netxduo/addons/BSD/nxd_bsd.c:260:6:bsd_initialize	64	static
F:/STM32_CAPSTONE/workspace/Nx_Network_Basics_wifi/Middlewares/ST/netxduo/addons/BSD/nxd_bsd.c:5557:7:bsd_number_convert	32	static
F:/STM32_CAPSTONE/workspace/Nx_Network_Basics_wifi/Middlewares/ST/netxduo/addons/BSD/nxd_bsd.c:13505:12:inet_ntoa_internal	24	static
F:/STM32_CAPSTONE/workspace/Nx_Network_Basics_wifi/Middlewares/ST/netxduo/addons/BSD/nxd_bsd.c:5493:7:inet_ntoa	16	static
F:/STM32_CAPSTONE/workspace/Nx_Network_Basics_wifi/Middlewares/ST/netxduo/addons/BSD/nxd_bsd.c:13286:13:inet_ntop.part.0	64	static
F:/STM32_CAPSTONE/workspace/Nx_Network_Basics_wifi/Middlewares/ST/netxduo/addons/BSD/nxd_bsd.c:5661:5:inet_aton	40	static
F:/STM32_CAPSTONE/workspace/Nx_Network_Basics_wifi/Middlewares/ST/netxduo/addons/BSD/nxd_bsd.c:13019:6:inet_pton.part.0	40	static
F:/STM32_CAPSTONE/workspace/Nx_Network_Basics_wifi/Middlewares/ST/netxduo/addons/BSD/nxd_bsd.c:5939:11:inet_addr	16	static
F:/STM32_CAPSTONE/workspace/Nx_Network_Basics_wifi/Middlewares/ST/netxduo/addons/BSD/nxd_bsd.c:8345:7:FD_SET	0	static
F:/STM32_CAPSTONE/workspace/Nx_Network_Basics_wifi/Middlewares/ST/netxduo/addons/BSD/nxd_bsd.c:8422:7:FD_CLR	8	static
F:/STM32_CAPSTONE/workspace/Nx_Network_Basics_wifi/Middlewares/ST/netxduo/addons/BSD/nxd_bsd.c:8501:6:FD_ISSET	0	static
F:/STM32_CAPSTONE/workspace/Nx_Network_Basics_wifi/Middlewares/ST/netxduo/addons/BSD/nxd_bsd.c:8578:7:FD_ZERO	0	static
F:/STM32_CAPSTONE/workspace/Nx_Network_Basics_wifi/Middlewares/ST/netxduo/addons/BSD/nxd_bsd.c:9787:13:nx_bsd_select_wakeup	64	static,ignoring_inline_asm
F:/STM32_CAPSTONE/workspace/Nx_Network_Basics_wifi/Middlewares/ST/netxduo/addons/BSD/nxd_bsd.c:8276:14:nx_bsd_udp_receive_notify	24	static
F:/STM32_CAPSTONE/workspace/Nx_Network_Basics_wifi/Middlewares/ST/netxduo/addons/BSD/nxd_bsd.c:7997:14:nx_bsd_tcp_establish_notify	8	static
F:/STM32_CAPSTONE/workspace/Nx_Network_Basics_wifi/Middlewares/ST/netxduo/addons/BSD/nxd_bsd.c:7918:14:nx_bsd_tcp_receive_notify	0	static
F:/STM32_CAPSTONE/workspace/Nx_Network_Basics_wifi/Middlewares/ST/netxduo/addons/BSD/nxd_bsd.c:8648:14:nx_bsd_raw_packet_filter	16	static
F:/STM32_CAPSTONE/workspace/Nx_Network_Basics_wifi/Middlewares/ST/netxduo/addons/BSD/nxd_bsd.c:8799:7:nx_bsd_raw_receive_notify	0	static
F:/STM32_CAPSTONE/workspace/Nx_Network_Basics_wifi/Middlewares/ST/netxduo/addons/BSD/nxd_bsd.c:8958:7:nx_bsd_raw_packet_info_extract	8	static
F:/STM32_CAPSTONE/workspace/Nx_Network_Basics_wifi/Middlewares/ST/netxduo/addons/BSD/nxd_bsd.c:9077:7:nx_bsd_socket_timed_wait_callback	0	static
F:/STM32_CAPSTONE/workspace/Nx_Network_Basics_wifi/Middlewares/ST/netxduo/addons/BSD/nxd_bsd.c:9350:6:nx_bsd_socket_set_inherited_settings	12	static
F:/STM32_CAPSTONE/workspace/Nx_Network_Basics_wifi/Middlewares/ST/netxduo/addons/BSD/nxd_bsd.c:9660:6:set_errno	16	static,ignoring_inline_asm
F:/STM32_CAPSTONE/workspace/Nx_Network_Basics_wifi/Middlewares/ST/netxduo/addons/BSD/nxd_bsd.c:9965:13:nx_bsd_set_error_code	0	static
F:/STM32_CAPSTONE/workspace/Nx_Network_Basics_wifi/Middlewares/ST/netxduo/addons/BSD/nxd_bsd.c:646:6:nx_bsd_thread_entry	16	static
F:/STM32_CAPSTONE/workspace/Nx_Network_Basics_wifi/Middlewares/ST/netxduo/addons/BSD/nxd_bsd.c:8116:14:nx_bsd_tcp_socket_disconnect_notify	32	static
F:/STM32_CAPSTONE/workspace/Nx_Network_Basics_wifi/Middlewares/ST/netxduo/addons/BSD/nxd_bsd.c:714:6:socket	96	static
F:/STM32_CAPSTONE/workspace/Nx_Network_Basics_wifi/Middlewares/ST/netxduo/addons/BSD/nxd_bsd.c:1264:6:connect	56	static
F:/STM32_CAPSTONE/workspace/Nx_Network_Basics_wifi/Middlewares/ST/netxduo/addons/BSD/nxd_bsd.c:1806:6:bind	48	static
F:/STM32_CAPSTONE/workspace/Nx_Network_Basics_wifi/Middlewares/ST/netxduo/addons/BSD/nxd_bsd.c:10456:12:nx_bsd_tcp_create_listen_socket	48	static
F:/STM32_CAPSTONE/workspace/Nx_Network_Basics_wifi/Middlewares/ST/netxduo/addons/BSD/nxd_bsd.c:2405:6:listen	24	static
F:/STM32_CAPSTONE/workspace/Nx_Network_Basics_wifi/Middlewares/ST/netxduo/addons/BSD/nxd_bsd.c:2659:6:accept	80	static
F:/STM32_CAPSTONE/workspace/Nx_Network_Basics_wifi/Middlewares/ST/netxduo/addons/BSD/nxd_bsd.c:3133:12:nx_bsd_send_internal	104	static,ignoring_inline_asm
F:/STM32_CAPSTONE/workspace/Nx_Network_Basics_wifi/Middlewares/ST/netxduo/addons/BSD/nxd_bsd.c:3577:6:send	40	static
F:/STM32_CAPSTONE/workspace/Nx_Network_Basics_wifi/Middlewares/ST/netxduo/addons/BSD/nxd_bsd.c:3725:6:sendto	64	static
F:/STM32_CAPSTONE/workspace/Nx_Network_Basics_wifi/Middlewares/ST/netxduo/addons/BSD/nxd_bsd.c:3976:6:recv	80	static
F:/STM32_CAPSTONE/workspace/Nx_Network_Basics_wifi/Middlewares/ST/netxduo/addons/BSD/nxd_bsd.c:4521:6:recvfrom	40	static
F:/STM32_CAPSTONE/workspace/Nx_Network_Basics_wifi/Middlewares/ST/netxduo/addons/BSD/nxd_bsd.c:4742:6:soc_close	40	static
F:/STM32_CAPSTONE/workspace/Nx_Network_Basics_wifi/Middlewares/ST/netxduo/addons/BSD/nxd_bsd.c:5200:5:fcntl	8	static
F:/STM32_CAPSTONE/workspace/Nx_Network_Basics_wifi/Middlewares/ST/netxduo/addons/BSD/nxd_bsd.c:5313:6:ioctl	24	static
F:/STM32_CAPSTONE/workspace/Nx_Network_Basics_wifi/Middlewares/ST/netxduo/addons/BSD/nxd_bsd.c:6003:6:getsockopt	24	static,ignoring_inline_asm
F:/STM32_CAPSTONE/workspace/Nx_Network_Basics_wifi/Middlewares/ST/netxduo/addons/BSD/nxd_bsd.c:6337:6:setsockopt	16	static
F:/STM32_CAPSTONE/workspace/Nx_Network_Basics_wifi/Middlewares/ST/netxduo/addons/BSD/nxd_bsd.c:6900:6:getsockname	40	static
F:/STM32_CAPSTONE/workspace/Nx_Network_Basics_wifi/Middlewares/ST/netxduo/addons/BSD/nxd_bsd.c:7130:6:getpeername	24	static
F:/STM32_CAPSTONE/workspace/Nx_Network_Basics_wifi/Middlewares/ST/netxduo/addons/BSD/nxd_bsd.c:8856:6:nx_bsd_raw_packet_receive	8	static
F:/STM32_CAPSTONE/workspace/Nx_Network_Basics_wifi/Middlewares/ST/netxduo/addons/BSD/nxd_bsd.c:7462:6:select	136	static
F:/STM32_CAPSTONE/workspace/Nx_Network_Basics_wifi/Middlewares/ST/netxduo/addons/BSD/nxd_bsd.c:9718:5:_nxd_get_errno	8	static,ignoring_inline_asm
F:/STM32_CAPSTONE/workspace/Nx_Network_Basics_wifi/Middlewares/ST/netxduo/addons/BSD/nxd_bsd.c:13019:6:inet_pton	16	static
F:/STM32_CAPSTONE/workspace/Nx_Network_Basics_wifi/Middlewares/ST/netxduo/addons/BSD/nxd_bsd.c:13286:13:inet_ntop	16	static
F:/STM32_CAPSTONE/workspace/Nx_Network_Basics_wifi/Middlewares/ST/netxduo/addons/BSD/nxd_bsd.c:14225:6:freeaddrinfo	16	static
F:/STM32_CAPSTONE/workspace/Nx_Network_Basics_wifi/Middlewares/ST/netxduo/addons/BSD/nxd_bsd.c:13646:6:getaddrinfo	104	static
F:/STM32_CAPSTONE/workspace/Nx_Network_Basics_wifi/Middlewares/ST/netxduo/addons/BSD/nxd_bsd.c:14379:6:getnameinfo	40	static
F:/STM32_CAPSTONE/workspace/Nx_Network_Basics_wifi/Middlewares/ST/netxduo/addons/BSD/nxd_bsd.c:14606:6:nx_bsd_set_service_list	0	static
