C:/Users/89336/STM32CubeIDE/workspace_1.13.1/STM32CubeExpansion_Cloud_AWS_H5_V1.0.0/Middleware/FreeRTOS/coreMQTT/source/core_mqtt.c:926:17:calculateElapsedTime	0	static
C:/Users/89336/STM32CubeIDE/workspace_1.13.1/STM32CubeExpansion_Cloud_AWS_H5_V1.0.0/Middleware/FreeRTOS/coreMQTT/source/core_mqtt.c:1228:16:getAckTypeToSend	0	static
C:/Users/89336/STM32CubeIDE/workspace_1.13.1/STM32CubeExpansion_Cloud_AWS_H5_V1.0.0/Middleware/FreeRTOS/coreMQTT/source/core_mqtt.c:1807:21:validateSubscribeUnsubscribeParams	16	static
C:/Users/89336/STM32CubeIDE/workspace_1.13.1/STM32CubeExpansion_Cloud_AWS_H5_V1.0.0/Middleware/FreeRTOS/coreMQTT/source/core_mqtt.c:2482:21:validatePublishParams	16	static
C:/Users/89336/STM32CubeIDE/workspace_1.13.1/STM32CubeExpansion_Cloud_AWS_H5_V1.0.0/Middleware/FreeRTOS/coreMQTT/source/core_mqtt.c:1858:15:addEncodedStringToVector	16	static
C:/Users/89336/STM32CubeIDE/workspace_1.13.1/STM32CubeExpansion_Cloud_AWS_H5_V1.0.0/Middleware/FreeRTOS/coreMQTT/source/core_mqtt.c:765:16:sendMessageVector	48	static
C:/Users/89336/STM32CubeIDE/workspace_1.13.1/STM32CubeExpansion_Cloud_AWS_H5_V1.0.0/Middleware/FreeRTOS/coreMQTT/source/core_mqtt.c:2093:21:sendPublishWithoutCopy	48	static
C:/Users/89336/STM32CubeIDE/workspace_1.13.1/STM32CubeExpansion_Cloud_AWS_H5_V1.0.0/Middleware/FreeRTOS/coreMQTT/source/core_mqtt.c:2162:21:sendConnectWithoutCopy	168	static
C:/Users/89336/STM32CubeIDE/workspace_1.13.1/STM32CubeExpansion_Cloud_AWS_H5_V1.0.0/Middleware/FreeRTOS/coreMQTT/source/core_mqtt.c:967:16:recvExact	56	static
C:/Users/89336/STM32CubeIDE/workspace_1.13.1/STM32CubeExpansion_Cloud_AWS_H5_V1.0.0/Middleware/FreeRTOS/coreMQTT/source/core_mqtt.c:1044:21:discardPacket	48	static
C:/Users/89336/STM32CubeIDE/workspace_1.13.1/STM32CubeExpansion_Cloud_AWS_H5_V1.0.0/Middleware/FreeRTOS/coreMQTT/source/core_mqtt.c:1180:21:receivePacket	24	static
C:/Users/89336/STM32CubeIDE/workspace_1.13.1/STM32CubeExpansion_Cloud_AWS_H5_V1.0.0/Middleware/FreeRTOS/coreMQTT/source/core_mqtt.c:934:25:getAckFromPacketType	8	static
C:/Users/89336/STM32CubeIDE/workspace_1.13.1/STM32CubeExpansion_Cloud_AWS_H5_V1.0.0/Middleware/FreeRTOS/coreMQTT/source/core_mqtt.c:864:16:sendBuffer	32	static
C:/Users/89336/STM32CubeIDE/workspace_1.13.1/STM32CubeExpansion_Cloud_AWS_H5_V1.0.0/Middleware/FreeRTOS/coreMQTT/source/core_mqtt.c:1110:21:discardStoredPacket	32	static
C:/Users/89336/STM32CubeIDE/workspace_1.13.1/STM32CubeExpansion_Cloud_AWS_H5_V1.0.0/Middleware/FreeRTOS/coreMQTT/source/core_mqtt.c:554:13:matchEndWildcardsSpecialCases	8	static
C:/Users/89336/STM32CubeIDE/workspace_1.13.1/STM32CubeExpansion_Cloud_AWS_H5_V1.0.0/Middleware/FreeRTOS/coreMQTT/source/core_mqtt.c:595:13:matchWildcards	24	static
C:/Users/89336/STM32CubeIDE/workspace_1.13.1/STM32CubeExpansion_Cloud_AWS_H5_V1.0.0/Middleware/FreeRTOS/coreMQTT/source/core_mqtt.c:699:13:matchTopicFilter	48	static
C:/Users/89336/STM32CubeIDE/workspace_1.13.1/STM32CubeExpansion_Cloud_AWS_H5_V1.0.0/Middleware/FreeRTOS/coreMQTT/source/core_mqtt.c:1267:21:sendPublishAcks	56	static
C:/Users/89336/STM32CubeIDE/workspace_1.13.1/STM32CubeExpansion_Cloud_AWS_H5_V1.0.0/Middleware/FreeRTOS/coreMQTT/source/core_mqtt.c:2433:21:handleSessionResumption	24	static
C:/Users/89336/STM32CubeIDE/workspace_1.13.1/STM32CubeExpansion_Cloud_AWS_H5_V1.0.0/Middleware/FreeRTOS/coreMQTT/source/core_mqtt.c:1898:21:sendSubscribeWithoutCopy	112	static
C:/Users/89336/STM32CubeIDE/workspace_1.13.1/STM32CubeExpansion_Cloud_AWS_H5_V1.0.0/Middleware/FreeRTOS/coreMQTT/source/core_mqtt.c:2002:21:sendUnsubscribeWithoutCopy	104	static
C:/Users/89336/STM32CubeIDE/workspace_1.13.1/STM32CubeExpansion_Cloud_AWS_H5_V1.0.0/Middleware/FreeRTOS/coreMQTT/source/core_mqtt.c:2528:14:MQTT_Init	40	static
C:/Users/89336/STM32CubeIDE/workspace_1.13.1/STM32CubeExpansion_Cloud_AWS_H5_V1.0.0/Middleware/FreeRTOS/coreMQTT/source/core_mqtt.c:2587:14:MQTT_InitStatefulQoS	16	static
C:/Users/89336/STM32CubeIDE/workspace_1.13.1/STM32CubeExpansion_Cloud_AWS_H5_V1.0.0/Middleware/FreeRTOS/coreMQTT/source/core_mqtt.c:2644:14:MQTT_CancelCallback	8	static
C:/Users/89336/STM32CubeIDE/workspace_1.13.1/STM32CubeExpansion_Cloud_AWS_H5_V1.0.0/Middleware/FreeRTOS/coreMQTT/source/core_mqtt.c:2758:14:MQTT_Subscribe	40	static
C:/Users/89336/STM32CubeIDE/workspace_1.13.1/STM32CubeExpansion_Cloud_AWS_H5_V1.0.0/Middleware/FreeRTOS/coreMQTT/source/core_mqtt.c:2919:14:MQTT_Ping	32	static
C:/Users/89336/STM32CubeIDE/workspace_1.13.1/STM32CubeExpansion_Cloud_AWS_H5_V1.0.0/Middleware/FreeRTOS/coreMQTT/source/core_mqtt.c:1342:21:handleKeepAlive	16	static
C:/Users/89336/STM32CubeIDE/workspace_1.13.1/STM32CubeExpansion_Cloud_AWS_H5_V1.0.0/Middleware/FreeRTOS/coreMQTT/source/core_mqtt.c:2997:14:MQTT_Unsubscribe	40	static
C:/Users/89336/STM32CubeIDE/workspace_1.13.1/STM32CubeExpansion_Cloud_AWS_H5_V1.0.0/Middleware/FreeRTOS/coreMQTT/source/core_mqtt.c:3042:14:MQTT_Disconnect	32	static
C:/Users/89336/STM32CubeIDE/workspace_1.13.1/STM32CubeExpansion_Cloud_AWS_H5_V1.0.0/Middleware/FreeRTOS/coreMQTT/source/core_mqtt.c:3169:10:MQTT_GetPacketId	0	static
C:/Users/89336/STM32CubeIDE/workspace_1.13.1/STM32CubeExpansion_Cloud_AWS_H5_V1.0.0/Middleware/FreeRTOS/coreMQTT/source/core_mqtt.c:3198:14:MQTT_MatchTopic	32	static
C:/Users/89336/STM32CubeIDE/workspace_1.13.1/STM32CubeExpansion_Cloud_AWS_H5_V1.0.0/Middleware/FreeRTOS/coreMQTT/source/core_mqtt.c:3267:14:MQTT_GetSubAckStatusCodes	16	static
C:/Users/89336/STM32CubeIDE/workspace_1.13.1/STM32CubeExpansion_Cloud_AWS_H5_V1.0.0/Middleware/FreeRTOS/coreMQTT/source/core_mqtt.c:3326:14:MQTT_Status_strerror	0	static
C:/Users/89336/STM32CubeIDE/workspace_1.13.1/STM32CubeExpansion_Cloud_AWS_H5_V1.0.0/Middleware/FreeRTOS/coreMQTT/source/core_mqtt.c:2309:21:receiveConnack	48	static
C:/Users/89336/STM32CubeIDE/workspace_1.13.1/STM32CubeExpansion_Cloud_AWS_H5_V1.0.0/Middleware/FreeRTOS/coreMQTT/source/core_mqtt.c:2676:14:MQTT_Connect	72	static
C:/Users/89336/STM32CubeIDE/workspace_1.13.1/STM32CubeExpansion_Cloud_AWS_H5_V1.0.0/Middleware/FreeRTOS/coreMQTT/source/core_mqtt.c:2802:14:MQTT_Publish	56	static
C:/Users/89336/STM32CubeIDE/workspace_1.13.1/STM32CubeExpansion_Cloud_AWS_H5_V1.0.0/Middleware/FreeRTOS/coreMQTT/source/core_mqtt.c:1392:21:handleIncomingPublish	72	static
C:/Users/89336/STM32CubeIDE/workspace_1.13.1/STM32CubeExpansion_Cloud_AWS_H5_V1.0.0/Middleware/FreeRTOS/coreMQTT/source/core_mqtt.c:1521:21:handlePublishAcks	48	static
C:/Users/89336/STM32CubeIDE/workspace_1.13.1/STM32CubeExpansion_Cloud_AWS_H5_V1.0.0/Middleware/FreeRTOS/coreMQTT/source/core_mqtt.c:1590:21:handleIncomingAck	48	static
C:/Users/89336/STM32CubeIDE/workspace_1.13.1/STM32CubeExpansion_Cloud_AWS_H5_V1.0.0/Middleware/FreeRTOS/coreMQTT/source/core_mqtt.c:1668:21:receiveSingleIteration	48	static
C:/Users/89336/STM32CubeIDE/workspace_1.13.1/STM32CubeExpansion_Cloud_AWS_H5_V1.0.0/Middleware/FreeRTOS/coreMQTT/source/core_mqtt.c:3116:14:MQTT_ProcessLoop	8	static
C:/Users/89336/STM32CubeIDE/workspace_1.13.1/STM32CubeExpansion_Cloud_AWS_H5_V1.0.0/Middleware/FreeRTOS/coreMQTT/source/core_mqtt.c:3143:14:MQTT_ReceiveLoop	8	static
