C:/Users/89336/STM32CubeIDE/workspace_1.13.1/STM32CubeExpansion_Cloud_AWS_H5_V1.0.0/Middleware/FreeRTOS/coreMQTT/source/core_mqtt_serializer.c:453:15:remainingLengthEncodedSize	0	static
C:/Users/89336/STM32CubeIDE/workspace_1.13.1/STM32CubeExpansion_Cloud_AWS_H5_V1.0.0/Middleware/FreeRTOS/coreMQTT/source/core_mqtt_serializer.c:801:15:getRemainingLength	32	static
C:/Users/89336/STM32CubeIDE/workspace_1.13.1/STM32CubeExpansion_Cloud_AWS_H5_V1.0.0/Middleware/FreeRTOS/coreMQTT/source/core_mqtt_serializer.c:924:13:incomingPacketValid	0	static
C:/Users/89336/STM32CubeIDE/workspace_1.13.1/STM32CubeExpansion_Cloud_AWS_H5_V1.0.0/Middleware/FreeRTOS/coreMQTT/source/core_mqtt_serializer.c:490:18:encodeRemainingLength	8	static
C:/Users/89336/STM32CubeIDE/workspace_1.13.1/STM32CubeExpansion_Cloud_AWS_H5_V1.0.0/Middleware/FreeRTOS/coreMQTT/source/core_mqtt_serializer.c:523:18:encodeString	16	static
C:/Users/89336/STM32CubeIDE/workspace_1.13.1/STM32CubeExpansion_Cloud_AWS_H5_V1.0.0/Middleware/FreeRTOS/coreMQTT/source/core_mqtt_serializer.c:706:13:serializePublishCommon	24	static
C:/Users/89336/STM32CubeIDE/workspace_1.13.1/STM32CubeExpansion_Cloud_AWS_H5_V1.0.0/Middleware/FreeRTOS/coreMQTT/source/core_mqtt_serializer.c:1170:21:calculateSubscriptionPacketSize	48	static
C:/Users/89336/STM32CubeIDE/workspace_1.13.1/STM32CubeExpansion_Cloud_AWS_H5_V1.0.0/Middleware/FreeRTOS/coreMQTT/source/core_mqtt_serializer.c:1349:21:validateSubscriptionSerializeParams	24	static
C:/Users/89336/STM32CubeIDE/workspace_1.13.1/STM32CubeExpansion_Cloud_AWS_H5_V1.0.0/Middleware/FreeRTOS/coreMQTT/source/core_mqtt_serializer.c:559:13:calculatePublishPacketSize	40	static
C:/Users/89336/STM32CubeIDE/workspace_1.13.1/STM32CubeExpansion_Cloud_AWS_H5_V1.0.0/Middleware/FreeRTOS/coreMQTT/source/core_mqtt_serializer.c:1002:21:processPublishFlags	8	static
C:/Users/89336/STM32CubeIDE/workspace_1.13.1/STM32CubeExpansion_Cloud_AWS_H5_V1.0.0/Middleware/FreeRTOS/coreMQTT/source/core_mqtt_serializer.c:965:21:checkPublishRemainingLength	16	static
C:/Users/89336/STM32CubeIDE/workspace_1.13.1/STM32CubeExpansion_Cloud_AWS_H5_V1.0.0/Middleware/FreeRTOS/coreMQTT/source/core_mqtt_serializer.c:1406:21:deserializePublish	24	static
C:/Users/89336/STM32CubeIDE/workspace_1.13.1/STM32CubeExpansion_Cloud_AWS_H5_V1.0.0/Middleware/FreeRTOS/coreMQTT/source/core_mqtt_serializer.c:1055:13:logConnackResponse	40	static
C:/Users/89336/STM32CubeIDE/workspace_1.13.1/STM32CubeExpansion_Cloud_AWS_H5_V1.0.0/Middleware/FreeRTOS/coreMQTT/source/core_mqtt_serializer.c:1087:21:deserializeConnack	16	static
C:/Users/89336/STM32CubeIDE/workspace_1.13.1/STM32CubeExpansion_Cloud_AWS_H5_V1.0.0/Middleware/FreeRTOS/coreMQTT/source/core_mqtt_serializer.c:1248:21:readSubackStatus	16	static
C:/Users/89336/STM32CubeIDE/workspace_1.13.1/STM32CubeExpansion_Cloud_AWS_H5_V1.0.0/Middleware/FreeRTOS/coreMQTT/source/core_mqtt_serializer.c:1305:21:deserializeSuback	8	static
C:/Users/89336/STM32CubeIDE/workspace_1.13.1/STM32CubeExpansion_Cloud_AWS_H5_V1.0.0/Middleware/FreeRTOS/coreMQTT/source/core_mqtt_serializer.c:1537:21:deserializePingresp	16	static
C:/Users/89336/STM32CubeIDE/workspace_1.13.1/STM32CubeExpansion_Cloud_AWS_H5_V1.0.0/Middleware/FreeRTOS/coreMQTT/source/core_mqtt_serializer.c:1500:21:deserializeSimpleAck	16	static
C:/Users/89336/STM32CubeIDE/workspace_1.13.1/STM32CubeExpansion_Cloud_AWS_H5_V1.0.0/Middleware/FreeRTOS/coreMQTT/source/core_mqtt_serializer.c:853:21:processRemainingLength	40	static
C:/Users/89336/STM32CubeIDE/workspace_1.13.1/STM32CubeExpansion_Cloud_AWS_H5_V1.0.0/Middleware/FreeRTOS/coreMQTT/source/core_mqtt_serializer.c:638:14:MQTT_SerializePublishHeaderWithoutTopic	24	static
C:/Users/89336/STM32CubeIDE/workspace_1.13.1/STM32CubeExpansion_Cloud_AWS_H5_V1.0.0/Middleware/FreeRTOS/coreMQTT/source/core_mqtt_serializer.c:1555:11:MQTT_SerializeConnectFixedHeader	16	static
C:/Users/89336/STM32CubeIDE/workspace_1.13.1/STM32CubeExpansion_Cloud_AWS_H5_V1.0.0/Middleware/FreeRTOS/coreMQTT/source/core_mqtt_serializer.c:1634:13:serializeConnectPacket	16	static
C:/Users/89336/STM32CubeIDE/workspace_1.13.1/STM32CubeExpansion_Cloud_AWS_H5_V1.0.0/Middleware/FreeRTOS/coreMQTT/source/core_mqtt_serializer.c:1692:14:MQTT_GetConnectPacketSize	32	static
C:/Users/89336/STM32CubeIDE/workspace_1.13.1/STM32CubeExpansion_Cloud_AWS_H5_V1.0.0/Middleware/FreeRTOS/coreMQTT/source/core_mqtt_serializer.c:1792:14:MQTT_SerializeConnect	32	static
C:/Users/89336/STM32CubeIDE/workspace_1.13.1/STM32CubeExpansion_Cloud_AWS_H5_V1.0.0/Middleware/FreeRTOS/coreMQTT/source/core_mqtt_serializer.c:1850:14:MQTT_GetSubscribePacketSize	24	static
C:/Users/89336/STM32CubeIDE/workspace_1.13.1/STM32CubeExpansion_Cloud_AWS_H5_V1.0.0/Middleware/FreeRTOS/coreMQTT/source/core_mqtt_serializer.c:1888:11:MQTT_SerializeSubscribeHeader	8	static
C:/Users/89336/STM32CubeIDE/workspace_1.13.1/STM32CubeExpansion_Cloud_AWS_H5_V1.0.0/Middleware/FreeRTOS/coreMQTT/source/core_mqtt_serializer.c:1912:11:MQTT_SerializeUnsubscribeHeader	8	static
C:/Users/89336/STM32CubeIDE/workspace_1.13.1/STM32CubeExpansion_Cloud_AWS_H5_V1.0.0/Middleware/FreeRTOS/coreMQTT/source/core_mqtt_serializer.c:1934:14:MQTT_SerializeSubscribe	40	static
C:/Users/89336/STM32CubeIDE/workspace_1.13.1/STM32CubeExpansion_Cloud_AWS_H5_V1.0.0/Middleware/FreeRTOS/coreMQTT/source/core_mqtt_serializer.c:1980:14:MQTT_GetUnsubscribePacketSize	24	static
C:/Users/89336/STM32CubeIDE/workspace_1.13.1/STM32CubeExpansion_Cloud_AWS_H5_V1.0.0/Middleware/FreeRTOS/coreMQTT/source/core_mqtt_serializer.c:2018:14:MQTT_SerializeUnsubscribe	40	static
C:/Users/89336/STM32CubeIDE/workspace_1.13.1/STM32CubeExpansion_Cloud_AWS_H5_V1.0.0/Middleware/FreeRTOS/coreMQTT/source/core_mqtt_serializer.c:2059:14:MQTT_GetPublishPacketSize	24	static
C:/Users/89336/STM32CubeIDE/workspace_1.13.1/STM32CubeExpansion_Cloud_AWS_H5_V1.0.0/Middleware/FreeRTOS/coreMQTT/source/core_mqtt_serializer.c:2100:14:MQTT_SerializePublish	32	static
C:/Users/89336/STM32CubeIDE/workspace_1.13.1/STM32CubeExpansion_Cloud_AWS_H5_V1.0.0/Middleware/FreeRTOS/coreMQTT/source/core_mqtt_serializer.c:2185:14:MQTT_SerializePublishHeader	48	static
C:/Users/89336/STM32CubeIDE/workspace_1.13.1/STM32CubeExpansion_Cloud_AWS_H5_V1.0.0/Middleware/FreeRTOS/coreMQTT/source/core_mqtt_serializer.c:2268:14:MQTT_SerializeAck	16	static
C:/Users/89336/STM32CubeIDE/workspace_1.13.1/STM32CubeExpansion_Cloud_AWS_H5_V1.0.0/Middleware/FreeRTOS/coreMQTT/source/core_mqtt_serializer.c:2323:14:MQTT_GetDisconnectPacketSize	8	static
C:/Users/89336/STM32CubeIDE/workspace_1.13.1/STM32CubeExpansion_Cloud_AWS_H5_V1.0.0/Middleware/FreeRTOS/coreMQTT/source/core_mqtt_serializer.c:2343:14:MQTT_SerializeDisconnect	16	static
C:/Users/89336/STM32CubeIDE/workspace_1.13.1/STM32CubeExpansion_Cloud_AWS_H5_V1.0.0/Middleware/FreeRTOS/coreMQTT/source/core_mqtt_serializer.c:2386:14:MQTT_GetPingreqPacketSize	8	static
C:/Users/89336/STM32CubeIDE/workspace_1.13.1/STM32CubeExpansion_Cloud_AWS_H5_V1.0.0/Middleware/FreeRTOS/coreMQTT/source/core_mqtt_serializer.c:2406:14:MQTT_SerializePingreq	16	static
C:/Users/89336/STM32CubeIDE/workspace_1.13.1/STM32CubeExpansion_Cloud_AWS_H5_V1.0.0/Middleware/FreeRTOS/coreMQTT/source/core_mqtt_serializer.c:2449:14:MQTT_DeserializePublish	24	static
C:/Users/89336/STM32CubeIDE/workspace_1.13.1/STM32CubeExpansion_Cloud_AWS_H5_V1.0.0/Middleware/FreeRTOS/coreMQTT/source/core_mqtt_serializer.c:2486:14:MQTT_DeserializeAck	16	static
C:/Users/89336/STM32CubeIDE/workspace_1.13.1/STM32CubeExpansion_Cloud_AWS_H5_V1.0.0/Middleware/FreeRTOS/coreMQTT/source/core_mqtt_serializer.c:2563:14:MQTT_GetIncomingPacketTypeAndLength	32	static
C:/Users/89336/STM32CubeIDE/workspace_1.13.1/STM32CubeExpansion_Cloud_AWS_H5_V1.0.0/Middleware/FreeRTOS/coreMQTT/source/core_mqtt_serializer.c:2628:14:MQTT_ProcessIncomingPacketTypeAndLength	32	static
