C:/Users/89336/STM32CubeIDE/workspace_1.13.1/STM32CubeExpansion_Cloud_AWS_H5_V1.0.0/Middleware/FreeRTOS/coreMQTT/source/core_mqtt_state.c:236:13:validateTransitionPublish	0	static
C:/Users/89336/STM32CubeIDE/workspace_1.13.1/STM32CubeExpansion_Cloud_AWS_H5_V1.0.0/Middleware/FreeRTOS/coreMQTT/source/core_mqtt_state.c:312:13:validateTransitionAck	0	static
C:/Users/89336/STM32CubeIDE/workspace_1.13.1/STM32CubeExpansion_Cloud_AWS_H5_V1.0.0/Middleware/FreeRTOS/coreMQTT/source/core_mqtt_state.c:421:13:isPublishOutgoing	0	static
C:/Users/89336/STM32CubeIDE/workspace_1.13.1/STM32CubeExpansion_Cloud_AWS_H5_V1.0.0/Middleware/FreeRTOS/coreMQTT/source/core_mqtt_state.c:480:13:compactRecords	16	static
C:/Users/89336/STM32CubeIDE/workspace_1.13.1/STM32CubeExpansion_Cloud_AWS_H5_V1.0.0/Middleware/FreeRTOS/coreMQTT/source/core_mqtt_state.c:448:15:findInRecord	16	static
C:/Users/89336/STM32CubeIDE/workspace_1.13.1/STM32CubeExpansion_Cloud_AWS_H5_V1.0.0/Middleware/FreeRTOS/coreMQTT/source/core_mqtt_state.c:589:13:updateRecord	8	static
C:/Users/89336/STM32CubeIDE/workspace_1.13.1/STM32CubeExpansion_Cloud_AWS_H5_V1.0.0/Middleware/FreeRTOS/coreMQTT/source/core_mqtt_state.c:611:17:stateSelect	16	static
C:/Users/89336/STM32CubeIDE/workspace_1.13.1/STM32CubeExpansion_Cloud_AWS_H5_V1.0.0/Middleware/FreeRTOS/coreMQTT/source/core_mqtt_state.c:522:21:addRecord	40	static
C:/Users/89336/STM32CubeIDE/workspace_1.13.1/STM32CubeExpansion_Cloud_AWS_H5_V1.0.0/Middleware/FreeRTOS/coreMQTT/source/core_mqtt_state.c:659:20:MQTT_CalculateStateAck	0	static
C:/Users/89336/STM32CubeIDE/workspace_1.13.1/STM32CubeExpansion_Cloud_AWS_H5_V1.0.0/Middleware/FreeRTOS/coreMQTT/source/core_mqtt_state.c:827:14:MQTT_ReserveState	16	static
C:/Users/89336/STM32CubeIDE/workspace_1.13.1/STM32CubeExpansion_Cloud_AWS_H5_V1.0.0/Middleware/FreeRTOS/coreMQTT/source/core_mqtt_state.c:856:20:MQTT_CalculateStatePublish	0	static
C:/Users/89336/STM32CubeIDE/workspace_1.13.1/STM32CubeExpansion_Cloud_AWS_H5_V1.0.0/Middleware/FreeRTOS/coreMQTT/source/core_mqtt_state.c:959:14:MQTT_RemoveStateRecord	24	static
C:/Users/89336/STM32CubeIDE/workspace_1.13.1/STM32CubeExpansion_Cloud_AWS_H5_V1.0.0/Middleware/FreeRTOS/coreMQTT/source/core_mqtt_state.c:1089:10:MQTT_PubrelToResend	24	static
C:/Users/89336/STM32CubeIDE/workspace_1.13.1/STM32CubeExpansion_Cloud_AWS_H5_V1.0.0/Middleware/FreeRTOS/coreMQTT/source/core_mqtt_state.c:1125:10:MQTT_PublishToResend	16	static
C:/Users/89336/STM32CubeIDE/workspace_1.13.1/STM32CubeExpansion_Cloud_AWS_H5_V1.0.0/Middleware/FreeRTOS/coreMQTT/source/core_mqtt_state.c:1155:14:MQTT_State_strerror	0	static
C:/Users/89336/STM32CubeIDE/workspace_1.13.1/STM32CubeExpansion_Cloud_AWS_H5_V1.0.0/Middleware/FreeRTOS/coreMQTT/source/core_mqtt_state.c:769:21:updateStatePublish	40	static
C:/Users/89336/STM32CubeIDE/workspace_1.13.1/STM32CubeExpansion_Cloud_AWS_H5_V1.0.0/Middleware/FreeRTOS/coreMQTT/source/core_mqtt_state.c:885:14:MQTT_UpdateStatePublish	56	static
C:/Users/89336/STM32CubeIDE/workspace_1.13.1/STM32CubeExpansion_Cloud_AWS_H5_V1.0.0/Middleware/FreeRTOS/coreMQTT/source/core_mqtt_state.c:708:21:updateStateAck	40	static
C:/Users/89336/STM32CubeIDE/workspace_1.13.1/STM32CubeExpansion_Cloud_AWS_H5_V1.0.0/Middleware/FreeRTOS/coreMQTT/source/core_mqtt_state.c:1007:14:MQTT_UpdateStateAck	56	static
