C:/Users/89336/STM32CubeIDE/workspace_1.13.1/en.x-cube-aws-h5-v1-0-0/STM32CubeExpansion_Cloud_AWS_H5_V1.0.0/Middleware/lwip/src/apps/lwiperf/lwiperf.c:187:1:lwiperf_list_add	0	static
C:/Users/89336/STM32CubeIDE/workspace_1.13.1/en.x-cube-aws-h5-v1-0-0/STM32CubeExpansion_Cloud_AWS_H5_V1.0.0/Middleware/lwip/src/apps/lwiperf/lwiperf.c:216:1:lwiperf_list_find	0	static
C:/Users/89336/STM32CubeIDE/workspace_1.13.1/en.x-cube-aws-h5-v1-0-0/STM32CubeExpansion_Cloud_AWS_H5_V1.0.0/Middleware/lwip/src/apps/lwiperf/lwiperf.c:195:1:lwiperf_list_remove	16	static,ignoring_inline_asm
C:/Users/89336/STM32CubeIDE/workspace_1.13.1/en.x-cube-aws-h5-v1-0-0/STM32CubeExpansion_Cloud_AWS_H5_V1.0.0/Middleware/lwip/src/apps/lwiperf/lwiperf.c:684:14:lwiperf_start_tcp_server_impl	40	static,ignoring_inline_asm
C:/Users/89336/STM32CubeIDE/workspace_1.13.1/en.x-cube-aws-h5-v1-0-0/STM32CubeExpansion_Cloud_AWS_H5_V1.0.0/Middleware/lwip/src/apps/lwiperf/lwiperf.c:229:1:lwip_tcp_conn_report	48	static
C:/Users/89336/STM32CubeIDE/workspace_1.13.1/en.x-cube-aws-h5-v1-0-0/STM32CubeExpansion_Cloud_AWS_H5_V1.0.0/Middleware/lwip/src/apps/lwiperf/lwiperf.c:249:1:lwiperf_tcp_close	24	static,ignoring_inline_asm
C:/Users/89336/STM32CubeIDE/workspace_1.13.1/en.x-cube-aws-h5-v1-0-0/STM32CubeExpansion_Cloud_AWS_H5_V1.0.0/Middleware/lwip/src/apps/lwiperf/lwiperf.c:592:1:lwiperf_tcp_accept	32	static,ignoring_inline_asm
C:/Users/89336/STM32CubeIDE/workspace_1.13.1/en.x-cube-aws-h5-v1-0-0/STM32CubeExpansion_Cloud_AWS_H5_V1.0.0/Middleware/lwip/src/apps/lwiperf/lwiperf.c:564:1:lwiperf_tcp_err	8	static
C:/Users/89336/STM32CubeIDE/workspace_1.13.1/en.x-cube-aws-h5-v1-0-0/STM32CubeExpansion_Cloud_AWS_H5_V1.0.0/Middleware/lwip/src/apps/lwiperf/lwiperf.c:276:1:lwiperf_tcp_client_send_more	40	static,ignoring_inline_asm
C:/Users/89336/STM32CubeIDE/workspace_1.13.1/en.x-cube-aws-h5-v1-0-0/STM32CubeExpansion_Cloud_AWS_H5_V1.0.0/Middleware/lwip/src/apps/lwiperf/lwiperf.c:354:1:lwiperf_tcp_client_sent	16	static,ignoring_inline_asm
C:/Users/89336/STM32CubeIDE/workspace_1.13.1/en.x-cube-aws-h5-v1-0-0/STM32CubeExpansion_Cloud_AWS_H5_V1.0.0/Middleware/lwip/src/apps/lwiperf/lwiperf.c:573:1:lwiperf_tcp_poll	16	static,ignoring_inline_asm
C:/Users/89336/STM32CubeIDE/workspace_1.13.1/en.x-cube-aws-h5-v1-0-0/STM32CubeExpansion_Cloud_AWS_H5_V1.0.0/Middleware/lwip/src/apps/lwiperf/lwiperf.c:387:1:lwiperf_tx_start_impl	56	static,ignoring_inline_asm
C:/Users/89336/STM32CubeIDE/workspace_1.13.1/en.x-cube-aws-h5-v1-0-0/STM32CubeExpansion_Cloud_AWS_H5_V1.0.0/Middleware/lwip/src/apps/lwiperf/lwiperf.c:439:1:lwiperf_tx_start_passive	40	static,ignoring_inline_asm
C:/Users/89336/STM32CubeIDE/workspace_1.13.1/en.x-cube-aws-h5-v1-0-0/STM32CubeExpansion_Cloud_AWS_H5_V1.0.0/Middleware/lwip/src/apps/lwiperf/lwiperf.c:456:1:lwiperf_tcp_recv	32	static,ignoring_inline_asm
C:/Users/89336/STM32CubeIDE/workspace_1.13.1/en.x-cube-aws-h5-v1-0-0/STM32CubeExpansion_Cloud_AWS_H5_V1.0.0/Middleware/lwip/src/apps/lwiperf/lwiperf.c:369:1:lwiperf_tcp_client_connected	16	static,ignoring_inline_asm
C:/Users/89336/STM32CubeIDE/workspace_1.13.1/en.x-cube-aws-h5-v1-0-0/STM32CubeExpansion_Cloud_AWS_H5_V1.0.0/Middleware/lwip/src/apps/lwiperf/lwiperf.c:670:1:lwiperf_start_tcp_server	32	static
C:/Users/89336/STM32CubeIDE/workspace_1.13.1/en.x-cube-aws-h5-v1-0-0/STM32CubeExpansion_Cloud_AWS_H5_V1.0.0/Middleware/lwip/src/apps/lwiperf/lwiperf.c:655:1:lwiperf_start_tcp_server_default	8	static
C:/Users/89336/STM32CubeIDE/workspace_1.13.1/en.x-cube-aws-h5-v1-0-0/STM32CubeExpansion_Cloud_AWS_H5_V1.0.0/Middleware/lwip/src/apps/lwiperf/lwiperf.c:820:1:lwiperf_abort	16	static
C:/Users/89336/STM32CubeIDE/workspace_1.13.1/en.x-cube-aws-h5-v1-0-0/STM32CubeExpansion_Cloud_AWS_H5_V1.0.0/Middleware/lwip/src/apps/lwiperf/lwiperf.c:758:7:lwiperf_start_tcp_client	72	static,ignoring_inline_asm
C:/Users/89336/STM32CubeIDE/workspace_1.13.1/en.x-cube-aws-h5-v1-0-0/STM32CubeExpansion_Cloud_AWS_H5_V1.0.0/Middleware/lwip/src/apps/lwiperf/lwiperf.c:744:7:lwiperf_start_tcp_client_default	16	static
