C:/Users/89336/STM32CubeIDE/workspace_1.13.1/STM32CubeExpansion_Cloud_AWS_H5_V1.0.0/Middleware/lwip/src/core/ipv4/ip4_frag.c:317:1:ip_reass_dequeue_datagram	16	static,ignoring_inline_asm
C:/Users/89336/STM32CubeIDE/workspace_1.13.1/STM32CubeExpansion_Cloud_AWS_H5_V1.0.0/Middleware/lwip/src/core/ipv4/ip4_frag.c:164:1:ip_reass_free_complete_datagram	32	static,ignoring_inline_asm
C:/Users/89336/STM32CubeIDE/workspace_1.13.1/STM32CubeExpansion_Cloud_AWS_H5_V1.0.0/Middleware/lwip/src/core/ipv4/ip4_frag.c:227:1:ip_reass_remove_oldest_datagram	24	static
C:/Users/89336/STM32CubeIDE/workspace_1.13.1/STM32CubeExpansion_Cloud_AWS_H5_V1.0.0/Middleware/lwip/src/core/ipv4/ip4_frag.c:706:1:ip_frag_free_pbuf_custom_ref	16	static,ignoring_inline_asm
C:/Users/89336/STM32CubeIDE/workspace_1.13.1/STM32CubeExpansion_Cloud_AWS_H5_V1.0.0/Middleware/lwip/src/core/ipv4/ip4_frag.c:715:1:ipfrag_free_pbuf_custom	16	static,ignoring_inline_asm
C:/Users/89336/STM32CubeIDE/workspace_1.13.1/STM32CubeExpansion_Cloud_AWS_H5_V1.0.0/Middleware/lwip/src/core/ipv4/ip4_frag.c:344:1:ip_reass_chain_frag_into_datagram_and_validate	40	static,ignoring_inline_asm
C:/Users/89336/STM32CubeIDE/workspace_1.13.1/STM32CubeExpansion_Cloud_AWS_H5_V1.0.0/Middleware/lwip/src/core/ipv4/ip4_frag.c:699:1:ip_frag_alloc_pbuf_custom_ref	8	static
C:/Users/89336/STM32CubeIDE/workspace_1.13.1/STM32CubeExpansion_Cloud_AWS_H5_V1.0.0/Middleware/lwip/src/core/ipv4/ip4_frag.c:278:1:ip_reass_enqueue_new_datagram	16	static
C:/Users/89336/STM32CubeIDE/workspace_1.13.1/STM32CubeExpansion_Cloud_AWS_H5_V1.0.0/Middleware/lwip/src/core/ipv4/ip4_frag.c:128:1:ip_reass_tmr	16	static
C:/Users/89336/STM32CubeIDE/workspace_1.13.1/STM32CubeExpansion_Cloud_AWS_H5_V1.0.0/Middleware/lwip/src/core/ipv4/ip4_frag.c:503:1:ip4_reass	40	static,ignoring_inline_asm
C:/Users/89336/STM32CubeIDE/workspace_1.13.1/STM32CubeExpansion_Cloud_AWS_H5_V1.0.0/Middleware/lwip/src/core/ipv4/ip4_frag.c:740:1:ip4_frag	80	static,ignoring_inline_asm
