C:/Users/89336/STM32CubeIDE/workspace_1.13.1/STM32CubeExpansion_Cloud_AWS_H5_V1.0.0/Middleware/AWS/OTA/source/ota_mqtt.c:285:15:stringBuilderUInt32Decimal	24	static
C:/Users/89336/STM32CubeIDE/workspace_1.13.1/STM32CubeExpansion_Cloud_AWS_H5_V1.0.0/Middleware/AWS/OTA/source/ota_mqtt.c:319:15:stringBuilderUInt32Hex	24	static
C:/Users/89336/STM32CubeIDE/workspace_1.13.1/STM32CubeExpansion_Cloud_AWS_H5_V1.0.0/Middleware/AWS/OTA/source/ota_mqtt.c:260:15:stringBuilder	32	static
C:/Users/89336/STM32CubeIDE/workspace_1.13.1/STM32CubeExpansion_Cloud_AWS_H5_V1.0.0/Middleware/AWS/OTA/source/ota_mqtt.c:608:17:buildStatusMessageReceiving	80	static
C:/Users/89336/STM32CubeIDE/workspace_1.13.1/STM32CubeExpansion_Cloud_AWS_H5_V1.0.0/Middleware/AWS/OTA/source/ota_mqtt.c:666:17:prvBuildStatusMessageSelfTest	72	static
C:/Users/89336/STM32CubeIDE/workspace_1.13.1/STM32CubeExpansion_Cloud_AWS_H5_V1.0.0/Middleware/AWS/OTA/source/ota_mqtt.c:709:17:prvBuildStatusMessageFinish	264	static
C:/Users/89336/STM32CubeIDE/workspace_1.13.1/STM32CubeExpansion_Cloud_AWS_H5_V1.0.0/Middleware/AWS/OTA/source/ota_mqtt.c:1192:10:decodeFileBlock_Mqtt	32	static
C:/Users/89336/STM32CubeIDE/workspace_1.13.1/STM32CubeExpansion_Cloud_AWS_H5_V1.0.0/Middleware/AWS/OTA/source/ota_mqtt.c:1284:14:OTA_MQTT_strerror	0	static
C:/Users/89336/STM32CubeIDE/workspace_1.13.1/STM32CubeExpansion_Cloud_AWS_H5_V1.0.0/Middleware/AWS/OTA/source/ota_mqtt.c:358:24:subscribeToJobNotificationTopics	40	static
C:/Users/89336/STM32CubeIDE/workspace_1.13.1/STM32CubeExpansion_Cloud_AWS_H5_V1.0.0/Middleware/AWS/OTA/source/ota_mqtt.c:853:10:requestJob_Mqtt	400	static
C:/Users/89336/STM32CubeIDE/workspace_1.13.1/STM32CubeExpansion_Cloud_AWS_H5_V1.0.0/Middleware/AWS/OTA/source/ota_mqtt.c:536:24:publishStatusMessage	344	static
C:/Users/89336/STM32CubeIDE/workspace_1.13.1/STM32CubeExpansion_Cloud_AWS_H5_V1.0.0/Middleware/AWS/OTA/source/ota_mqtt.c:953:10:updateJobStatus_Mqtt	152	static
C:/Users/89336/STM32CubeIDE/workspace_1.13.1/STM32CubeExpansion_Cloud_AWS_H5_V1.0.0/Middleware/AWS/OTA/source/ota_mqtt.c:1021:10:initFileTransfer_Mqtt	48	static
C:/Users/89336/STM32CubeIDE/workspace_1.13.1/STM32CubeExpansion_Cloud_AWS_H5_V1.0.0/Middleware/AWS/OTA/source/ota_mqtt.c:1087:10:requestFileBlock_Mqtt	664	static
C:/Users/89336/STM32CubeIDE/workspace_1.13.1/STM32CubeExpansion_Cloud_AWS_H5_V1.0.0/Middleware/AWS/OTA/source/ota_mqtt.c:477:24:unsubscribeFromJobNotificationTopic	200	static
C:/Users/89336/STM32CubeIDE/workspace_1.13.1/STM32CubeExpansion_Cloud_AWS_H5_V1.0.0/Middleware/AWS/OTA/source/ota_mqtt.c:1231:10:cleanupControl_Mqtt	16	static
C:/Users/89336/STM32CubeIDE/workspace_1.13.1/STM32CubeExpansion_Cloud_AWS_H5_V1.0.0/Middleware/AWS/OTA/source/ota_mqtt.c:416:24:unsubscribeFromDataStream	256	static
C:/Users/89336/STM32CubeIDE/workspace_1.13.1/STM32CubeExpansion_Cloud_AWS_H5_V1.0.0/Middleware/AWS/OTA/source/ota_mqtt.c:1259:10:cleanupData_Mqtt	16	static
