C:/Users/89336/STM32CubeIDE/workspace_1.13.1/en.x-cube-aws-h5-v1-0-0/STM32CubeExpansion_Cloud_AWS_H5_V1.0.0/Middleware/lwip/src/core/ipv4/etharp.c:147:1:free_etharp_q	24	static,ignoring_inline_asm
C:/Users/89336/STM32CubeIDE/workspace_1.13.1/en.x-cube-aws-h5-v1-0-0/STM32CubeExpansion_Cloud_AWS_H5_V1.0.0/Middleware/lwip/src/core/ipv4/etharp.c:168:1:etharp_free_entry	8	static
C:/Users/89336/STM32CubeIDE/workspace_1.13.1/en.x-cube-aws-h5-v1-0-0/STM32CubeExpansion_Cloud_AWS_H5_V1.0.0/Middleware/lwip/src/core/ipv4/etharp.c:256:1:etharp_find_entry	56	static,ignoring_inline_asm
C:/Users/89336/STM32CubeIDE/workspace_1.13.1/en.x-cube-aws-h5-v1-0-0/STM32CubeExpansion_Cloud_AWS_H5_V1.0.0/Middleware/lwip/src/core/ipv4/etharp.c:422:1:etharp_update_arp_entry	32	static,ignoring_inline_asm
C:/Users/89336/STM32CubeIDE/workspace_1.13.1/en.x-cube-aws-h5-v1-0-0/STM32CubeExpansion_Cloud_AWS_H5_V1.0.0/Middleware/lwip/src/core/ipv4/etharp.c:1101:1:etharp_raw	40	static,ignoring_inline_asm
C:/Users/89336/STM32CubeIDE/workspace_1.13.1/en.x-cube-aws-h5-v1-0-0/STM32CubeExpansion_Cloud_AWS_H5_V1.0.0/Middleware/lwip/src/core/ipv4/etharp.c:1181:1:etharp_request_dst	32	static
C:/Users/89336/STM32CubeIDE/workspace_1.13.1/en.x-cube-aws-h5-v1-0-0/STM32CubeExpansion_Cloud_AWS_H5_V1.0.0/Middleware/lwip/src/core/ipv4/etharp.c:559:1:etharp_cleanup_netif	16	static
C:/Users/89336/STM32CubeIDE/workspace_1.13.1/en.x-cube-aws-h5-v1-0-0/STM32CubeExpansion_Cloud_AWS_H5_V1.0.0/Middleware/lwip/src/core/ipv4/etharp.c:583:1:etharp_find_addr	24	static,ignoring_inline_asm
C:/Users/89336/STM32CubeIDE/workspace_1.13.1/en.x-cube-aws-h5-v1-0-0/STM32CubeExpansion_Cloud_AWS_H5_V1.0.0/Middleware/lwip/src/core/ipv4/etharp.c:612:1:etharp_get_entry	16	static,ignoring_inline_asm
C:/Users/89336/STM32CubeIDE/workspace_1.13.1/en.x-cube-aws-h5-v1-0-0/STM32CubeExpansion_Cloud_AWS_H5_V1.0.0/Middleware/lwip/src/core/ipv4/etharp.c:641:1:etharp_input	48	static
C:/Users/89336/STM32CubeIDE/workspace_1.13.1/en.x-cube-aws-h5-v1-0-0/STM32CubeExpansion_Cloud_AWS_H5_V1.0.0/Middleware/lwip/src/core/ipv4/etharp.c:1198:1:etharp_request	8	static
C:/Users/89336/STM32CubeIDE/workspace_1.13.1/en.x-cube-aws-h5-v1-0-0/STM32CubeExpansion_Cloud_AWS_H5_V1.0.0/Middleware/lwip/src/core/ipv4/etharp.c:197:1:etharp_tmr	8	static
C:/Users/89336/STM32CubeIDE/workspace_1.13.1/en.x-cube-aws-h5-v1-0-0/STM32CubeExpansion_Cloud_AWS_H5_V1.0.0/Middleware/lwip/src/core/ipv4/etharp.c:748:1:etharp_output_to_arp_index	24	static,ignoring_inline_asm
C:/Users/89336/STM32CubeIDE/workspace_1.13.1/en.x-cube-aws-h5-v1-0-0/STM32CubeExpansion_Cloud_AWS_H5_V1.0.0/Middleware/lwip/src/core/ipv4/etharp.c:933:1:etharp_query	32	static,ignoring_inline_asm
C:/Users/89336/STM32CubeIDE/workspace_1.13.1/en.x-cube-aws-h5-v1-0-0/STM32CubeExpansion_Cloud_AWS_H5_V1.0.0/Middleware/lwip/src/core/ipv4/etharp.c:791:1:etharp_output	32	static,ignoring_inline_asm
