C:/Users/89336/STM32CubeIDE/workspace_1.13.1/en.x-cube-aws-h5-v1-0-0/STM32CubeExpansion_Cloud_AWS_H5_V1.0.0/Middleware/lwip/src/core/pbuf.c:179:1:pbuf_init_alloced_pbuf	4	static
C:/Users/89336/STM32CubeIDE/workspace_1.13.1/en.x-cube-aws-h5-v1-0-0/STM32CubeExpansion_Cloud_AWS_H5_V1.0.0/Middleware/lwip/src/core/pbuf.c:1152:1:pbuf_skip_const	0	static
C:/Users/89336/STM32CubeIDE/workspace_1.13.1/en.x-cube-aws-h5-v1-0-0/STM32CubeExpansion_Cloud_AWS_H5_V1.0.0/Middleware/lwip/src/core/pbuf.c:473:1:pbuf_add_header_impl	16	static,ignoring_inline_asm
C:/Users/89336/STM32CubeIDE/workspace_1.13.1/en.x-cube-aws-h5-v1-0-0/STM32CubeExpansion_Cloud_AWS_H5_V1.0.0/Middleware/lwip/src/core/pbuf.c:157:1:pbuf_pool_is_empty	8	static
C:/Users/89336/STM32CubeIDE/workspace_1.13.1/en.x-cube-aws-h5-v1-0-0/STM32CubeExpansion_Cloud_AWS_H5_V1.0.0/Middleware/lwip/src/core/pbuf.c:128:1:pbuf_free_ooseq	8	static
C:/Users/89336/STM32CubeIDE/workspace_1.13.1/en.x-cube-aws-h5-v1-0-0/STM32CubeExpansion_Cloud_AWS_H5_V1.0.0/Middleware/lwip/src/core/pbuf.c:148:1:pbuf_free_ooseq_callback	8	static
C:/Users/89336/STM32CubeIDE/workspace_1.13.1/en.x-cube-aws-h5-v1-0-0/STM32CubeExpansion_Cloud_AWS_H5_V1.0.0/Middleware/lwip/src/core/pbuf.c:327:1:pbuf_alloc_reference	32	static,ignoring_inline_asm
C:/Users/89336/STM32CubeIDE/workspace_1.13.1/en.x-cube-aws-h5-v1-0-0/STM32CubeExpansion_Cloud_AWS_H5_V1.0.0/Middleware/lwip/src/core/pbuf.c:363:1:pbuf_alloced_custom	16	static
C:/Users/89336/STM32CubeIDE/workspace_1.13.1/en.x-cube-aws-h5-v1-0-0/STM32CubeExpansion_Cloud_AWS_H5_V1.0.0/Middleware/lwip/src/core/pbuf.c:551:1:pbuf_add_header	8	static
C:/Users/89336/STM32CubeIDE/workspace_1.13.1/en.x-cube-aws-h5-v1-0-0/STM32CubeExpansion_Cloud_AWS_H5_V1.0.0/Middleware/lwip/src/core/pbuf.c:561:1:pbuf_add_header_force	8	static
C:/Users/89336/STM32CubeIDE/workspace_1.13.1/en.x-cube-aws-h5-v1-0-0/STM32CubeExpansion_Cloud_AWS_H5_V1.0.0/Middleware/lwip/src/core/pbuf.c:582:1:pbuf_remove_header	16	static,ignoring_inline_asm
C:/Users/89336/STM32CubeIDE/workspace_1.13.1/en.x-cube-aws-h5-v1-0-0/STM32CubeExpansion_Cloud_AWS_H5_V1.0.0/Middleware/lwip/src/core/pbuf.c:616:1:pbuf_header_impl	8	static
C:/Users/89336/STM32CubeIDE/workspace_1.13.1/en.x-cube-aws-h5-v1-0-0/STM32CubeExpansion_Cloud_AWS_H5_V1.0.0/Middleware/lwip/src/core/pbuf.c:646:1:pbuf_header	8	static
C:/Users/89336/STM32CubeIDE/workspace_1.13.1/en.x-cube-aws-h5-v1-0-0/STM32CubeExpansion_Cloud_AWS_H5_V1.0.0/Middleware/lwip/src/core/pbuf.c:656:1:pbuf_header_force	8	static
C:/Users/89336/STM32CubeIDE/workspace_1.13.1/en.x-cube-aws-h5-v1-0-0/STM32CubeExpansion_Cloud_AWS_H5_V1.0.0/Middleware/lwip/src/core/pbuf.c:725:1:pbuf_free	24	static,ignoring_inline_asm
C:/Users/89336/STM32CubeIDE/workspace_1.13.1/en.x-cube-aws-h5-v1-0-0/STM32CubeExpansion_Cloud_AWS_H5_V1.0.0/Middleware/lwip/src/core/pbuf.c:224:1:pbuf_alloc	40	static,ignoring_inline_asm
C:/Users/89336/STM32CubeIDE/workspace_1.13.1/en.x-cube-aws-h5-v1-0-0/STM32CubeExpansion_Cloud_AWS_H5_V1.0.0/Middleware/lwip/src/core/pbuf.c:402:1:pbuf_realloc	24	static,ignoring_inline_asm
C:/Users/89336/STM32CubeIDE/workspace_1.13.1/en.x-cube-aws-h5-v1-0-0/STM32CubeExpansion_Cloud_AWS_H5_V1.0.0/Middleware/lwip/src/core/pbuf.c:671:1:pbuf_free_header	16	static
C:/Users/89336/STM32CubeIDE/workspace_1.13.1/en.x-cube-aws-h5-v1-0-0/STM32CubeExpansion_Cloud_AWS_H5_V1.0.0/Middleware/lwip/src/core/pbuf.c:809:1:pbuf_clen	0	static
C:/Users/89336/STM32CubeIDE/workspace_1.13.1/en.x-cube-aws-h5-v1-0-0/STM32CubeExpansion_Cloud_AWS_H5_V1.0.0/Middleware/lwip/src/core/pbuf.c:829:1:pbuf_ref	16	static,ignoring_inline_asm
C:/Users/89336/STM32CubeIDE/workspace_1.13.1/en.x-cube-aws-h5-v1-0-0/STM32CubeExpansion_Cloud_AWS_H5_V1.0.0/Middleware/lwip/src/core/pbuf.c:853:1:pbuf_cat	16	static,ignoring_inline_asm
C:/Users/89336/STM32CubeIDE/workspace_1.13.1/en.x-cube-aws-h5-v1-0-0/STM32CubeExpansion_Cloud_AWS_H5_V1.0.0/Middleware/lwip/src/core/pbuf.c:895:1:pbuf_chain	8	static
C:/Users/89336/STM32CubeIDE/workspace_1.13.1/en.x-cube-aws-h5-v1-0-0/STM32CubeExpansion_Cloud_AWS_H5_V1.0.0/Middleware/lwip/src/core/pbuf.c:912:1:pbuf_dechain	24	static,ignoring_inline_asm
C:/Users/89336/STM32CubeIDE/workspace_1.13.1/en.x-cube-aws-h5-v1-0-0/STM32CubeExpansion_Cloud_AWS_H5_V1.0.0/Middleware/lwip/src/core/pbuf.c:961:1:pbuf_copy	32	static,ignoring_inline_asm
C:/Users/89336/STM32CubeIDE/workspace_1.13.1/en.x-cube-aws-h5-v1-0-0/STM32CubeExpansion_Cloud_AWS_H5_V1.0.0/Middleware/lwip/src/core/pbuf.c:1027:1:pbuf_copy_partial	40	static
C:/Users/89336/STM32CubeIDE/workspace_1.13.1/en.x-cube-aws-h5-v1-0-0/STM32CubeExpansion_Cloud_AWS_H5_V1.0.0/Middleware/lwip/src/core/pbuf.c:1074:1:pbuf_get_contiguous	32	static
C:/Users/89336/STM32CubeIDE/workspace_1.13.1/en.x-cube-aws-h5-v1-0-0/STM32CubeExpansion_Cloud_AWS_H5_V1.0.0/Middleware/lwip/src/core/pbuf.c:1113:6:pbuf_split_64k	16	static,ignoring_inline_asm
C:/Users/89336/STM32CubeIDE/workspace_1.13.1/en.x-cube-aws-h5-v1-0-0/STM32CubeExpansion_Cloud_AWS_H5_V1.0.0/Middleware/lwip/src/core/pbuf.c:1178:1:pbuf_skip	8	static
C:/Users/89336/STM32CubeIDE/workspace_1.13.1/en.x-cube-aws-h5-v1-0-0/STM32CubeExpansion_Cloud_AWS_H5_V1.0.0/Middleware/lwip/src/core/pbuf.c:1196:1:pbuf_take	40	static,ignoring_inline_asm
C:/Users/89336/STM32CubeIDE/workspace_1.13.1/en.x-cube-aws-h5-v1-0-0/STM32CubeExpansion_Cloud_AWS_H5_V1.0.0/Middleware/lwip/src/core/pbuf.c:1240:1:pbuf_take_at	40	static,ignoring_inline_asm
C:/Users/89336/STM32CubeIDE/workspace_1.13.1/en.x-cube-aws-h5-v1-0-0/STM32CubeExpansion_Cloud_AWS_H5_V1.0.0/Middleware/lwip/src/core/pbuf.c:1306:1:pbuf_clone	24	static,ignoring_inline_asm
C:/Users/89336/STM32CubeIDE/workspace_1.13.1/en.x-cube-aws-h5-v1-0-0/STM32CubeExpansion_Cloud_AWS_H5_V1.0.0/Middleware/lwip/src/core/pbuf.c:1278:1:pbuf_coalesce	16	static
C:/Users/89336/STM32CubeIDE/workspace_1.13.1/en.x-cube-aws-h5-v1-0-0/STM32CubeExpansion_Cloud_AWS_H5_V1.0.0/Middleware/lwip/src/core/pbuf.c:1389:1:pbuf_try_get_at	16	static
C:/Users/89336/STM32CubeIDE/workspace_1.13.1/en.x-cube-aws-h5-v1-0-0/STM32CubeExpansion_Cloud_AWS_H5_V1.0.0/Middleware/lwip/src/core/pbuf.c:1371:1:pbuf_get_at	8	static
C:/Users/89336/STM32CubeIDE/workspace_1.13.1/en.x-cube-aws-h5-v1-0-0/STM32CubeExpansion_Cloud_AWS_H5_V1.0.0/Middleware/lwip/src/core/pbuf.c:1411:1:pbuf_put_at	16	static
C:/Users/89336/STM32CubeIDE/workspace_1.13.1/en.x-cube-aws-h5-v1-0-0/STM32CubeExpansion_Cloud_AWS_H5_V1.0.0/Middleware/lwip/src/core/pbuf.c:1434:1:pbuf_memcmp	24	static
C:/Users/89336/STM32CubeIDE/workspace_1.13.1/en.x-cube-aws-h5-v1-0-0/STM32CubeExpansion_Cloud_AWS_H5_V1.0.0/Middleware/lwip/src/core/pbuf.c:1476:1:pbuf_memfind	24	static
C:/Users/89336/STM32CubeIDE/workspace_1.13.1/en.x-cube-aws-h5-v1-0-0/STM32CubeExpansion_Cloud_AWS_H5_V1.0.0/Middleware/lwip/src/core/pbuf.c:1503:1:pbuf_strstr	16	static
