C:/Users/89336/STM32CubeIDE/workspace_1.13.1/STM32CubeExpansion_Cloud_AWS_H5_V1.0.0/Projects/Common/net/lwip_port/src/sys_arch.c:74:7:sys_mbox_new	16	static
C:/Users/89336/STM32CubeIDE/workspace_1.13.1/STM32CubeExpansion_Cloud_AWS_H5_V1.0.0/Projects/Common/net/lwip_port/src/sys_arch.c:106:6:sys_mbox_free	16	static,ignoring_inline_asm
C:/Users/89336/STM32CubeIDE/workspace_1.13.1/STM32CubeExpansion_Cloud_AWS_H5_V1.0.0/Projects/Common/net/lwip_port/src/sys_arch.c:153:6:sys_mbox_post	16	static
C:/Users/89336/STM32CubeIDE/workspace_1.13.1/STM32CubeExpansion_Cloud_AWS_H5_V1.0.0/Projects/Common/net/lwip_port/src/sys_arch.c:174:7:sys_mbox_trypost	24	static
C:/Users/89336/STM32CubeIDE/workspace_1.13.1/STM32CubeExpansion_Cloud_AWS_H5_V1.0.0/Projects/Common/net/lwip_port/src/sys_arch.c:203:7:sys_mbox_trypost_fromisr	8	static
C:/Users/89336/STM32CubeIDE/workspace_1.13.1/STM32CubeExpansion_Cloud_AWS_H5_V1.0.0/Projects/Common/net/lwip_port/src/sys_arch.c:239:7:sys_arch_mbox_fetch	32	static,ignoring_inline_asm
C:/Users/89336/STM32CubeIDE/workspace_1.13.1/STM32CubeExpansion_Cloud_AWS_H5_V1.0.0/Projects/Common/net/lwip_port/src/sys_arch.c:328:7:sys_arch_mbox_tryfetch	16	static
C:/Users/89336/STM32CubeIDE/workspace_1.13.1/STM32CubeExpansion_Cloud_AWS_H5_V1.0.0/Projects/Common/net/lwip_port/src/sys_arch.c:375:7:sys_sem_new	16	static
C:/Users/89336/STM32CubeIDE/workspace_1.13.1/STM32CubeExpansion_Cloud_AWS_H5_V1.0.0/Projects/Common/net/lwip_port/src/sys_arch.c:423:7:sys_arch_sem_wait	16	static
C:/Users/89336/STM32CubeIDE/workspace_1.13.1/STM32CubeExpansion_Cloud_AWS_H5_V1.0.0/Projects/Common/net/lwip_port/src/sys_arch.c:467:7:sys_mutex_new	8	static
C:/Users/89336/STM32CubeIDE/workspace_1.13.1/STM32CubeExpansion_Cloud_AWS_H5_V1.0.0/Projects/Common/net/lwip_port/src/sys_arch.c:488:6:sys_mutex_lock	8	static
C:/Users/89336/STM32CubeIDE/workspace_1.13.1/STM32CubeExpansion_Cloud_AWS_H5_V1.0.0/Projects/Common/net/lwip_port/src/sys_arch.c:497:6:sys_mutex_unlock	8	static
C:/Users/89336/STM32CubeIDE/workspace_1.13.1/STM32CubeExpansion_Cloud_AWS_H5_V1.0.0/Projects/Common/net/lwip_port/src/sys_arch.c:505:6:sys_mutex_free	8	static
C:/Users/89336/STM32CubeIDE/workspace_1.13.1/STM32CubeExpansion_Cloud_AWS_H5_V1.0.0/Projects/Common/net/lwip_port/src/sys_arch.c:520:6:sys_sem_signal	16	static
C:/Users/89336/STM32CubeIDE/workspace_1.13.1/STM32CubeExpansion_Cloud_AWS_H5_V1.0.0/Projects/Common/net/lwip_port/src/sys_arch.c:542:6:sys_sem_free	8	static
C:/Users/89336/STM32CubeIDE/workspace_1.13.1/STM32CubeExpansion_Cloud_AWS_H5_V1.0.0/Projects/Common/net/lwip_port/src/sys_arch.c:554:6:sys_init	0	static
C:/Users/89336/STM32CubeIDE/workspace_1.13.1/STM32CubeExpansion_Cloud_AWS_H5_V1.0.0/Projects/Common/net/lwip_port/src/sys_arch.c:559:7:sys_now	8	static
C:/Users/89336/STM32CubeIDE/workspace_1.13.1/STM32CubeExpansion_Cloud_AWS_H5_V1.0.0/Projects/Common/net/lwip_port/src/sys_arch.c:582:14:sys_thread_new	24	static
C:/Users/89336/STM32CubeIDE/workspace_1.13.1/STM32CubeExpansion_Cloud_AWS_H5_V1.0.0/Projects/Common/net/lwip_port/src/sys_arch.c:667:12:sys_arch_protect	8	static
C:/Users/89336/STM32CubeIDE/workspace_1.13.1/STM32CubeExpansion_Cloud_AWS_H5_V1.0.0/Projects/Common/net/lwip_port/src/sys_arch.c:688:6:sys_arch_unprotect	8	static
