C:/Users/89336/STM32CubeIDE/workspace_1.13.1/en.x-cube-aws-h5-v1-0-0/STM32CubeExpansion_Cloud_AWS_H5_V1.0.0/Projects/STM32H573I-DK/aws_ri/Src/fs/ospi_nor_mx25lmxxx45g.c:121:19:ospi_InitDriver	16	static
C:/Users/89336/STM32CubeIDE/workspace_1.13.1/en.x-cube-aws-h5-v1-0-0/STM32CubeExpansion_Cloud_AWS_H5_V1.0.0/Projects/STM32H573I-DK/aws_ri/Src/fs/ospi_nor_mx25lmxxx45g.c:77:13:ospi_ErrorCallback	24	static,ignoring_inline_asm
C:/Users/89336/STM32CubeIDE/workspace_1.13.1/en.x-cube-aws-h5-v1-0-0/STM32CubeExpansion_Cloud_AWS_H5_V1.0.0/Projects/STM32H573I-DK/aws_ri/Src/fs/ospi_nor_mx25lmxxx45g.c:87:19:ospi_WaitForCallback	32	static,ignoring_inline_asm
C:/Users/89336/STM32CubeIDE/workspace_1.13.1/en.x-cube-aws-h5-v1-0-0/STM32CubeExpansion_Cloud_AWS_H5_V1.0.0/Projects/STM32H573I-DK/aws_ri/Src/fs/ospi_nor_mx25lmxxx45g.c:345:19:ospi_cmd_SPI_WREN	96	static
C:/Users/89336/STM32CubeIDE/workspace_1.13.1/en.x-cube-aws-h5-v1-0-0/STM32CubeExpansion_Cloud_AWS_H5_V1.0.0/Projects/STM32H573I-DK/aws_ri/Src/fs/ospi_nor_mx25lmxxx45g.c:389:19:ospi_cmd_SPI_8BitSTRMode	96	static
C:/Users/89336/STM32CubeIDE/workspace_1.13.1/en.x-cube-aws-h5-v1-0-0/STM32CubeExpansion_Cloud_AWS_H5_V1.0.0/Projects/STM32H573I-DK/aws_ri/Src/fs/ospi_nor_mx25lmxxx45g.c:150:19:ospi_cmd_OPI_WREN	96	static
C:/Users/89336/STM32CubeIDE/workspace_1.13.1/en.x-cube-aws-h5-v1-0-0/STM32CubeExpansion_Cloud_AWS_H5_V1.0.0/Projects/STM32H573I-DK/aws_ri/Src/fs/ospi_nor_mx25lmxxx45g.c:143:13:ospi_AbortTransaction	8	static
C:/Users/89336/STM32CubeIDE/workspace_1.13.1/en.x-cube-aws-h5-v1-0-0/STM32CubeExpansion_Cloud_AWS_H5_V1.0.0/Projects/STM32H573I-DK/aws_ri/Src/fs/ospi_nor_mx25lmxxx45g.c:272:19:ospi_SPI_WaitForStatus	136	static
C:/Users/89336/STM32CubeIDE/workspace_1.13.1/en.x-cube-aws-h5-v1-0-0/STM32CubeExpansion_Cloud_AWS_H5_V1.0.0/Projects/STM32H573I-DK/aws_ri/Src/fs/ospi_nor_mx25lmxxx45g.c:196:19:ospi_OPI_WaitForStatus	136	static
C:/Users/89336/STM32CubeIDE/workspace_1.13.1/en.x-cube-aws-h5-v1-0-0/STM32CubeExpansion_Cloud_AWS_H5_V1.0.0/Projects/STM32H573I-DK/aws_ri/Src/fs/ospi_nor_mx25lmxxx45g.c:82:13:ospi_AbortCallback	24	static,ignoring_inline_asm
C:/Users/89336/STM32CubeIDE/workspace_1.13.1/en.x-cube-aws-h5-v1-0-0/STM32CubeExpansion_Cloud_AWS_H5_V1.0.0/Projects/STM32H573I-DK/aws_ri/Src/fs/ospi_nor_mx25lmxxx45g.c:52:13:ospi_RxCpltCallback	24	static,ignoring_inline_asm
C:/Users/89336/STM32CubeIDE/workspace_1.13.1/en.x-cube-aws-h5-v1-0-0/STM32CubeExpansion_Cloud_AWS_H5_V1.0.0/Projects/STM32H573I-DK/aws_ri/Src/fs/ospi_nor_mx25lmxxx45g.c:57:13:ospi_TxCpltCallback	24	static,ignoring_inline_asm
C:/Users/89336/STM32CubeIDE/workspace_1.13.1/en.x-cube-aws-h5-v1-0-0/STM32CubeExpansion_Cloud_AWS_H5_V1.0.0/Projects/STM32H573I-DK/aws_ri/Src/fs/ospi_nor_mx25lmxxx45g.c:62:13:ospi_CmdCpltCallback	24	static,ignoring_inline_asm
C:/Users/89336/STM32CubeIDE/workspace_1.13.1/en.x-cube-aws-h5-v1-0-0/STM32CubeExpansion_Cloud_AWS_H5_V1.0.0/Projects/STM32H573I-DK/aws_ri/Src/fs/ospi_nor_mx25lmxxx45g.c:67:13:ospi_StatusMatchCpltCallback	24	static,ignoring_inline_asm
C:/Users/89336/STM32CubeIDE/workspace_1.13.1/en.x-cube-aws-h5-v1-0-0/STM32CubeExpansion_Cloud_AWS_H5_V1.0.0/Projects/STM32H573I-DK/aws_ri/Src/fs/ospi_nor_mx25lmxxx45g.c:72:13:ospi_TimeoutCallback	24	static,ignoring_inline_asm
C:/Users/89336/STM32CubeIDE/workspace_1.13.1/en.x-cube-aws-h5-v1-0-0/STM32CubeExpansion_Cloud_AWS_H5_V1.0.0/Projects/STM32H573I-DK/aws_ri/Src/fs/ospi_nor_mx25lmxxx45g.c:441:12:ospi_Init	16	static
C:/Users/89336/STM32CubeIDE/workspace_1.13.1/en.x-cube-aws-h5-v1-0-0/STM32CubeExpansion_Cloud_AWS_H5_V1.0.0/Projects/STM32H573I-DK/aws_ri/Src/fs/ospi_nor_mx25lmxxx45g.c:497:12:ospi_ReadAddr	104	static
C:/Users/89336/STM32CubeIDE/workspace_1.13.1/en.x-cube-aws-h5-v1-0-0/STM32CubeExpansion_Cloud_AWS_H5_V1.0.0/Projects/STM32H573I-DK/aws_ri/Src/fs/ospi_nor_mx25lmxxx45g.c:606:12:ospi_WriteAddr	104	static
C:/Users/89336/STM32CubeIDE/workspace_1.13.1/en.x-cube-aws-h5-v1-0-0/STM32CubeExpansion_Cloud_AWS_H5_V1.0.0/Projects/STM32H573I-DK/aws_ri/Src/fs/ospi_nor_mx25lmxxx45g.c:728:12:ospi_EraseSector	96	static
