C:/Users/89336/STM32CubeIDE/workspace_1.13.1/STM32CubeExpansion_Cloud_AWS_H5_V1.0.0/Projects/Common/kvstore/kvstore.c:46:15:xReadEntryOrDefault	48	static,ignoring_inline_asm
C:/Users/89336/STM32CubeIDE/workspace_1.13.1/STM32CubeExpansion_Cloud_AWS_H5_V1.0.0/Projects/Common/kvstore/kvstore.c:117:6:KVStore_init	8	static
C:/Users/89336/STM32CubeIDE/workspace_1.13.1/STM32CubeExpansion_Cloud_AWS_H5_V1.0.0/Projects/Common/kvstore/kvstore.c:137:12:KVStore_setBlob	8	static
C:/Users/89336/STM32CubeIDE/workspace_1.13.1/STM32CubeExpansion_Cloud_AWS_H5_V1.0.0/Projects/Common/kvstore/kvstore.c:152:12:KVStore_setString	16	static
C:/Users/89336/STM32CubeIDE/workspace_1.13.1/STM32CubeExpansion_Cloud_AWS_H5_V1.0.0/Projects/Common/kvstore/kvstore.c:167:12:KVStore_setUInt32	16	static
C:/Users/89336/STM32CubeIDE/workspace_1.13.1/STM32CubeExpansion_Cloud_AWS_H5_V1.0.0/Projects/Common/kvstore/kvstore.c:180:12:KVStore_setInt32	16	static
C:/Users/89336/STM32CubeIDE/workspace_1.13.1/STM32CubeExpansion_Cloud_AWS_H5_V1.0.0/Projects/Common/kvstore/kvstore.c:193:12:KVStore_setUBase	16	static
C:/Users/89336/STM32CubeIDE/workspace_1.13.1/STM32CubeExpansion_Cloud_AWS_H5_V1.0.0/Projects/Common/kvstore/kvstore.c:207:12:KVStore_setBase	16	static
C:/Users/89336/STM32CubeIDE/workspace_1.13.1/STM32CubeExpansion_Cloud_AWS_H5_V1.0.0/Projects/Common/kvstore/kvstore.c:220:8:KVStore_getSize	8	static
C:/Users/89336/STM32CubeIDE/workspace_1.13.1/STM32CubeExpansion_Cloud_AWS_H5_V1.0.0/Projects/Common/kvstore/kvstore.c:268:8:KVStore_getBlob	24	static
C:/Users/89336/STM32CubeIDE/workspace_1.13.1/STM32CubeExpansion_Cloud_AWS_H5_V1.0.0/Projects/Common/kvstore/kvstore.c:286:8:KVStore_getBlobHeap	32	static
C:/Users/89336/STM32CubeIDE/workspace_1.13.1/STM32CubeExpansion_Cloud_AWS_H5_V1.0.0/Projects/Common/kvstore/kvstore.c:320:20:KVStore_getType	0	static
C:/Users/89336/STM32CubeIDE/workspace_1.13.1/STM32CubeExpansion_Cloud_AWS_H5_V1.0.0/Projects/Common/kvstore/kvstore.c:332:8:KVStore_getString	24	static
C:/Users/89336/STM32CubeIDE/workspace_1.13.1/STM32CubeExpansion_Cloud_AWS_H5_V1.0.0/Projects/Common/kvstore/kvstore.c:361:8:KVStore_getStringHeap	32	static
C:/Users/89336/STM32CubeIDE/workspace_1.13.1/STM32CubeExpansion_Cloud_AWS_H5_V1.0.0/Projects/Common/kvstore/kvstore.c:395:10:KVStore_getUInt32	24	static
C:/Users/89336/STM32CubeIDE/workspace_1.13.1/STM32CubeExpansion_Cloud_AWS_H5_V1.0.0/Projects/Common/kvstore/kvstore.c:421:9:KVStore_getInt32	24	static
C:/Users/89336/STM32CubeIDE/workspace_1.13.1/STM32CubeExpansion_Cloud_AWS_H5_V1.0.0/Projects/Common/kvstore/kvstore.c:445:12:KVStore_getBase	24	static
C:/Users/89336/STM32CubeIDE/workspace_1.13.1/STM32CubeExpansion_Cloud_AWS_H5_V1.0.0/Projects/Common/kvstore/kvstore.c:469:13:KVStore_getUBase	24	static
C:/Users/89336/STM32CubeIDE/workspace_1.13.1/STM32CubeExpansion_Cloud_AWS_H5_V1.0.0/Projects/Common/kvstore/kvstore.c:493:14:kvKeyToString	0	static
C:/Users/89336/STM32CubeIDE/workspace_1.13.1/STM32CubeExpansion_Cloud_AWS_H5_V1.0.0/Projects/Common/kvstore/kvstore.c:505:14:kvStringToKey	16	static
