Archive member included to satisfy reference by file (symbol)

C:/ST/STM32CubeIDE_1.13.1/STM32CubeIDE/plugins/com.st.stm32cube.ide.mcu.externaltools.gnu-tools-for-stm32.11.3.rel1.win32_1.1.0.202305231506/tools/bin/../lib/gcc/arm-none-eabi/11.3.1/../../../../arm-none-eabi/lib/thumb/v8-m.main+fp/hard\libc_nano.a(libc_a-atoi.o)
                              ./Application/User/NetXDuo/App/console.o (atoi)
C:/ST/STM32CubeIDE_1.13.1/STM32CubeIDE/plugins/com.st.stm32cube.ide.mcu.externaltools.gnu-tools-for-stm32.11.3.rel1.win32_1.1.0.202305231506/tools/bin/../lib/gcc/arm-none-eabi/11.3.1/../../../../arm-none-eabi/lib/thumb/v8-m.main+fp/hard\libc_nano.a(libc_a-exit.o)
                              C:/ST/STM32CubeIDE_1.13.1/STM32CubeIDE/plugins/com.st.stm32cube.ide.mcu.externaltools.gnu-tools-for-stm32.11.3.rel1.win32_1.1.0.202305231506/tools/bin/../lib/gcc/arm-none-eabi/11.3.1/../../../../arm-none-eabi/lib/thumb/v8-m.main+fp/hard/crt0.o (exit)
C:/ST/STM32CubeIDE_1.13.1/STM32CubeIDE/plugins/com.st.stm32cube.ide.mcu.externaltools.gnu-tools-for-stm32.11.3.rel1.win32_1.1.0.202305231506/tools/bin/../lib/gcc/arm-none-eabi/11.3.1/../../../../arm-none-eabi/lib/thumb/v8-m.main+fp/hard\libc_nano.a(libc_a-malloc.o)
                              ./Application/User/NetXDuo/App/console.o (malloc)
C:/ST/STM32CubeIDE_1.13.1/STM32CubeIDE/plugins/com.st.stm32cube.ide.mcu.externaltools.gnu-tools-for-stm32.11.3.rel1.win32_1.1.0.202305231506/tools/bin/../lib/gcc/arm-none-eabi/11.3.1/../../../../arm-none-eabi/lib/thumb/v8-m.main+fp/hard\libc_nano.a(libc_a-mallocr.o)
                              C:/ST/STM32CubeIDE_1.13.1/STM32CubeIDE/plugins/com.st.stm32cube.ide.mcu.externaltools.gnu-tools-for-stm32.11.3.rel1.win32_1.1.0.202305231506/tools/bin/../lib/gcc/arm-none-eabi/11.3.1/../../../../arm-none-eabi/lib/thumb/v8-m.main+fp/hard\libc_nano.a(libc_a-malloc.o) (_malloc_r)
C:/ST/STM32CubeIDE_1.13.1/STM32CubeIDE/plugins/com.st.stm32cube.ide.mcu.externaltools.gnu-tools-for-stm32.11.3.rel1.win32_1.1.0.202305231506/tools/bin/../lib/gcc/arm-none-eabi/11.3.1/../../../../arm-none-eabi/lib/thumb/v8-m.main+fp/hard\libc_nano.a(libc_a-mlock.o)
                              C:/ST/STM32CubeIDE_1.13.1/STM32CubeIDE/plugins/com.st.stm32cube.ide.mcu.externaltools.gnu-tools-for-stm32.11.3.rel1.win32_1.1.0.202305231506/tools/bin/../lib/gcc/arm-none-eabi/11.3.1/../../../../arm-none-eabi/lib/thumb/v8-m.main+fp/hard\libc_nano.a(libc_a-mallocr.o) (__malloc_lock)
C:/ST/STM32CubeIDE_1.13.1/STM32CubeIDE/plugins/com.st.stm32cube.ide.mcu.externaltools.gnu-tools-for-stm32.11.3.rel1.win32_1.1.0.202305231506/tools/bin/../lib/gcc/arm-none-eabi/11.3.1/../../../../arm-none-eabi/lib/thumb/v8-m.main+fp/hard\libc_nano.a(libc_a-rand.o)
                              ./Application/User/Core/main.o (srand)
C:/ST/STM32CubeIDE_1.13.1/STM32CubeIDE/plugins/com.st.stm32cube.ide.mcu.externaltools.gnu-tools-for-stm32.11.3.rel1.win32_1.1.0.202305231506/tools/bin/../lib/gcc/arm-none-eabi/11.3.1/../../../../arm-none-eabi/lib/thumb/v8-m.main+fp/hard\libc_nano.a(libc_a-strtol.o)
                              C:/ST/STM32CubeIDE_1.13.1/STM32CubeIDE/plugins/com.st.stm32cube.ide.mcu.externaltools.gnu-tools-for-stm32.11.3.rel1.win32_1.1.0.202305231506/tools/bin/../lib/gcc/arm-none-eabi/11.3.1/../../../../arm-none-eabi/lib/thumb/v8-m.main+fp/hard\libc_nano.a(libc_a-atoi.o) (_strtol_r)
C:/ST/STM32CubeIDE_1.13.1/STM32CubeIDE/plugins/com.st.stm32cube.ide.mcu.externaltools.gnu-tools-for-stm32.11.3.rel1.win32_1.1.0.202305231506/tools/bin/../lib/gcc/arm-none-eabi/11.3.1/../../../../arm-none-eabi/lib/thumb/v8-m.main+fp/hard\libc_nano.a(libc_a-ctype_.o)
                              C:/ST/STM32CubeIDE_1.13.1/STM32CubeIDE/plugins/com.st.stm32cube.ide.mcu.externaltools.gnu-tools-for-stm32.11.3.rel1.win32_1.1.0.202305231506/tools/bin/../lib/gcc/arm-none-eabi/11.3.1/../../../../arm-none-eabi/lib/thumb/v8-m.main+fp/hard\libc_nano.a(libc_a-strtol.o) (_ctype_)
C:/ST/STM32CubeIDE_1.13.1/STM32CubeIDE/plugins/com.st.stm32cube.ide.mcu.externaltools.gnu-tools-for-stm32.11.3.rel1.win32_1.1.0.202305231506/tools/bin/../lib/gcc/arm-none-eabi/11.3.1/../../../../arm-none-eabi/lib/thumb/v8-m.main+fp/hard\libc_nano.a(libc_a-findfp.o)
                              C:/ST/STM32CubeIDE_1.13.1/STM32CubeIDE/plugins/com.st.stm32cube.ide.mcu.externaltools.gnu-tools-for-stm32.11.3.rel1.win32_1.1.0.202305231506/tools/bin/../lib/gcc/arm-none-eabi/11.3.1/../../../../arm-none-eabi/lib/thumb/v8-m.main+fp/hard\libc_nano.a(libc_a-exit.o) (__stdio_exit_handler)
C:/ST/STM32CubeIDE_1.13.1/STM32CubeIDE/plugins/com.st.stm32cube.ide.mcu.externaltools.gnu-tools-for-stm32.11.3.rel1.win32_1.1.0.202305231506/tools/bin/../lib/gcc/arm-none-eabi/11.3.1/../../../../arm-none-eabi/lib/thumb/v8-m.main+fp/hard\libc_nano.a(libc_a-fwalk.o)
[...]
Memory Configuration

Name             Origin             Length             Attributes
RAM              0x0000000020000000 0x00000000000a0000 xrw
FLASH            0x0000000008000000 0x0000000000200000 xr
*default*        0x0000000000000000 0xffffffffffffffff

Linker script and memory map

LOAD C:/ST/STM32CubeIDE_1.13.1/STM32CubeIDE/plugins/com.st.stm32cube.ide.mcu.externaltools.gnu-tools-for-stm32.11.3.rel1.win32_1.1.0.202305231506/tools/bin/../lib/gcc/arm-none-eabi/11.3.1/thumb/v8-m.main+fp/hard/crti.o
LOAD C:/ST/STM32CubeIDE_1.13.1/STM32CubeIDE/plugins/com.st.stm32cube.ide.mcu.externaltools.gnu-tools-for-stm32.11.3.rel1.win32_1.1.0.202305231506/tools/bin/../lib/gcc/arm-none-eabi/11.3.1/thumb/v8-m.main+fp/hard/crtbegin.o
LOAD C:/ST/STM32CubeIDE_1.13.1/STM32CubeIDE/plugins/com.st.stm32cube.ide.mcu.externaltools.gnu-tools-for-stm32.11.3.rel1.win32_1.1.0.202305231506/tools/bin/../lib/gcc/arm-none-eabi/11.3.1/../../../../arm-none-eabi/lib/thumb/v8-m.main+fp/hard/crt0.o
LOAD ./Application/User/AZURE_RTOS/App/app_azure_rtos.o
LOAD ./Application/User/Core/app_threadx.o
LOAD ./Application/User/Core/main.o
LOAD ./Application/User/Core/stm32h5xx_hal_msp.o
LOAD ./Application/User/Core/stm32h5xx_hal_timebase_tim.o
LOAD ./Application/User/Core/stm32h5xx_it.o
LOAD ./Application/User/Core/syscalls.o
LOAD ./Application/User/Core/sysmem.o
LOAD ./Application/User/Core/tx_initialize_low_level.o
LOAD ./Application/User/NetXDuo/App/app_netxduo.o
LOAD ./Application/User/NetXDuo/App/console.o
LOAD ./Application/User/NetXDuo/App/http_download.o
LOAD ./Application/User/NetXDuo/App/ping.o
LOAD ./Application/User/NetXDuo/App/scan.o
LOAD ./Application/User/NetXDuo/App/test_echo_server.o
LOAD ./Application/User/Startup/startup_stm32h573iikxq.o
LOAD ./Drivers/BSP/Components/mx_wifi/core/mx_address.o
LOAD ./Drivers/BSP/Components/mx_wifi/core/mx_wifi_hci.o
LOAD ./Drivers/BSP/Components/mx_wifi/core/mx_wifi_ipc.o
LOAD ./Drivers/BSP/Components/mx_wifi/io_pattern/mx_wifi_spi.o
LOAD ./Drivers/BSP/Components/mx_wifi/mx_wifi.o
LOAD ./Drivers/CMSIS/system_stm32h5xx.o
LOAD ./Drivers/STM32H5xx_HAL_Driver/stm32h5xx_hal.o
LOAD ./Drivers/STM32H5xx_HAL_Driver/stm32h5xx_hal_cortex.o
LOAD ./Drivers/STM32H5xx_HAL_Driver/stm32h5xx_hal_dma.o
LOAD ./Drivers/STM32H5xx_HAL_Driver/stm32h5xx_hal_dma_ex.o
LOAD ./Drivers/STM32H5xx_HAL_Driver/stm32h5xx_hal_exti.o
LOAD ./Drivers/STM32H5xx_HAL_Driver/stm32h5xx_hal_flash.o
LOAD ./Drivers/STM32H5xx_HAL_Driver/stm32h5xx_hal_flash_ex.o
LOAD ./Drivers/STM32H5xx_HAL_Driver/stm32h5xx_hal_gpio.o
LOAD ./Drivers/STM32H5xx_HAL_Driver/stm32h5xx_hal_icache.o
LOAD ./Drivers/STM32H5xx_HAL_Driver/stm32h5xx_hal_pwr.o
LOAD ./Drivers/STM32H5xx_HAL_Driver/stm32h5xx_hal_pwr_ex.o
LOAD ./Drivers/STM32H5xx_HAL_Driver/stm32h5xx_hal_rcc.o
LOAD ./Drivers/STM32H5xx_HAL_Driver/stm32h5xx_hal_rcc_ex.o
LOAD ./Drivers/STM32H5xx_HAL_Driver/stm32h5xx_hal_rng.o
LOAD ./Drivers/STM32H5xx_HAL_Driver/stm32h5xx_hal_rng_ex.o
LOAD ./Drivers/STM32H5xx_HAL_Driver/stm32h5xx_hal_spi.o
LOAD ./Drivers/STM32H5xx_HAL_Driver/stm32h5xx_hal_spi_ex.o
LOAD ./Drivers/STM32H5xx_HAL_Driver/stm32h5xx_hal_tim.o
LOAD ./Drivers/STM32H5xx_HAL_Driver/stm32h5xx_hal_tim_ex.o
LOAD ./Drivers/STM32H5xx_HAL_Driver/stm32h5xx_hal_uart.o
LOAD ./Drivers/STM32H5xx_HAL_Driver/stm32h5xx_hal_uart_ex.o
LOAD ./Middlewares/Interfaces/Network/wifi/mx_wifi_azure_rtos.o
LOAD ./Middlewares/Interfaces/Network/wifi/nx_driver_emw3080.o
LOAD ./Middlewares/NetXDuo/Addons DHCP Client/nxd_dhcp_client.o
LOAD ./Middlewares/NetXDuo/Addons DHCP Client/nxd_dhcpv6_client.o
LOAD ./Middlewares/NetXDuo/Addons DNS/nxd_dns.o
LOAD ./Middlewares/NetXDuo/Addons_BSD/nxd_bsd.o
LOAD ./Middlewares/NetXDuo/NX Core/nx_arp_announce_send.o
LOAD ./Middlewares/NetXDuo/NX Core/nx_arp_dynamic_entries_invalidate.o
LOAD ./Middlewares/NetXDuo/NX Core/nx_arp_dynamic_entry_delete.o
LOAD ./Middlewares/NetXDuo/NX Core/nx_arp_dynamic_entry_set.o
LOAD ./Middlewares/NetXDuo/NX Core/nx_arp_enable.o
LOAD ./Middlewares/NetXDuo/NX Core/nx_arp_entry_allocate.o
LOAD ./Middlewares/NetXDuo/NX Core/nx_arp_entry_delete.o
LOAD ./Middlewares/NetXDuo/NX Core/nx_arp_gratuitous_send.o
LOAD ./Middlewares/NetXDuo/NX Core/nx_arp_hardware_address_find.o
LOAD ./Middlewares/NetXDuo/NX Core/nx_arp_info_get.o
LOAD ./Middlewares/NetXDuo/NX Core/nx_arp_initialize.o
LOAD ./Middlewares/NetXDuo/NX Core/nx_arp_interface_entries_delete.o
LOAD ./Middlewares/NetXDuo/NX Core/nx_arp_ip_address_find.o
LOAD ./Middlewares/NetXDuo/NX Core/nx_arp_packet_deferred_receive.o
LOAD ./Middlewares/NetXDuo/NX Core/nx_arp_packet_receive.o
LOAD ./Middlewares/NetXDuo/NX Core/nx_arp_packet_send.o
LOAD ./Middlewares/NetXDuo/NX Core/nx_arp_periodic_update.o
LOAD ./Middlewares/NetXDuo/NX Core/nx_arp_probe_send.o
LOAD ./Middlewares/NetXDuo/NX Core/nx_arp_queue_process.o
LOAD ./Middlewares/NetXDuo/NX Core/nx_arp_queue_send.o
LOAD ./Middlewares/NetXDuo/NX Core/nx_arp_static_entries_delete.o
LOAD ./Middlewares/NetXDuo/NX Core/nx_arp_static_entry_create.o
LOAD ./Middlewares/NetXDuo/NX Core/nx_arp_static_entry_delete.o
LOAD ./Middlewares/NetXDuo/NX Core/nx_arp_static_entry_delete_internal.o
LOAD ./Middlewares/NetXDuo/NX Core/nx_http_proxy_client.o
LOAD ./Middlewares/NetXDuo/NX Core/nx_icmp_cleanup.o
LOAD ./Middlewares/NetXDuo/NX Core/nx_icmp_enable.o
LOAD ./Middlewares/NetXDuo/NX Core/nx_icmp_info_get.o
LOAD ./Middlewares/NetXDuo/NX Core/nx_icmp_interface_ping.o
LOAD ./Middlewares/NetXDuo/NX Core/nx_icmp_interface_ping6.o
LOAD ./Middlewares/NetXDuo/NX Core/nx_icmp_packet_process.o
LOAD ./Middlewares/NetXDuo/NX Core/nx_icmp_packet_receive.o
LOAD ./Middlewares/NetXDuo/NX Core/nx_icmp_ping.o
LOAD ./Middlewares/NetXDuo/NX Core/nx_icmp_ping6.o
LOAD ./Middlewares/NetXDuo/NX Core/nx_icmp_queue_process.o
LOAD ./Middlewares/NetXDuo/NX Core/nx_icmpv4_packet_process.o
LOAD ./Middlewares/NetXDuo/NX Core/nx_icmpv4_process_echo_reply.o
LOAD ./Middlewares/NetXDuo/NX Core/nx_icmpv4_process_echo_request.o
LOAD ./Middlewares/NetXDuo/NX Core/nx_icmpv4_send_error_message.o
LOAD ./Middlewares/NetXDuo/NX Core/nx_icmpv6_DAD_clear_NDCache_entry.o
LOAD ./Middlewares/NetXDuo/NX Core/nx_icmpv6_DAD_failure.o
LOAD ./Middlewares/NetXDuo/NX Core/nx_icmpv6_dest_table_add.o
LOAD ./Middlewares/NetXDuo/NX Core/nx_icmpv6_dest_table_find.o
LOAD ./Middlewares/NetXDuo/NX Core/nx_icmpv6_destination_table_periodic_update.o
LOAD ./Middlewares/NetXDuo/NX Core/nx_icmpv6_packet_process.o
LOAD ./Middlewares/NetXDuo/NX Core/nx_icmpv6_perform_DAD.o
LOAD ./Middlewares/NetXDuo/NX Core/nx_icmpv6_process_echo_reply.o
LOAD ./Middlewares/NetXDuo/NX Core/nx_icmpv6_process_echo_request.o
LOAD ./Middlewares/NetXDuo/NX Core/nx_icmpv6_process_na.o
LOAD ./Middlewares/NetXDuo/NX Core/nx_icmpv6_process_ns.o
LOAD ./Middlewares/NetXDuo/NX Core/nx_icmpv6_process_packet_too_big.o
LOAD ./Middlewares/NetXDuo/NX Core/nx_icmpv6_process_ra.o
LOAD ./Middlewares/NetXDuo/NX Core/nx_icmpv6_process_redirect.o
LOAD ./Middlewares/NetXDuo/NX Core/nx_icmpv6_send_error_message.o
LOAD ./Middlewares/NetXDuo/NX Core/nx_icmpv6_send_ns.o
LOAD ./Middlewares/NetXDuo/NX Core/nx_icmpv6_send_queued_packets.o
LOAD ./Middlewares/NetXDuo/NX Core/nx_icmpv6_send_rs.o
LOAD ./Middlewares/NetXDuo/NX Core/nx_icmpv6_validate_neighbor_message.o
LOAD ./Middlewares/NetXDuo/NX Core/nx_icmpv6_validate_options.o
LOAD ./Middlewares/NetXDuo/NX Core/nx_icmpv6_validate_ra.o
LOAD ./Middlewares/NetXDuo/NX Core/nx_igmp_enable.o
LOAD ./Middlewares/NetXDuo/NX Core/nx_igmp_info_get.o
LOAD ./Middlewares/NetXDuo/NX Core/nx_igmp_interface_report_send.o
LOAD ./Middlewares/NetXDuo/NX Core/nx_igmp_loopback_disable.o
LOAD ./Middlewares/NetXDuo/NX Core/nx_igmp_loopback_enable.o
LOAD ./Middlewares/NetXDuo/NX Core/nx_igmp_multicast_check.o
LOAD ./Middlewares/NetXDuo/NX Core/nx_igmp_multicast_interface_join.o
LOAD ./Middlewares/NetXDuo/NX Core/nx_igmp_multicast_interface_join_internal.o
LOAD ./Middlewares/NetXDuo/NX Core/nx_igmp_multicast_interface_leave.o
LOAD ./Middlewares/NetXDuo/NX Core/nx_igmp_multicast_interface_leave_internal.o
LOAD ./Middlewares/NetXDuo/NX Core/nx_igmp_multicast_join.o
LOAD ./Middlewares/NetXDuo/NX Core/nx_igmp_multicast_leave.o
LOAD ./Middlewares/NetXDuo/NX Core/nx_igmp_packet_process.o
LOAD ./Middlewares/NetXDuo/NX Core/nx_igmp_packet_receive.o
LOAD ./Middlewares/NetXDuo/NX Core/nx_igmp_periodic_processing.o
LOAD ./Middlewares/NetXDuo/NX Core/nx_igmp_queue_process.o
LOAD ./Middlewares/NetXDuo/NX Core/nx_invalidate_destination_entry.o
LOAD ./Middlewares/NetXDuo/NX Core/nx_ip_address_change_notify.o
LOAD ./Middlewares/NetXDuo/NX Core/nx_ip_address_get.o
LOAD ./Middlewares/NetXDuo/NX Core/nx_ip_address_set.o
LOAD ./Middlewares/NetXDuo/NX Core/nx_ip_auxiliary_packet_pool_set.o
LOAD ./Middlewares/NetXDuo/NX Core/nx_ip_checksum_compute.o
LOAD ./Middlewares/NetXDuo/NX Core/nx_ip_create.o
LOAD ./Middlewares/NetXDuo/NX Core/nx_ip_deferred_link_status_process.o
LOAD ./Middlewares/NetXDuo/NX Core/nx_ip_delete.o
LOAD ./Middlewares/NetXDuo/NX Core/nx_ip_delete_queue_clear.o
LOAD ./Middlewares/NetXDuo/NX Core/nx_ip_dispatch_process.o
LOAD ./Middlewares/NetXDuo/NX Core/nx_ip_driver_deferred_enable.o
LOAD ./Middlewares/NetXDuo/NX Core/nx_ip_driver_deferred_processing.o
LOAD ./Middlewares/NetXDuo/NX Core/nx_ip_driver_deferred_receive.o
LOAD ./Middlewares/NetXDuo/NX Core/nx_ip_driver_direct_command.o
LOAD ./Middlewares/NetXDuo/NX Core/nx_ip_driver_interface_direct_command.o
LOAD ./Middlewares/NetXDuo/NX Core/nx_ip_driver_link_status_event.o
LOAD ./Middlewares/NetXDuo/NX Core/nx_ip_driver_packet_send.o
LOAD ./Middlewares/NetXDuo/NX Core/nx_ip_fast_periodic_timer_entry.o
LOAD ./Middlewares/NetXDuo/NX Core/nx_ip_forward_packet_process.o
LOAD ./Middlewares/NetXDuo/NX Core/nx_ip_forwarding_disable.o
LOAD ./Middlewares/NetXDuo/NX Core/nx_ip_forwarding_enable.o
LOAD ./Middlewares/NetXDuo/NX Core/nx_ip_fragment_assembly.o
LOAD ./Middlewares/NetXDuo/NX Core/nx_ip_fragment_disable.o
LOAD ./Middlewares/NetXDuo/NX Core/nx_ip_fragment_enable.o
LOAD ./Middlewares/NetXDuo/NX Core/nx_ip_fragment_forward_packet.o
LOAD ./Middlewares/NetXDuo/NX Core/nx_ip_fragment_packet.o
LOAD ./Middlewares/NetXDuo/NX Core/nx_ip_fragment_timeout_check.o
LOAD ./Middlewares/NetXDuo/NX Core/nx_ip_gateway_address_clear.o
LOAD ./Middlewares/NetXDuo/NX Core/nx_ip_gateway_address_get.o
LOAD ./Middlewares/NetXDuo/NX Core/nx_ip_gateway_address_set.o
LOAD ./Middlewares/NetXDuo/NX Core/nx_ip_header_add.o
LOAD ./Middlewares/NetXDuo/NX Core/nx_ip_info_get.o
LOAD ./Middlewares/NetXDuo/NX Core/nx_ip_initialize.o
LOAD ./Middlewares/NetXDuo/NX Core/nx_ip_interface_address_get.o
LOAD ./Middlewares/NetXDuo/NX Core/nx_ip_interface_address_mapping_configure.o
LOAD ./Middlewares/NetXDuo/NX Core/nx_ip_interface_address_set.o
LOAD ./Middlewares/NetXDuo/NX Core/nx_ip_interface_attach.o
LOAD ./Middlewares/NetXDuo/NX Core/nx_ip_interface_capability_get.o
LOAD ./Middlewares/NetXDuo/NX Core/nx_ip_interface_capability_set.o
LOAD ./Middlewares/NetXDuo/NX Core/nx_ip_interface_detach.o
LOAD ./Middlewares/NetXDuo/NX Core/nx_ip_interface_info_get.o
LOAD ./Middlewares/NetXDuo/NX Core/nx_ip_interface_mtu_set.o
LOAD ./Middlewares/NetXDuo/NX Core/nx_ip_interface_physical_address_get.o
LOAD ./Middlewares/NetXDuo/NX Core/nx_ip_interface_physical_address_set.o
LOAD ./Middlewares/NetXDuo/NX Core/nx_ip_interface_status_check.o
LOAD ./Middlewares/NetXDuo/NX Core/nx_ip_link_status_change_notify_set.o
LOAD ./Middlewares/NetXDuo/NX Core/nx_ip_max_payload_size_find.o
LOAD ./Middlewares/NetXDuo/NX Core/nx_ip_packet_checksum_compute.o
LOAD ./Middlewares/NetXDuo/NX Core/nx_ip_packet_deferred_receive.o
LOAD ./Middlewares/NetXDuo/NX Core/nx_ip_packet_receive.o
LOAD ./Middlewares/NetXDuo/NX Core/nx_ip_packet_send.o
LOAD ./Middlewares/NetXDuo/NX Core/nx_ip_periodic_timer_entry.o
LOAD ./Middlewares/NetXDuo/NX Core/nx_ip_raw_packet_cleanup.o
LOAD ./Middlewares/NetXDuo/NX Core/nx_ip_raw_packet_disable.o
LOAD ./Middlewares/NetXDuo/NX Core/nx_ip_raw_packet_enable.o
LOAD ./Middlewares/NetXDuo/NX Core/nx_ip_raw_packet_filter_set.o
LOAD ./Middlewares/NetXDuo/NX Core/nx_ip_raw_packet_processing.o
LOAD ./Middlewares/NetXDuo/NX Core/nx_ip_raw_packet_receive.o
LOAD ./Middlewares/NetXDuo/NX Core/nx_ip_raw_packet_send.o
LOAD ./Middlewares/NetXDuo/NX Core/nx_ip_raw_packet_source_send.o
LOAD ./Middlewares/NetXDuo/NX Core/nx_ip_raw_receive_queue_max_set.o
LOAD ./Middlewares/NetXDuo/NX Core/nx_ip_route_find.o
LOAD ./Middlewares/NetXDuo/NX Core/nx_ip_static_route_add.o
LOAD ./Middlewares/NetXDuo/NX Core/nx_ip_static_route_delete.o
LOAD ./Middlewares/NetXDuo/NX Core/nx_ip_status_check.o
LOAD ./Middlewares/NetXDuo/NX Core/nx_ip_thread_entry.o
LOAD ./Middlewares/NetXDuo/NX Core/nx_ipv4_multicast_interface_join.o
LOAD ./Middlewares/NetXDuo/NX Core/nx_ipv4_multicast_interface_leave.o
LOAD ./Middlewares/NetXDuo/NX Core/nx_ipv4_option_process.o
LOAD ./Middlewares/NetXDuo/NX Core/nx_ipv4_packet_receive.o
LOAD ./Middlewares/NetXDuo/NX Core/nx_ipv6_fragment_process.o
LOAD ./Middlewares/NetXDuo/NX Core/nx_ipv6_header_add.o
LOAD ./Middlewares/NetXDuo/NX Core/nx_ipv6_multicast_join.o
LOAD ./Middlewares/NetXDuo/NX Core/nx_ipv6_multicast_leave.o
LOAD ./Middlewares/NetXDuo/NX Core/nx_ipv6_option_error.o
LOAD ./Middlewares/NetXDuo/NX Core/nx_ipv6_packet_copy.o
LOAD ./Middlewares/NetXDuo/NX Core/nx_ipv6_packet_receive.o
LOAD ./Middlewares/NetXDuo/NX Core/nx_ipv6_packet_send.o
LOAD ./Middlewares/NetXDuo/NX Core/nx_ipv6_prefix_list_add_entry.o
LOAD ./Middlewares/NetXDuo/NX Core/nx_ipv6_prefix_list_delete.o
LOAD ./Middlewares/NetXDuo/NX Core/nx_ipv6_prefix_list_delete_entry.o
LOAD ./Middlewares/NetXDuo/NX Core/nx_ipv6_process_fragment_option.o
LOAD ./Middlewares/NetXDuo/NX Core/nx_ipv6_process_hop_by_hop_option.o
LOAD ./Middlewares/NetXDuo/NX Core/nx_ipv6_process_routing_option.o
LOAD ./Middlewares/NetXDuo/NX Core/nx_ipv6_util.o
LOAD ./Middlewares/NetXDuo/NX Core/nx_md5.o
LOAD ./Middlewares/NetXDuo/NX Core/nx_packet_allocate.o
LOAD ./Middlewares/NetXDuo/NX Core/nx_packet_copy.o
LOAD ./Middlewares/NetXDuo/NX Core/nx_packet_data_adjust.o
LOAD ./Middlewares/NetXDuo/NX Core/nx_packet_data_append.o
LOAD ./Middlewares/NetXDuo/NX Core/nx_packet_data_extract_offset.o
LOAD ./Middlewares/NetXDuo/NX Core/nx_packet_data_retrieve.o
LOAD ./Middlewares/NetXDuo/NX Core/nx_packet_debug_info_get.o
LOAD ./Middlewares/NetXDuo/NX Core/nx_packet_length_get.o
LOAD ./Middlewares/NetXDuo/NX Core/nx_packet_pool_cleanup.o
LOAD ./Middlewares/NetXDuo/NX Core/nx_packet_pool_create.o
LOAD ./Middlewares/NetXDuo/NX Core/nx_packet_pool_delete.o
LOAD ./Middlewares/NetXDuo/NX Core/nx_packet_pool_info_get.o
LOAD ./Middlewares/NetXDuo/NX Core/nx_packet_pool_initialize.o
LOAD ./Middlewares/NetXDuo/NX Core/nx_packet_pool_low_watermark_set.o
LOAD ./Middlewares/NetXDuo/NX Core/nx_packet_release.o
LOAD ./Middlewares/NetXDuo/NX Core/nx_packet_transmit_release.o
LOAD ./Middlewares/NetXDuo/NX Core/nx_rarp_disable.o
LOAD ./Middlewares/NetXDuo/NX Core/nx_rarp_enable.o
LOAD ./Middlewares/NetXDuo/NX Core/nx_rarp_info_get.o
LOAD ./Middlewares/NetXDuo/NX Core/nx_rarp_packet_deferred_receive.o
LOAD ./Middlewares/NetXDuo/NX Core/nx_rarp_packet_receive.o
LOAD ./Middlewares/NetXDuo/NX Core/nx_rarp_packet_send.o
LOAD ./Middlewares/NetXDuo/NX Core/nx_rarp_periodic_update.o
LOAD ./Middlewares/NetXDuo/NX Core/nx_rarp_queue_process.o
LOAD ./Middlewares/NetXDuo/NX Core/nx_system_initialize.o
LOAD ./Middlewares/NetXDuo/NX Core/nx_tcp_cleanup_deferred.o
LOAD ./Middlewares/NetXDuo/NX Core/nx_tcp_client_bind_cleanup.o
LOAD ./Middlewares/NetXDuo/NX Core/nx_tcp_client_socket_bind.o
LOAD ./Middlewares/NetXDuo/NX Core/nx_tcp_client_socket_connect.o
LOAD ./Middlewares/NetXDuo/NX Core/nx_tcp_client_socket_port_get.o
LOAD ./Middlewares/NetXDuo/NX Core/nx_tcp_client_socket_unbind.o
LOAD ./Middlewares/NetXDuo/NX Core/nx_tcp_connect_cleanup.o
LOAD ./Middlewares/NetXDuo/NX Core/nx_tcp_deferred_cleanup_check.o
LOAD ./Middlewares/NetXDuo/NX Core/nx_tcp_disconnect_cleanup.o
LOAD ./Middlewares/NetXDuo/NX Core/nx_tcp_enable.o
LOAD ./Middlewares/NetXDuo/NX Core/nx_tcp_fast_periodic_processing.o
LOAD ./Middlewares/NetXDuo/NX Core/nx_tcp_free_port_find.o
LOAD ./Middlewares/NetXDuo/NX Core/nx_tcp_info_get.o
LOAD ./Middlewares/NetXDuo/NX Core/nx_tcp_initialize.o
LOAD ./Middlewares/NetXDuo/NX Core/nx_tcp_mss_option_get.o
LOAD ./Middlewares/NetXDuo/NX Core/nx_tcp_no_connection_reset.o
LOAD ./Middlewares/NetXDuo/NX Core/nx_tcp_packet_process.o
LOAD ./Middlewares/NetXDuo/NX Core/nx_tcp_packet_receive.o
LOAD ./Middlewares/NetXDuo/NX Core/nx_tcp_packet_send_ack.o
LOAD ./Middlewares/NetXDuo/NX Core/nx_tcp_packet_send_control.o
LOAD ./Middlewares/NetXDuo/NX Core/nx_tcp_packet_send_fin.o
LOAD ./Middlewares/NetXDuo/NX Core/nx_tcp_packet_send_probe.o
LOAD ./Middlewares/NetXDuo/NX Core/nx_tcp_packet_send_rst.o
LOAD ./Middlewares/NetXDuo/NX Core/nx_tcp_packet_send_syn.o
LOAD ./Middlewares/NetXDuo/NX Core/nx_tcp_periodic_processing.o
LOAD ./Middlewares/NetXDuo/NX Core/nx_tcp_queue_process.o
LOAD ./Middlewares/NetXDuo/NX Core/nx_tcp_receive_cleanup.o
LOAD ./Middlewares/NetXDuo/NX Core/nx_tcp_server_socket_accept.o
LOAD ./Middlewares/NetXDuo/NX Core/nx_tcp_server_socket_listen.o
LOAD ./Middlewares/NetXDuo/NX Core/nx_tcp_server_socket_relisten.o
LOAD ./Middlewares/NetXDuo/NX Core/nx_tcp_server_socket_unaccept.o
LOAD ./Middlewares/NetXDuo/NX Core/nx_tcp_server_socket_unlisten.o
LOAD ./Middlewares/NetXDuo/NX Core/nx_tcp_socket_block_cleanup.o
LOAD ./Middlewares/NetXDuo/NX Core/nx_tcp_socket_bytes_available.o
LOAD ./Middlewares/NetXDuo/NX Core/nx_tcp_socket_connection_reset.o
LOAD ./Middlewares/NetXDuo/NX Core/nx_tcp_socket_create.o
LOAD ./Middlewares/NetXDuo/NX Core/nx_tcp_socket_delete.o
LOAD ./Middlewares/NetXDuo/NX Core/nx_tcp_socket_disconnect.o
LOAD ./Middlewares/NetXDuo/NX Core/nx_tcp_socket_disconnect_complete_notify.o
LOAD ./Middlewares/NetXDuo/NX Core/nx_tcp_socket_establish_notify.o
LOAD ./Middlewares/NetXDuo/NX Core/nx_tcp_socket_info_get.o
LOAD ./Middlewares/NetXDuo/NX Core/nx_tcp_socket_mss_get.o
LOAD ./Middlewares/NetXDuo/NX Core/nx_tcp_socket_mss_peer_get.o
LOAD ./Middlewares/NetXDuo/NX Core/nx_tcp_socket_mss_set.o
LOAD ./Middlewares/NetXDuo/NX Core/nx_tcp_socket_packet_process.o
LOAD ./Middlewares/NetXDuo/NX Core/nx_tcp_socket_peer_info_get.o
LOAD ./Middlewares/NetXDuo/NX Core/nx_tcp_socket_queue_depth_notify_set.o
LOAD ./Middlewares/NetXDuo/NX Core/nx_tcp_socket_receive.o
LOAD ./Middlewares/NetXDuo/NX Core/nx_tcp_socket_receive_notify.o
LOAD ./Middlewares/NetXDuo/NX Core/nx_tcp_socket_receive_queue_flush.o
LOAD ./Middlewares/NetXDuo/NX Core/nx_tcp_socket_receive_queue_max_set.o
LOAD ./Middlewares/NetXDuo/NX Core/nx_tcp_socket_retransmit.o
LOAD ./Middlewares/NetXDuo/NX Core/nx_tcp_socket_send.o
LOAD ./Middlewares/NetXDuo/NX Core/nx_tcp_socket_send_internal.o
LOAD ./Middlewares/NetXDuo/NX Core/nx_tcp_socket_state_ack_check.o
LOAD ./Middlewares/NetXDuo/NX Core/nx_tcp_socket_state_closing.o
LOAD ./Middlewares/NetXDuo/NX Core/nx_tcp_socket_state_data_check.o
LOAD ./Middlewares/NetXDuo/NX Core/nx_tcp_socket_state_established.o
LOAD ./Middlewares/NetXDuo/NX Core/nx_tcp_socket_state_fin_wait1.o
LOAD ./Middlewares/NetXDuo/NX Core/nx_tcp_socket_state_fin_wait2.o
LOAD ./Middlewares/NetXDuo/NX Core/nx_tcp_socket_state_last_ack.o
LOAD ./Middlewares/NetXDuo/NX Core/nx_tcp_socket_state_syn_received.o
LOAD ./Middlewares/NetXDuo/NX Core/nx_tcp_socket_state_syn_sent.o
LOAD ./Middlewares/NetXDuo/NX Core/nx_tcp_socket_state_transmit_check.o
LOAD ./Middlewares/NetXDuo/NX Core/nx_tcp_socket_state_wait.o
LOAD ./Middlewares/NetXDuo/NX Core/nx_tcp_socket_thread_resume.o
LOAD ./Middlewares/NetXDuo/NX Core/nx_tcp_socket_thread_suspend.o
LOAD ./Middlewares/NetXDuo/NX Core/nx_tcp_socket_timed_wait_callback.o
LOAD ./Middlewares/NetXDuo/NX Core/nx_tcp_socket_transmit_configure.o
LOAD ./Middlewares/NetXDuo/NX Core/nx_tcp_socket_transmit_queue_flush.o
LOAD ./Middlewares/NetXDuo/NX Core/nx_tcp_socket_window_update_notify_set.o
LOAD ./Middlewares/NetXDuo/NX Core/nx_tcp_transmit_cleanup.o
LOAD ./Middlewares/NetXDuo/NX Core/nx_tcp_window_scaling_option_get.o
LOAD ./Middlewares/NetXDuo/NX Core/nx_udp_bind_cleanup.o
LOAD ./Middlewares/NetXDuo/NX Core/nx_udp_enable.o
LOAD ./Middlewares/NetXDuo/NX Core/nx_udp_free_port_find.o
LOAD ./Middlewares/NetXDuo/NX Core/nx_udp_info_get.o
LOAD ./Middlewares/NetXDuo/NX Core/nx_udp_packet_info_extract.o
LOAD ./Middlewares/NetXDuo/NX Core/nx_udp_packet_receive.o
LOAD ./Middlewares/NetXDuo/NX Core/nx_udp_receive_cleanup.o
LOAD ./Middlewares/NetXDuo/NX Core/nx_udp_socket_bind.o
LOAD ./Middlewares/NetXDuo/NX Core/nx_udp_socket_bytes_available.o
LOAD ./Middlewares/NetXDuo/NX Core/nx_udp_socket_checksum_disable.o
LOAD ./Middlewares/NetXDuo/NX Core/nx_udp_socket_checksum_enable.o
LOAD ./Middlewares/NetXDuo/NX Core/nx_udp_socket_create.o
LOAD ./Middlewares/NetXDuo/NX Core/nx_udp_socket_delete.o
LOAD ./Middlewares/NetXDuo/NX Core/nx_udp_socket_info_get.o
LOAD ./Middlewares/NetXDuo/NX Core/nx_udp_socket_port_get.o
LOAD ./Middlewares/NetXDuo/NX Core/nx_udp_socket_receive.o
LOAD ./Middlewares/NetXDuo/NX Core/nx_udp_socket_receive_notify.o
LOAD ./Middlewares/NetXDuo/NX Core/nx_udp_socket_send.o
LOAD ./Middlewares/NetXDuo/NX Core/nx_udp_socket_source_send.o
LOAD ./Middlewares/NetXDuo/NX Core/nx_udp_socket_unbind.o
LOAD ./Middlewares/NetXDuo/NX Core/nx_udp_source_extract.o
LOAD ./Middlewares/NetXDuo/NX Core/nx_utility.o
LOAD ./Middlewares/NetXDuo/NX Core/nxd_icmp_enable.o
LOAD ./Middlewares/NetXDuo/NX Core/nxd_icmp_ping.o
LOAD ./Middlewares/NetXDuo/NX Core/nxd_icmp_source_ping.o
LOAD ./Middlewares/NetXDuo/NX Core/nxd_icmpv6_ra_flag_callback_set.o
LOAD ./Middlewares/NetXDuo/NX Core/nxd_ip_raw_packet_send.o
LOAD ./Middlewares/NetXDuo/NX Core/nxd_ip_raw_packet_source_send.o
LOAD ./Middlewares/NetXDuo/NX Core/nxd_ipv6_address_change_notify.o
LOAD ./Middlewares/NetXDuo/NX Core/nxd_ipv6_address_delete.o
LOAD ./Middlewares/NetXDuo/NX Core/nxd_ipv6_address_get.o
LOAD ./Middlewares/NetXDuo/NX Core/nxd_ipv6_address_set.o
LOAD ./Middlewares/NetXDuo/NX Core/nxd_ipv6_default_router_add.o
LOAD ./Middlewares/NetXDuo/NX Core/nxd_ipv6_default_router_add_internal.o
LOAD ./Middlewares/NetXDuo/NX Core/nxd_ipv6_default_router_delete.o
LOAD ./Middlewares/NetXDuo/NX Core/nxd_ipv6_default_router_entry_get.o
LOAD ./Middlewares/NetXDuo/NX Core/nxd_ipv6_default_router_get.o
LOAD ./Middlewares/NetXDuo/NX Core/nxd_ipv6_default_router_number_of_entries_get.o
LOAD ./Middlewares/NetXDuo/NX Core/nxd_ipv6_default_router_table_init.o
LOAD ./Middlewares/NetXDuo/NX Core/nxd_ipv6_destination_table_find_next_hop.o
LOAD ./Middlewares/NetXDuo/NX Core/nxd_ipv6_disable.o
LOAD ./Middlewares/NetXDuo/NX Core/nxd_ipv6_enable.o
LOAD ./Middlewares/NetXDuo/NX Core/nxd_ipv6_find_default_router_from_address.o
LOAD ./Middlewares/NetXDuo/NX Core/nxd_ipv6_find_max_prefix_length.o
LOAD ./Middlewares/NetXDuo/NX Core/nxd_ipv6_interface_find.o
LOAD ./Middlewares/NetXDuo/NX Core/nxd_ipv6_multicast_interface_join.o
LOAD ./Middlewares/NetXDuo/NX Core/nxd_ipv6_multicast_interface_leave.o
LOAD ./Middlewares/NetXDuo/NX Core/nxd_ipv6_prefix_router_timer_tick.o
LOAD ./Middlewares/NetXDuo/NX Core/nxd_ipv6_raw_packet_send_internal.o
LOAD ./Middlewares/NetXDuo/NX Core/nxd_ipv6_router_lookup.o
LOAD ./Middlewares/NetXDuo/NX Core/nxd_ipv6_router_solicitation_check.o
LOAD ./Middlewares/NetXDuo/NX Core/nxd_ipv6_search_onlink.o
LOAD ./Middlewares/NetXDuo/NX Core/nxd_ipv6_stateless_address_autoconfig_disable.o
LOAD ./Middlewares/NetXDuo/NX Core/nxd_ipv6_stateless_address_autoconfig_enable.o
LOAD ./Middlewares/NetXDuo/NX Core/nxd_nd_cache_entry_delete.o
LOAD ./Middlewares/NetXDuo/NX Core/nxd_nd_cache_entry_set.o
LOAD ./Middlewares/NetXDuo/NX Core/nxd_nd_cache_hardware_address_find.o
LOAD ./Middlewares/NetXDuo/NX Core/nxd_nd_cache_invalidate.o
LOAD ./Middlewares/NetXDuo/NX Core/nxd_nd_cache_ip_address_find.o
LOAD ./Middlewares/NetXDuo/NX Core/nxd_tcp_client_socket_connect.o
LOAD ./Middlewares/NetXDuo/NX Core/nxd_tcp_socket_peer_info_get.o
LOAD ./Middlewares/NetXDuo/NX Core/nxd_udp_packet_info_extract.o
LOAD ./Middlewares/NetXDuo/NX Core/nxd_udp_socket_send.o
LOAD ./Middlewares/NetXDuo/NX Core/nxd_udp_socket_source_send.o
LOAD ./Middlewares/NetXDuo/NX Core/nxd_udp_source_extract.o
LOAD ./Middlewares/NetXDuo/NX Core/nxde_icmp_enable.o
LOAD ./Middlewares/NetXDuo/NX Core/nxde_icmp_ping.o
LOAD ./Middlewares/NetXDuo/NX Core/nxde_icmp_source_ping.o
LOAD ./Middlewares/NetXDuo/NX Core/nxde_icmpv6_ra_flag_callback_set.o
LOAD ./Middlewares/NetXDuo/NX Core/nxde_ip_raw_packet_send.o
LOAD ./Middlewares/NetXDuo/NX Core/nxde_ip_raw_packet_source_send.o
LOAD ./Middlewares/NetXDuo/NX Core/nxde_ipv6_address_change_notify.o
LOAD ./Middlewares/NetXDuo/NX Core/nxde_ipv6_address_delete.o
LOAD ./Middlewares/NetXDuo/NX Core/nxde_ipv6_address_get.o
LOAD ./Middlewares/NetXDuo/NX Core/nxde_ipv6_address_set.o
LOAD ./Middlewares/NetXDuo/NX Core/nxde_ipv6_default_router_add.o
LOAD ./Middlewares/NetXDuo/NX Core/nxde_ipv6_default_router_delete.o
LOAD ./Middlewares/NetXDuo/NX Core/nxde_ipv6_default_router_entry_get.o
LOAD ./Middlewares/NetXDuo/NX Core/nxde_ipv6_default_router_get.o
LOAD ./Middlewares/NetXDuo/NX Core/nxde_ipv6_default_router_number_of_entries_get.o
LOAD ./Middlewares/NetXDuo/NX Core/nxde_ipv6_disable.o
LOAD ./Middlewares/NetXDuo/NX Core/nxde_ipv6_enable.o
LOAD ./Middlewares/NetXDuo/NX Core/nxde_ipv6_multicast_interface_join.o
LOAD ./Middlewares/NetXDuo/NX Core/nxde_ipv6_multicast_interface_leave.o
LOAD ./Middlewares/NetXDuo/NX Core/nxde_ipv6_stateless_address_autoconfig_disable.o
LOAD ./Middlewares/NetXDuo/NX Core/nxde_ipv6_stateless_address_autoconfig_enable.o
LOAD ./Middlewares/NetXDuo/NX Core/nxde_tcp_client_socket_connect.o
LOAD ./Middlewares/NetXDuo/NX Core/nxde_tcp_socket_peer_info_get.o
LOAD ./Middlewares/NetXDuo/NX Core/nxde_udp_packet_info_extract.o
LOAD ./Middlewares/NetXDuo/NX Core/nxde_udp_socket_send.o
LOAD ./Middlewares/NetXDuo/NX Core/nxde_udp_socket_source_send.o
LOAD ./Middlewares/NetXDuo/NX Core/nxde_udp_source_extract.o
LOAD ./Middlewares/NetXDuo/NX Core/nxe_arp_dynamic_entries_invalidate.o
LOAD ./Middlewares/NetXDuo/NX Core/nxe_arp_dynamic_entry_set.o
LOAD ./Middlewares/NetXDuo/NX Core/nxe_arp_enable.o
LOAD ./Middlewares/NetXDuo/NX Core/nxe_arp_entry_delete.o
LOAD ./Middlewares/NetXDuo/NX Core/nxe_arp_gratuitous_send.o
LOAD ./Middlewares/NetXDuo/NX Core/nxe_arp_hardware_address_find.o
LOAD ./Middlewares/NetXDuo/NX Core/nxe_arp_info_get.o
LOAD ./Middlewares/NetXDuo/NX Core/nxe_arp_ip_address_find.o
LOAD ./Middlewares/NetXDuo/NX Core/nxe_arp_static_entries_delete.o
LOAD ./Middlewares/NetXDuo/NX Core/nxe_arp_static_entry_create.o
LOAD ./Middlewares/NetXDuo/NX Core/nxe_arp_static_entry_delete.o
LOAD ./Middlewares/NetXDuo/NX Core/nxe_icmp_enable.o
LOAD ./Middlewares/NetXDuo/NX Core/nxe_icmp_info_get.o
LOAD ./Middlewares/NetXDuo/NX Core/nxe_icmp_ping.o
LOAD ./Middlewares/NetXDuo/NX Core/nxe_igmp_enable.o
LOAD ./Middlewares/NetXDuo/NX Core/nxe_igmp_info_get.o
LOAD ./Middlewares/NetXDuo/NX Core/nxe_igmp_loopback_disable.o
LOAD ./Middlewares/NetXDuo/NX Core/nxe_igmp_loopback_enable.o
LOAD ./Middlewares/NetXDuo/NX Core/nxe_igmp_multicast_interface_join.o
LOAD ./Middlewares/NetXDuo/NX Core/nxe_igmp_multicast_interface_leave.o
LOAD ./Middlewares/NetXDuo/NX Core/nxe_igmp_multicast_join.o
LOAD ./Middlewares/NetXDuo/NX Core/nxe_igmp_multicast_leave.o
LOAD ./Middlewares/NetXDuo/NX Core/nxe_ip_address_change_notify.o
LOAD ./Middlewares/NetXDuo/NX Core/nxe_ip_address_get.o
LOAD ./Middlewares/NetXDuo/NX Core/nxe_ip_address_set.o
LOAD ./Middlewares/NetXDuo/NX Core/nxe_ip_auxiliary_packet_pool_set.o
LOAD ./Middlewares/NetXDuo/NX Core/nxe_ip_create.o
LOAD ./Middlewares/NetXDuo/NX Core/nxe_ip_delete.o
LOAD ./Middlewares/NetXDuo/NX Core/nxe_ip_driver_direct_command.o
LOAD ./Middlewares/NetXDuo/NX Core/nxe_ip_driver_interface_direct_command.o
LOAD ./Middlewares/NetXDuo/NX Core/nxe_ip_forwarding_disable.o
LOAD ./Middlewares/NetXDuo/NX Core/nxe_ip_forwarding_enable.o
LOAD ./Middlewares/NetXDuo/NX Core/nxe_ip_fragment_disable.o
LOAD ./Middlewares/NetXDuo/NX Core/nxe_ip_fragment_enable.o
LOAD ./Middlewares/NetXDuo/NX Core/nxe_ip_gateway_address_clear.o
LOAD ./Middlewares/NetXDuo/NX Core/nxe_ip_gateway_address_get.o
LOAD ./Middlewares/NetXDuo/NX Core/nxe_ip_gateway_address_set.o
LOAD ./Middlewares/NetXDuo/NX Core/nxe_ip_info_get.o
LOAD ./Middlewares/NetXDuo/NX Core/nxe_ip_interface_address_get.o
LOAD ./Middlewares/NetXDuo/NX Core/nxe_ip_interface_address_mapping_configure.o
LOAD ./Middlewares/NetXDuo/NX Core/nxe_ip_interface_address_set.o
LOAD ./Middlewares/NetXDuo/NX Core/nxe_ip_interface_attach.o
LOAD ./Middlewares/NetXDuo/NX Core/nxe_ip_interface_capability_get.o
LOAD ./Middlewares/NetXDuo/NX Core/nxe_ip_interface_capability_set.o
LOAD ./Middlewares/NetXDuo/NX Core/nxe_ip_interface_detach.o
LOAD ./Middlewares/NetXDuo/NX Core/nxe_ip_interface_info_get.o
LOAD ./Middlewares/NetXDuo/NX Core/nxe_ip_interface_mtu_set.o
LOAD ./Middlewares/NetXDuo/NX Core/nxe_ip_interface_physical_address_get.o
LOAD ./Middlewares/NetXDuo/NX Core/nxe_ip_interface_physical_address_set.o
LOAD ./Middlewares/NetXDuo/NX Core/nxe_ip_interface_status_check.o
LOAD ./Middlewares/NetXDuo/NX Core/nxe_ip_link_status_change_notify_set.o
LOAD ./Middlewares/NetXDuo/NX Core/nxe_ip_max_payload_size_find.o
LOAD ./Middlewares/NetXDuo/NX Core/nxe_ip_raw_packet_disable.o
LOAD ./Middlewares/NetXDuo/NX Core/nxe_ip_raw_packet_enable.o
LOAD ./Middlewares/NetXDuo/NX Core/nxe_ip_raw_packet_filter_set.o
LOAD ./Middlewares/NetXDuo/NX Core/nxe_ip_raw_packet_receive.o
LOAD ./Middlewares/NetXDuo/NX Core/nxe_ip_raw_packet_send.o
LOAD ./Middlewares/NetXDuo/NX Core/nxe_ip_raw_packet_source_send.o
LOAD ./Middlewares/NetXDuo/NX Core/nxe_ip_raw_receive_queue_max_set.o
LOAD ./Middlewares/NetXDuo/NX Core/nxe_ip_static_route_add.o
LOAD ./Middlewares/NetXDuo/NX Core/nxe_ip_static_route_delete.o
LOAD ./Middlewares/NetXDuo/NX Core/nxe_ip_status_check.o
LOAD ./Middlewares/NetXDuo/NX Core/nxe_ipv4_multicast_interface_join.o
LOAD ./Middlewares/NetXDuo/NX Core/nxe_ipv4_multicast_interface_leave.o
LOAD ./Middlewares/NetXDuo/NX Core/nxe_packet_allocate.o
LOAD ./Middlewares/NetXDuo/NX Core/nxe_packet_copy.o
LOAD ./Middlewares/NetXDuo/NX Core/nxe_packet_data_append.o
LOAD ./Middlewares/NetXDuo/NX Core/nxe_packet_data_extract_offset.o
LOAD ./Middlewares/NetXDuo/NX Core/nxe_packet_data_retrieve.o
LOAD ./Middlewares/NetXDuo/NX Core/nxe_packet_length_get.o
LOAD ./Middlewares/NetXDuo/NX Core/nxe_packet_pool_create.o
LOAD ./Middlewares/NetXDuo/NX Core/nxe_packet_pool_delete.o
LOAD ./Middlewares/NetXDuo/NX Core/nxe_packet_pool_info_get.o
LOAD ./Middlewares/NetXDuo/NX Core/nxe_packet_pool_low_watermark_set.o
LOAD ./Middlewares/NetXDuo/NX Core/nxe_packet_release.o
LOAD ./Middlewares/NetXDuo/NX Core/nxe_packet_transmit_release.o
LOAD ./Middlewares/NetXDuo/NX Core/nxe_rarp_disable.o
LOAD ./Middlewares/NetXDuo/NX Core/nxe_rarp_enable.o
LOAD ./Middlewares/NetXDuo/NX Core/nxe_rarp_info_get.o
LOAD ./Middlewares/NetXDuo/NX Core/nxe_tcp_client_socket_bind.o
LOAD ./Middlewares/NetXDuo/NX Core/nxe_tcp_client_socket_connect.o
LOAD ./Middlewares/NetXDuo/NX Core/nxe_tcp_client_socket_port_get.o
LOAD ./Middlewares/NetXDuo/NX Core/nxe_tcp_client_socket_unbind.o
LOAD ./Middlewares/NetXDuo/NX Core/nxe_tcp_enable.o
LOAD ./Middlewares/NetXDuo/NX Core/nxe_tcp_free_port_find.o
LOAD ./Middlewares/NetXDuo/NX Core/nxe_tcp_info_get.o
LOAD ./Middlewares/NetXDuo/NX Core/nxe_tcp_server_socket_accept.o
LOAD ./Middlewares/NetXDuo/NX Core/nxe_tcp_server_socket_listen.o
LOAD ./Middlewares/NetXDuo/NX Core/nxe_tcp_server_socket_relisten.o
LOAD ./Middlewares/NetXDuo/NX Core/nxe_tcp_server_socket_unaccept.o
LOAD ./Middlewares/NetXDuo/NX Core/nxe_tcp_server_socket_unlisten.o
LOAD ./Middlewares/NetXDuo/NX Core/nxe_tcp_socket_bytes_available.o
LOAD ./Middlewares/NetXDuo/NX Core/nxe_tcp_socket_create.o
LOAD ./Middlewares/NetXDuo/NX Core/nxe_tcp_socket_delete.o
LOAD ./Middlewares/NetXDuo/NX Core/nxe_tcp_socket_disconnect.o
LOAD ./Middlewares/NetXDuo/NX Core/nxe_tcp_socket_disconnect_complete_notify.o
LOAD ./Middlewares/NetXDuo/NX Core/nxe_tcp_socket_establish_notify.o
LOAD ./Middlewares/NetXDuo/NX Core/nxe_tcp_socket_info_get.o
LOAD ./Middlewares/NetXDuo/NX Core/nxe_tcp_socket_mss_get.o
LOAD ./Middlewares/NetXDuo/NX Core/nxe_tcp_socket_mss_peer_get.o
LOAD ./Middlewares/NetXDuo/NX Core/nxe_tcp_socket_mss_set.o
LOAD ./Middlewares/NetXDuo/NX Core/nxe_tcp_socket_peer_info_get.o
LOAD ./Middlewares/NetXDuo/NX Core/nxe_tcp_socket_queue_depth_notify_set.o
LOAD ./Middlewares/NetXDuo/NX Core/nxe_tcp_socket_receive.o
LOAD ./Middlewares/NetXDuo/NX Core/nxe_tcp_socket_receive_notify.o
LOAD ./Middlewares/NetXDuo/NX Core/nxe_tcp_socket_receive_queue_max_set.o
LOAD ./Middlewares/NetXDuo/NX Core/nxe_tcp_socket_send.o
LOAD ./Middlewares/NetXDuo/NX Core/nxe_tcp_socket_state_wait.o
LOAD ./Middlewares/NetXDuo/NX Core/nxe_tcp_socket_timed_wait_callback.o
LOAD ./Middlewares/NetXDuo/NX Core/nxe_tcp_socket_transmit_configure.o
LOAD ./Middlewares/NetXDuo/NX Core/nxe_tcp_socket_window_update_notify_set.o
LOAD ./Middlewares/NetXDuo/NX Core/nxe_udp_enable.o
LOAD ./Middlewares/NetXDuo/NX Core/nxe_udp_free_port_find.o
LOAD ./Middlewares/NetXDuo/NX Core/nxe_udp_info_get.o
LOAD ./Middlewares/NetXDuo/NX Core/nxe_udp_packet_info_extract.o
LOAD ./Middlewares/NetXDuo/NX Core/nxe_udp_socket_bind.o
LOAD ./Middlewares/NetXDuo/NX Core/nxe_udp_socket_bytes_available.o
LOAD ./Middlewares/NetXDuo/NX Core/nxe_udp_socket_checksum_disable.o
LOAD ./Middlewares/NetXDuo/NX Core/nxe_udp_socket_checksum_enable.o
LOAD ./Middlewares/NetXDuo/NX Core/nxe_udp_socket_create.o
LOAD ./Middlewares/NetXDuo/NX Core/nxe_udp_socket_delete.o
LOAD ./Middlewares/NetXDuo/NX Core/nxe_udp_socket_info_get.o
LOAD ./Middlewares/NetXDuo/NX Core/nxe_udp_socket_port_get.o
LOAD ./Middlewares/NetXDuo/NX Core/nxe_udp_socket_receive.o
LOAD ./Middlewares/NetXDuo/NX Core/nxe_udp_socket_receive_notify.o
LOAD ./Middlewares/NetXDuo/NX Core/nxe_udp_socket_send.o
LOAD ./Middlewares/NetXDuo/NX Core/nxe_udp_socket_source_send.o
LOAD ./Middlewares/NetXDuo/NX Core/nxe_udp_socket_unbind.o
LOAD ./Middlewares/NetXDuo/NX Core/nxe_udp_source_extract.o
LOAD ./Middlewares/ThreadX/Core/tx_block_allocate.o
LOAD ./Middlewares/ThreadX/Core/tx_block_pool_cleanup.o
LOAD ./Middlewares/ThreadX/Core/tx_block_pool_create.o
LOAD ./Middlewares/ThreadX/Core/tx_block_pool_delete.o
LOAD ./Middlewares/ThreadX/Core/tx_block_pool_info_get.o
LOAD ./Middlewares/ThreadX/Core/tx_block_pool_initialize.o
LOAD ./Middlewares/ThreadX/Core/tx_block_pool_prioritize.o
LOAD ./Middlewares/ThreadX/Core/tx_block_release.o
LOAD ./Middlewares/ThreadX/Core/tx_byte_allocate.o
LOAD ./Middlewares/ThreadX/Core/tx_byte_pool_cleanup.o
LOAD ./Middlewares/ThreadX/Core/tx_byte_pool_create.o
LOAD ./Middlewares/ThreadX/Core/tx_byte_pool_delete.o
LOAD ./Middlewares/ThreadX/Core/tx_byte_pool_info_get.o
LOAD ./Middlewares/ThreadX/Core/tx_byte_pool_initialize.o
LOAD ./Middlewares/ThreadX/Core/tx_byte_pool_prioritize.o
LOAD ./Middlewares/ThreadX/Core/tx_byte_pool_search.o
LOAD ./Middlewares/ThreadX/Core/tx_byte_release.o
LOAD ./Middlewares/ThreadX/Core/tx_event_flags_cleanup.o
LOAD ./Middlewares/ThreadX/Core/tx_event_flags_create.o
LOAD ./Middlewares/ThreadX/Core/tx_event_flags_delete.o
LOAD ./Middlewares/ThreadX/Core/tx_event_flags_get.o
LOAD ./Middlewares/ThreadX/Core/tx_event_flags_info_get.o
LOAD ./Middlewares/ThreadX/Core/tx_event_flags_initialize.o
LOAD ./Middlewares/ThreadX/Core/tx_event_flags_set.o
LOAD ./Middlewares/ThreadX/Core/tx_event_flags_set_notify.o
LOAD ./Middlewares/ThreadX/Core/tx_initialize_high_level.o
LOAD ./Middlewares/ThreadX/Core/tx_initialize_kernel_enter.o
LOAD ./Middlewares/ThreadX/Core/tx_initialize_kernel_setup.o
LOAD ./Middlewares/ThreadX/Core/tx_mutex_cleanup.o
LOAD ./Middlewares/ThreadX/Core/tx_mutex_create.o
LOAD ./Middlewares/ThreadX/Core/tx_mutex_delete.o
LOAD ./Middlewares/ThreadX/Core/tx_mutex_get.o
LOAD ./Middlewares/ThreadX/Core/tx_mutex_info_get.o
LOAD ./Middlewares/ThreadX/Core/tx_mutex_initialize.o
LOAD ./Middlewares/ThreadX/Core/tx_mutex_prioritize.o
LOAD ./Middlewares/ThreadX/Core/tx_mutex_priority_change.o
LOAD ./Middlewares/ThreadX/Core/tx_mutex_put.o
LOAD ./Middlewares/ThreadX/Core/tx_queue_cleanup.o
LOAD ./Middlewares/ThreadX/Core/tx_queue_create.o
LOAD ./Middlewares/ThreadX/Core/tx_queue_delete.o
LOAD ./Middlewares/ThreadX/Core/tx_queue_flush.o
LOAD ./Middlewares/ThreadX/Core/tx_queue_front_send.o
LOAD ./Middlewares/ThreadX/Core/tx_queue_info_get.o
LOAD ./Middlewares/ThreadX/Core/tx_queue_initialize.o
LOAD ./Middlewares/ThreadX/Core/tx_queue_prioritize.o
LOAD ./Middlewares/ThreadX/Core/tx_queue_receive.o
LOAD ./Middlewares/ThreadX/Core/tx_queue_send.o
LOAD ./Middlewares/ThreadX/Core/tx_queue_send_notify.o
LOAD ./Middlewares/ThreadX/Core/tx_semaphore_ceiling_put.o
LOAD ./Middlewares/ThreadX/Core/tx_semaphore_cleanup.o
LOAD ./Middlewares/ThreadX/Core/tx_semaphore_create.o
LOAD ./Middlewares/ThreadX/Core/tx_semaphore_delete.o
LOAD ./Middlewares/ThreadX/Core/tx_semaphore_get.o
LOAD ./Middlewares/ThreadX/Core/tx_semaphore_info_get.o
LOAD ./Middlewares/ThreadX/Core/tx_semaphore_initialize.o
LOAD ./Middlewares/ThreadX/Core/tx_semaphore_prioritize.o
LOAD ./Middlewares/ThreadX/Core/tx_semaphore_put.o
LOAD ./Middlewares/ThreadX/Core/tx_semaphore_put_notify.o
LOAD ./Middlewares/ThreadX/Core/tx_thread_context_restore.o
LOAD ./Middlewares/ThreadX/Core/tx_thread_context_save.o
LOAD ./Middlewares/ThreadX/Core/tx_thread_create.o
LOAD ./Middlewares/ThreadX/Core/tx_thread_delete.o
LOAD ./Middlewares/ThreadX/Core/tx_thread_entry_exit_notify.o
LOAD ./Middlewares/ThreadX/Core/tx_thread_identify.o
LOAD ./Middlewares/ThreadX/Core/tx_thread_info_get.o
LOAD ./Middlewares/ThreadX/Core/tx_thread_initialize.o
LOAD ./Middlewares/ThreadX/Core/tx_thread_interrupt_control.o
LOAD ./Middlewares/ThreadX/Core/tx_thread_interrupt_disable.o
LOAD ./Middlewares/ThreadX/Core/tx_thread_interrupt_restore.o
LOAD ./Middlewares/ThreadX/Core/tx_thread_preemption_change.o
LOAD ./Middlewares/ThreadX/Core/tx_thread_priority_change.o
LOAD ./Middlewares/ThreadX/Core/tx_thread_relinquish.o
LOAD ./Middlewares/ThreadX/Core/tx_thread_reset.o
LOAD ./Middlewares/ThreadX/Core/tx_thread_resume.o
LOAD ./Middlewares/ThreadX/Core/tx_thread_schedule.o
LOAD ./Middlewares/ThreadX/Core/tx_thread_shell_entry.o
LOAD ./Middlewares/ThreadX/Core/tx_thread_sleep.o
LOAD ./Middlewares/ThreadX/Core/tx_thread_stack_analyze.o
LOAD ./Middlewares/ThreadX/Core/tx_thread_stack_build.o
LOAD ./Middlewares/ThreadX/Core/tx_thread_stack_error_handler.o
LOAD ./Middlewares/ThreadX/Core/tx_thread_stack_error_notify.o
LOAD ./Middlewares/ThreadX/Core/tx_thread_suspend.o
LOAD ./Middlewares/ThreadX/Core/tx_thread_system_preempt_check.o
LOAD ./Middlewares/ThreadX/Core/tx_thread_system_resume.o
LOAD ./Middlewares/ThreadX/Core/tx_thread_system_return.o
LOAD ./Middlewares/ThreadX/Core/tx_thread_system_suspend.o
LOAD ./Middlewares/ThreadX/Core/tx_thread_terminate.o
LOAD ./Middlewares/ThreadX/Core/tx_thread_time_slice.o
LOAD ./Middlewares/ThreadX/Core/tx_thread_time_slice_change.o
LOAD ./Middlewares/ThreadX/Core/tx_thread_timeout.o
LOAD ./Middlewares/ThreadX/Core/tx_thread_wait_abort.o
LOAD ./Middlewares/ThreadX/Core/tx_time_get.o
LOAD ./Middlewares/ThreadX/Core/tx_time_set.o
LOAD ./Middlewares/ThreadX/Core/tx_timer_activate.o
LOAD ./Middlewares/ThreadX/Core/tx_timer_change.o
LOAD ./Middlewares/ThreadX/Core/tx_timer_create.o
LOAD ./Middlewares/ThreadX/Core/tx_timer_deactivate.o
LOAD ./Middlewares/ThreadX/Core/tx_timer_delete.o
LOAD ./Middlewares/ThreadX/Core/tx_timer_expiration_process.o
LOAD ./Middlewares/ThreadX/Core/tx_timer_info_get.o
LOAD ./Middlewares/ThreadX/Core/tx_timer_initialize.o
LOAD ./Middlewares/ThreadX/Core/tx_timer_interrupt.o
LOAD ./Middlewares/ThreadX/Core/tx_timer_system_activate.o
LOAD ./Middlewares/ThreadX/Core/tx_timer_system_deactivate.o
LOAD ./Middlewares/ThreadX/Core/tx_timer_thread_entry.o
LOAD ./Middlewares/ThreadX/Core/txe_block_allocate.o
LOAD ./Middlewares/ThreadX/Core/txe_block_pool_create.o
LOAD ./Middlewares/ThreadX/Core/txe_block_pool_delete.o
LOAD ./Middlewares/ThreadX/Core/txe_block_pool_info_get.o
LOAD ./Middlewares/ThreadX/Core/txe_block_pool_prioritize.o
LOAD ./Middlewares/ThreadX/Core/txe_block_release.o
LOAD ./Middlewares/ThreadX/Core/txe_byte_allocate.o
LOAD ./Middlewares/ThreadX/Core/txe_byte_pool_create.o
LOAD ./Middlewares/ThreadX/Core/txe_byte_pool_delete.o
LOAD ./Middlewares/ThreadX/Core/txe_byte_pool_info_get.o
LOAD ./Middlewares/ThreadX/Core/txe_byte_pool_prioritize.o
LOAD ./Middlewares/ThreadX/Core/txe_byte_release.o
LOAD ./Middlewares/ThreadX/Core/txe_event_flags_create.o
LOAD ./Middlewares/ThreadX/Core/txe_event_flags_delete.o
LOAD ./Middlewares/ThreadX/Core/txe_event_flags_get.o
LOAD ./Middlewares/ThreadX/Core/txe_event_flags_info_get.o
LOAD ./Middlewares/ThreadX/Core/txe_event_flags_set.o
LOAD ./Middlewares/ThreadX/Core/txe_event_flags_set_notify.o
LOAD ./Middlewares/ThreadX/Core/txe_mutex_create.o
LOAD ./Middlewares/ThreadX/Core/txe_mutex_delete.o
LOAD ./Middlewares/ThreadX/Core/txe_mutex_get.o
LOAD ./Middlewares/ThreadX/Core/txe_mutex_info_get.o
LOAD ./Middlewares/ThreadX/Core/txe_mutex_prioritize.o
LOAD ./Middlewares/ThreadX/Core/txe_mutex_put.o
LOAD ./Middlewares/ThreadX/Core/txe_queue_create.o
LOAD ./Middlewares/ThreadX/Core/txe_queue_delete.o
LOAD ./Middlewares/ThreadX/Core/txe_queue_flush.o
LOAD ./Middlewares/ThreadX/Core/txe_queue_front_send.o
LOAD ./Middlewares/ThreadX/Core/txe_queue_info_get.o
LOAD ./Middlewares/ThreadX/Core/txe_queue_prioritize.o
LOAD ./Middlewares/ThreadX/Core/txe_queue_receive.o
LOAD ./Middlewares/ThreadX/Core/txe_queue_send.o
LOAD ./Middlewares/ThreadX/Core/txe_queue_send_notify.o
LOAD ./Middlewares/ThreadX/Core/txe_semaphore_ceiling_put.o
LOAD ./Middlewares/ThreadX/Core/txe_semaphore_create.o
LOAD ./Middlewares/ThreadX/Core/txe_semaphore_delete.o
LOAD ./Middlewares/ThreadX/Core/txe_semaphore_get.o
LOAD ./Middlewares/ThreadX/Core/txe_semaphore_info_get.o
LOAD ./Middlewares/ThreadX/Core/txe_semaphore_prioritize.o
LOAD ./Middlewares/ThreadX/Core/txe_semaphore_put.o
LOAD ./Middlewares/ThreadX/Core/txe_semaphore_put_notify.o
LOAD ./Middlewares/ThreadX/Core/txe_thread_create.o
LOAD ./Middlewares/ThreadX/Core/txe_thread_delete.o
LOAD ./Middlewares/ThreadX/Core/txe_thread_entry_exit_notify.o
LOAD ./Middlewares/ThreadX/Core/txe_thread_info_get.o
LOAD ./Middlewares/ThreadX/Core/txe_thread_preemption_change.o
LOAD ./Middlewares/ThreadX/Core/txe_thread_priority_change.o
LOAD ./Middlewares/ThreadX/Core/txe_thread_relinquish.o
LOAD ./Middlewares/ThreadX/Core/txe_thread_reset.o
LOAD ./Middlewares/ThreadX/Core/txe_thread_resume.o
LOAD ./Middlewares/ThreadX/Core/txe_thread_suspend.o
LOAD ./Middlewares/ThreadX/Core/txe_thread_terminate.o
LOAD ./Middlewares/ThreadX/Core/txe_thread_time_slice_change.o
LOAD ./Middlewares/ThreadX/Core/txe_thread_wait_abort.o
LOAD ./Middlewares/ThreadX/Core/txe_timer_activate.o
LOAD ./Middlewares/ThreadX/Core/txe_timer_change.o
LOAD ./Middlewares/ThreadX/Core/txe_timer_create.o
LOAD ./Middlewares/ThreadX/Core/txe_timer_deactivate.o
LOAD ./Middlewares/ThreadX/Core/txe_timer_delete.o
LOAD ./Middlewares/ThreadX/Core/txe_timer_info_get.o
START GROUP
LOAD C:/ST/STM32CubeIDE_1.13.1/STM32CubeIDE/plugins/com.st.stm32cube.ide.mcu.externaltools.gnu-tools-for-stm32.11.3.rel1.win32_1.1.0.202305231506/tools/bin/../lib/gcc/arm-none-eabi/11.3.1/../../../../arm-none-eabi/lib/thumb/v8-m.main+fp/hard\libc_nano.a
LOAD C:/ST/STM32CubeIDE_1.13.1/STM32CubeIDE/plugins/com.st.stm32cube.ide.mcu.externaltools.gnu-tools-for-stm32.11.3.rel1.win32_1.1.0.202305231506/tools/bin/../lib/gcc/arm-none-eabi/11.3.1/../../../../arm-none-eabi/lib/thumb/v8-m.main+fp/hard\libm.a
END GROUP
START GROUP
LOAD C:/ST/STM32CubeIDE_1.13.1/STM32CubeIDE/plugins/com.st.stm32cube.ide.mcu.externaltools.gnu-tools-for-stm32.11.3.rel1.win32_1.1.0.202305231506/tools/bin/../lib/gcc/arm-none-eabi/11.3.1/thumb/v8-m.main+fp/hard\libgcc.a
LOAD C:/ST/STM32CubeIDE_1.13.1/STM32CubeIDE/plugins/com.st.stm32cube.ide.mcu.externaltools.gnu-tools-for-stm32.11.3.rel1.win32_1.1.0.202305231506/tools/bin/../lib/gcc/arm-none-eabi/11.3.1/../../../../arm-none-eabi/lib/thumb/v8-m.main+fp/hard\libc_nano.a
END GROUP
START GROUP
LOAD C:/ST/STM32CubeIDE_1.13.1/STM32CubeIDE/plugins/com.st.stm32cube.ide.mcu.externaltools.gnu-tools-for-stm32.11.3.rel1.win32_1.1.0.202305231506/tools/bin/../lib/gcc/arm-none-eabi/11.3.1/thumb/v8-m.main+fp/hard\libgcc.a
LOAD C:/ST/STM32CubeIDE_1.13.1/STM32CubeIDE/plugins/com.st.stm32cube.ide.mcu.externaltools.gnu-tools-for-stm32.11.3.rel1.win32_1.1.0.202305231506/tools/bin/../lib/gcc/arm-none-eabi/11.3.1/../../../../arm-none-eabi/lib/thumb/v8-m.main+fp/hard\libc_nano.a
LOAD C:/ST/STM32CubeIDE_1.13.1/STM32CubeIDE/plugins/com.st.stm32cube.ide.mcu.externaltools.gnu-tools-for-stm32.11.3.rel1.win32_1.1.0.202305231506/tools/bin/../lib/gcc/arm-none-eabi/11.3.1/../../../../arm-none-eabi/lib/thumb/v8-m.main+fp/hard\libnosys.a
END GROUP
START GROUP
LOAD C:/ST/STM32CubeIDE_1.13.1/STM32CubeIDE/plugins/com.st.stm32cube.ide.mcu.externaltools.gnu-tools-for-stm32.11.3.rel1.win32_1.1.0.202305231506/tools/bin/../lib/gcc/arm-none-eabi/11.3.1/thumb/v8-m.main+fp/hard\libgcc.a
LOAD C:/ST/STM32CubeIDE_1.13.1/STM32CubeIDE/plugins/com.st.stm32cube.ide.mcu.externaltools.gnu-tools-for-stm32.11.3.rel1.win32_1.1.0.202305231506/tools/bin/../lib/gcc/arm-none-eabi/11.3.1/../../../../arm-none-eabi/lib/thumb/v8-m.main+fp/hard\libc_nano.a
LOAD C:/ST/STM32CubeIDE_1.13.1/STM32CubeIDE/plugins/com.st.stm32cube.ide.mcu.externaltools.gnu-tools-for-stm32.11.3.rel1.win32_1.1.0.202305231506/tools/bin/../lib/gcc/arm-none-eabi/11.3.1/../../../../arm-none-eabi/lib/thumb/v8-m.main+fp/hard\libnosys.a
END GROUP
LOAD C:/ST/STM32CubeIDE_1.13.1/STM32CubeIDE/plugins/com.st.stm32cube.ide.mcu.externaltools.gnu-tools-for-stm32.11.3.rel1.win32_1.1.0.202305231506/tools/bin/../lib/gcc/arm-none-eabi/11.3.1/thumb/v8-m.main+fp/hard/crtend.o
LOAD C:/ST/STM32CubeIDE_1.13.1/STM32CubeIDE/plugins/com.st.stm32cube.ide.mcu.externaltools.gnu-tools-for-stm32.11.3.rel1.win32_1.1.0.202305231506/tools/bin/../lib/gcc/arm-none-eabi/11.3.1/thumb/v8-m.main+fp/hard/crtn.o
                0x00000000200a0000                _estack = (ORIGIN (RAM) + LENGTH (RAM))
                0x0000000000002000                _Min_Heap_Size = 0x2000
                0x0000000000002000                _Min_Stack_Size = 0x2000

.isr_vector     0x0000000008000000      0x24c
                0x0000000008000000                . = ALIGN (0x4)
 *(.isr_vector)
 .isr_vector    0x0000000008000000      0x24c ./Application/User/Startup/startup_stm32h573iikxq.o
                0x0000000008000000                g_pfnVectors
                0x000000000800024c                . = ALIGN (0x4)

.text           0x0000000008000250    0x1d4a4
                0x0000000008000250                . = ALIGN (0x4)
 *(.text)
 .text          0x0000000008000250       0x40 C:/ST/STM32CubeIDE_1.13.1/STM32CubeIDE/plugins/com.st.stm32cube.ide.mcu.externaltools.gnu-tools-for-stm32.11.3.rel1.win32_1.1.0.202305231506/tools/bin/../lib/gcc/arm-none-eabi/11.3.1/thumb/v8-m.main+fp/hard/crtbegin.o
 .text          0x0000000008000290       0x78 ./Application/User/Core/tx_initialize_low_level.o
                0x0000000008000290                _tx_initialize_low_level
                0x00000000080002d4                __tx_BadHandler
                0x00000000080002d8                __tx_IntHandler
                0x00000000080002e0                SysTick_Handler
                0x00000000080002ec                __tx_NMIHandler
                0x00000000080002f0                __tx_DBGHandler
 .text          0x0000000008000308       0xcc ./Middlewares/ThreadX/Core/tx_thread_schedule.o
                0x0000000008000308                _tx_thread_schedule
                0x0000000008000334                PendSV_Handler
                0x00000000080003c0                _tx_vfp_access
 .text          0x00000000080003d4       0x40 ./Middlewares/ThreadX/Core/tx_thread_stack_build.o
                0x00000000080003d4                _tx_thread_stack_build
 .text          0x0000000008000414       0xb8 ./Middlewares/ThreadX/Core/tx_timer_interrupt.o
                0x0000000008000414                _tx_timer_interrupt
 .text          0x00000000080004cc       0x14 C:/ST/STM32CubeIDE_1.13.1/STM32CubeIDE/plugins/com.st.stm32cube.ide.mcu.externaltools.gnu-tools-for-stm32.11.3.rel1.win32_1.1.0.202305231506/tools/bin/../lib/gcc/arm-none-eabi/11.3.1/../../../../arm-none-eabi/lib/thumb/v8-m.main+fp/hard\libc_nano.a(libc_a-strcmp.o)
                0x00000000080004cc                strcmp
 .text          0x00000000080004e0       0x10 C:/ST/STM32CubeIDE_1.13.1/STM32CubeIDE/plugins/com.st.stm32cube.ide.mcu.externaltools.gnu-tools-for-stm32.11.3.rel1.win32_1.1.0.202305231506/tools/bin/../lib/gcc/arm-none-eabi/11.3.1/../../../../arm-none-eabi/lib/thumb/v8-m.main+fp/hard\libc_nano.a(libc_a-strlen.o)
                0x00000000080004e0                strlen
 .text          0x00000000080004f0       0x30 C:/ST/STM32CubeIDE_1.13.1/STM32CubeIDE/plugins/com.st.stm32cube.ide.mcu.externaltools.gnu-tools-for-stm32.11.3.rel1.win32_1.1.0.202305231506/tools/bin/../lib/gcc/arm-none-eabi/11.3.1/thumb/v8-m.main+fp/hard\libgcc.a(_aeabi_uldivmod.o)
                0x00000000080004f0                __aeabi_uldivmod
 .text          0x0000000008000520      0x2ec C:/ST/STM32CubeIDE_1.13.1/STM32CubeIDE/plugins/com.st.stm32cube.ide.mcu.externaltools.gnu-tools-for-stm32.11.3.rel1.win32_1.1.0.202305231506/tools/bin/../lib/gcc/arm-none-eabi/11.3.1/thumb/v8-m.main+fp/hard\libgcc.a(_udivmoddi4.o)
                0x0000000008000520                __udivmoddi4
 .text          0x000000000800080c        0x4 C:/ST/STM32CubeIDE_1.13.1/STM32CubeIDE/plugins/com.st.stm32cube.ide.mcu.externaltools.gnu-tools-for-stm32.11.3.rel1.win32_1.1.0.202305231506/tools/bin/../lib/gcc/arm-none-eabi/11.3.1/thumb/v8-m.main+fp/hard\libgcc.a(_dvmd_tls.o)
                0x000000000800080c                __aeabi_idiv0
                0x000000000800080c                __aeabi_ldiv0
 *(.text*)
 .text.tx_application_define
                0x0000000008000810       0x5c ./Application/User/AZURE_RTOS/App/app_azure_rtos.o
                0x0000000008000810                tx_application_define
 .text.App_ThreadX_Init
                0x000000000800086c        0x4 ./Application/User/Core/app_threadx.o
                0x000000000800086c                App_ThreadX_Init
 .text.MX_ThreadX_Init
                0x0000000008000870        0x4 ./Application/User/Core/app_threadx.o
                0x0000000008000870                MX_ThreadX_Init
 .text.__io_putchar
                0x0000000008000874       0x20 ./Application/User/Core/main.o
                0x0000000008000874                __io_putchar
 .text.__io_getchar
                0x0000000008000894       0x2c ./Application/User/Core/main.o
                0x0000000008000894                __io_getchar
 .text.HAL_SPI_TxCpltCallback
                0x00000000080008c0       0x10 ./Application/User/Core/main.o
                0x00000000080008c0                HAL_SPI_TxCpltCallback
 .text.HAL_SPI_RxCpltCallback
                0x00000000080008d0        0x4 ./Application/User/Core/main.o
                0x00000000080008d0                HAL_SPI_RxCpltCallback
 .text.HAL_SPI_TxRxCpltCallback
                0x00000000080008d4        0x4 ./Application/User/Core/main.o
                0x00000000080008d4                HAL_SPI_TxRxCpltCallback
 .text.HAL_GPIO_EXTI_Rising_Callback
                0x00000000080008d8       0x18 ./Application/User/Core/main.o
                0x00000000080008d8                HAL_GPIO_EXTI_Rising_Callback
 .text.HAL_UART_RxCpltCallback
                0x00000000080008f0       0x34 ./Application/User/Core/main.o
                0x00000000080008f0                HAL_UART_RxCpltCallback
 .text.hardware_rand
                0x0000000008000924       0x14 ./Application/User/Core/main.o
                0x0000000008000924                hardware_rand
 .text.HAL_TIM_PeriodElapsedCallback
                0x0000000008000938       0x14 ./Application/User/Core/main.o
                0x0000000008000938                HAL_TIM_PeriodElapsedCallback
 .text.Error_Handler
                0x000000000800094c       0x10 ./Application/User/Core/main.o
                0x000000000800094c                Error_Handler
 .text.SystemClock_Config
                0x000000000800095c       0x98 ./Application/User/Core/main.o
                0x000000000800095c                SystemClock_Config
 .text.startup.main
                0x00000000080009f4      0x31c ./Application/User/Core/main.o
                0x00000000080009f4                main
 .text.assert_failed
                0x0000000008000d10       0x14 ./Application/User/Core/main.o
                0x0000000008000d10                assert_failed
 .text.HAL_MspInit
                0x0000000008000d24        0x2 ./Application/User/Core/stm32h5xx_hal_msp.o
                0x0000000008000d24                HAL_MspInit
 *fill*         0x0000000008000d26        0x2 
 .text.HAL_RNG_MspInit
                0x0000000008000d28       0x58 ./Application/User/Core/stm32h5xx_hal_msp.o
                0x0000000008000d28                HAL_RNG_MspInit
 .text.HAL_SPI_MspInit
                0x0000000008000d80      0x160 ./Application/User/Core/stm32h5xx_hal_msp.o
                0x0000000008000d80                HAL_SPI_MspInit
 .text.HAL_UART_MspInit
                0x0000000008000ee0       0xa8 ./Application/User/Core/stm32h5xx_hal_msp.o
                0x0000000008000ee0                HAL_UART_MspInit
 .text.HAL_InitTick
                0x0000000008000f88       0x9c ./Application/User/Core/stm32h5xx_hal_timebase_tim.o
                0x0000000008000f88                HAL_InitTick
 .text.NMI_Handler
                0x0000000008001024        0x2 ./Application/User/Core/stm32h5xx_it.o
                0x0000000008001024                NMI_Handler
 .text.HardFault_Handler
                0x0000000008001026        0x2 ./Application/User/Core/stm32h5xx_it.o
                0x0000000008001026                HardFault_Handler
 .text.MemManage_Handler
                0x0000000008001028        0x2 ./Application/User/Core/stm32h5xx_it.o
                0x0000000008001028                MemManage_Handler
 .text.BusFault_Handler
                0x000000000800102a        0x2 ./Application/User/Core/stm32h5xx_it.o
                0x000000000800102a                BusFault_Handler
 .text.UsageFault_Handler
                0x000000000800102c        0x2 ./Application/User/Core/stm32h5xx_it.o
                0x000000000800102c                UsageFault_Handler
 .text.DebugMon_Handler
                0x000000000800102e        0x2 ./Application/User/Core/stm32h5xx_it.o
                0x000000000800102e                DebugMon_Handler
 .text.EXTI3_IRQHandler
                0x0000000008001030        0x6 ./Application/User/Core/stm32h5xx_it.o
                0x0000000008001030                EXTI3_IRQHandler
 .text.EXTI4_IRQHandler
                0x0000000008001036        0x6 ./Application/User/Core/stm32h5xx_it.o
                0x0000000008001036                EXTI4_IRQHandler
 .text.GPDMA1_Channel4_IRQHandler
                0x000000000800103c        0xc ./Application/User/Core/stm32h5xx_it.o
                0x000000000800103c                GPDMA1_Channel4_IRQHandler
 .text.GPDMA1_Channel5_IRQHandler
                0x0000000008001048        0xc ./Application/User/Core/stm32h5xx_it.o
                0x0000000008001048                GPDMA1_Channel5_IRQHandler
 .text.TIM6_IRQHandler
                0x0000000008001054        0xc ./Application/User/Core/stm32h5xx_it.o
                0x0000000008001054                TIM6_IRQHandler
 .text.USART1_IRQHandler
                0x0000000008001060        0xc ./Application/User/Core/stm32h5xx_it.o
                0x0000000008001060                USART1_IRQHandler
 .text.SPI5_IRQHandler
                0x000000000800106c        0xc ./Application/User/Core/stm32h5xx_it.o
                0x000000000800106c                SPI5_IRQHandler
 .text._getpid  0x0000000008001078        0x4 ./Application/User/Core/syscalls.o
                0x0000000008001078                _getpid
 .text._kill    0x000000000800107c       0x10 ./Application/User/Core/syscalls.o
                0x000000000800107c                _kill
 .text._exit    0x000000000800108c        0xc ./Application/User/Core/syscalls.o
                0x000000000800108c                _exit
 .text._read    0x0000000008001098       0x1c ./Application/User/Core/syscalls.o
                0x0000000008001098                _read
 .text._write   0x00000000080010b4       0x1c ./Application/User/Core/syscalls.o
                0x00000000080010b4                _write
 .text._close   0x00000000080010d0        0x6 ./Application/User/Core/syscalls.o
                0x00000000080010d0                _close
 .text._fstat   0x00000000080010d6        0xa ./Application/User/Core/syscalls.o
                0x00000000080010d6                _fstat
 .text._isatty  0x00000000080010e0        0x4 ./Application/User/Core/syscalls.o
                0x00000000080010e0                _isatty
 .text._lseek   0x00000000080010e4        0x4 ./Application/User/Core/syscalls.o
                0x00000000080010e4                _lseek
 .text._sbrk    0x00000000080010e8       0x40 ./Application/User/Core/sysmem.o
                0x00000000080010e8                _sbrk
 .text.App_Main2_Thread_Entry
                0x0000000008001128       0x34 ./Application/User/NetXDuo/App/app_netxduo.o
 .text.App_Main_Thread_Entry
                0x000000000800115c      0x194 ./Application/User/NetXDuo/App/app_netxduo.o
 .text.ip_address_change_notify_callback
                0x00000000080012f0        0xc ./Application/User/NetXDuo/App/app_netxduo.o
 .text.App_WiFi_Thread_Entry
                0x00000000080012fc      0x294 ./Application/User/NetXDuo/App/app_netxduo.o
 .text.MX_NetXDuo_Init
                0x0000000008001590      0x26c ./Application/User/NetXDuo/App/app_netxduo.o
                0x0000000008001590                MX_NetXDuo_Init
 .text.local_getc
                0x00000000080017fc       0x1c ./Application/User/NetXDuo/App/console.o
 .text.my_strdup
                0x0000000008001818       0x24 ./Application/User/NetXDuo/App/console.o
 .text.cmd_match_list.constprop.0
                0x000000000800183c       0x7c ./Application/User/NetXDuo/App/console.o
 .text.help_cmd
                0x00000000080018b8       0x2c ./Application/User/NetXDuo/App/console.o
                0x00000000080018b8                help_cmd
 .text.quit_cmd
                0x00000000080018e4       0x10 ./Application/User/NetXDuo/App/console.o
                0x00000000080018e4                quit_cmd
 .text.get_cmd  0x00000000080018f4      0x350 ./Application/User/NetXDuo/App/console.o
                0x00000000080018f4                get_cmd
 .text.console  0x0000000008001c44      0x18c ./Application/User/NetXDuo/App/console.o
                0x0000000008001c44                console
 .text.http_download_cmd
                0x0000000008001dd0      0x53c ./Application/User/NetXDuo/App/http_download.o
                0x0000000008001dd0                http_download_cmd
 .text.ping_cmd
                0x000000000800230c      0x330 ./Application/User/NetXDuo/App/ping.o
                0x000000000800230c                ping_cmd
 .text.scan_cmd
                0x000000000800263c      0x104 ./Application/User/NetXDuo/App/scan.o
                0x000000000800263c                scan_cmd
 .text.test_echo_server
                0x0000000008002740      0x2a4 ./Application/User/NetXDuo/App/test_echo_server.o
                0x0000000008002740                test_echo_server
 .text.Reset_Handler
                0x00000000080029e4       0x50 ./Application/User/Startup/startup_stm32h573iikxq.o
                0x00000000080029e4                Reset_Handler
 .text.Default_Handler
                0x0000000008002a34        0x2 ./Application/User/Startup/startup_stm32h573iikxq.o
                0x0000000008002a34                EXTI2_IRQHandler
                0x0000000008002a34                TIM8_TRG_COM_IRQHandler
                0x0000000008002a34                TIM8_CC_IRQHandler
                0x0000000008002a34                EXTI5_IRQHandler
                0x0000000008002a34                I3C1_ER_IRQHandler
                0x0000000008002a34                UART8_IRQHandler
                0x0000000008002a34                SPI4_IRQHandler
                0x0000000008002a34                GPDMA2_Channel1_IRQHandler
                0x0000000008002a34                FLASH_S_IRQHandler
                0x0000000008002a34                EXTI13_IRQHandler
                0x0000000008002a34                TIM1_CC_IRQHandler
                0x0000000008002a34                GPDMA2_Channel3_IRQHandler
                0x0000000008002a34                TAMP_IRQHandler
                0x0000000008002a34                EXTI12_IRQHandler
                0x0000000008002a34                CORDIC_IRQHandler
                0x0000000008002a34                USB_DRD_FS_IRQHandler
                0x0000000008002a34                LPTIM4_IRQHandler
                0x0000000008002a34                EXTI8_IRQHandler
                0x0000000008002a34                GPDMA2_Channel5_IRQHandler
                0x0000000008002a34                LPTIM2_IRQHandler
                0x0000000008002a34                I2C3_ER_IRQHandler
                0x0000000008002a34                GPDMA2_Channel2_IRQHandler
                0x0000000008002a34                USART10_IRQHandler
                0x0000000008002a34                LPTIM3_IRQHandler
                0x0000000008002a34                EXTI0_IRQHandler
                0x0000000008002a34                I2C2_EV_IRQHandler
                0x0000000008002a34                FPU_IRQHandler
                0x0000000008002a34                GPDMA1_Channel3_IRQHandler
                0x0000000008002a34                GPDMA1_Channel7_IRQHandler
                0x0000000008002a34                FDCAN1_IT1_IRQHandler
                0x0000000008002a34                RAMCFG_IRQHandler
                0x0000000008002a34                DCACHE1_IRQHandler
                0x0000000008002a34                SPI1_IRQHandler
                0x0000000008002a34                OCTOSPI1_IRQHandler
                0x0000000008002a34                GPDMA1_Channel2_IRQHandler
                0x0000000008002a34                TIM8_UP_IRQHandler
                0x0000000008002a34                RCC_S_IRQHandler
                0x0000000008002a34                SAI2_IRQHandler
                0x0000000008002a34                ADC1_IRQHandler
                0x0000000008002a34                PKA_IRQHandler
                0x0000000008002a34                USART6_IRQHandler
                0x0000000008002a34                EXTI15_IRQHandler
                0x0000000008002a34                TIM17_IRQHandler
                0x0000000008002a34                USART3_IRQHandler
                0x0000000008002a34                RTC_IRQHandler
                0x0000000008002a34                EXTI9_IRQHandler
                0x0000000008002a34                LPTIM5_IRQHandler
                0x0000000008002a34                UART5_IRQHandler
                0x0000000008002a34                TIM4_IRQHandler
                0x0000000008002a34                I2C1_EV_IRQHandler
                0x0000000008002a34                GPDMA1_Channel1_IRQHandler
                0x0000000008002a34                TIM16_IRQHandler
                0x0000000008002a34                UART4_IRQHandler
                0x0000000008002a34                SecureFault_Handler
                0x0000000008002a34                TIM3_IRQHandler
                0x0000000008002a34                RCC_IRQHandler
                0x0000000008002a34                UART9_IRQHandler
                0x0000000008002a34                TIM1_TRG_COM_IRQHandler
                0x0000000008002a34                Default_Handler
                0x0000000008002a34                FMAC_IRQHandler
                0x0000000008002a34                CEC_IRQHandler
                0x0000000008002a34                USART11_IRQHandler
                0x0000000008002a34                TIM14_IRQHandler
                0x0000000008002a34                TIM13_IRQHandler
                0x0000000008002a34                OTFDEC1_IRQHandler
                0x0000000008002a34                GPDMA2_Channel4_IRQHandler
                0x0000000008002a34                TIM12_IRQHandler
                0x0000000008002a34                TIM7_IRQHandler
                0x0000000008002a34                SDMMC1_IRQHandler
                0x0000000008002a34                SAES_IRQHandler
                0x0000000008002a34                TIM5_IRQHandler
                0x0000000008002a34                UCPD1_IRQHandler
                0x0000000008002a34                GPDMA1_Channel0_IRQHandler
                0x0000000008002a34                I3C1_EV_IRQHandler
                0x0000000008002a34                TIM15_IRQHandler
                0x0000000008002a34                PVD_AVD_IRQHandler
                0x0000000008002a34                I2C3_EV_IRQHandler
                0x0000000008002a34                ETH_WKUP_IRQHandler
                0x0000000008002a34                ADC2_IRQHandler
                0x0000000008002a34                SPI2_IRQHandler
                0x0000000008002a34                EXTI14_IRQHandler
                0x0000000008002a34                EXTI11_IRQHandler
                0x0000000008002a34                SVC_Handler
                0x0000000008002a34                CRS_IRQHandler
                0x0000000008002a34                GPDMA2_Channel0_IRQHandler
                0x0000000008002a34                RTC_S_IRQHandler
                0x0000000008002a34                RNG_IRQHandler
                0x0000000008002a34                FDCAN2_IT1_IRQHandler
                0x0000000008002a34                ETH_IRQHandler
                0x0000000008002a34                GPDMA2_Channel6_IRQHandler
                0x0000000008002a34                TIM1_UP_IRQHandler
                0x0000000008002a34                UART12_IRQHandler
                0x0000000008002a34                WWDG_IRQHandler
                0x0000000008002a34                SPI6_IRQHandler
                0x0000000008002a34                I2C4_EV_IRQHandler
                0x0000000008002a34                FDCAN2_IT0_IRQHandler
                0x0000000008002a34                IWDG_IRQHandler
                0x0000000008002a34                LPUART1_IRQHandler
                0x0000000008002a34                FDCAN1_IT0_IRQHandler
                0x0000000008002a34                TIM2_IRQHandler
                0x0000000008002a34                EXTI7_IRQHandler
                0x0000000008002a34                TIM1_BRK_IRQHandler
                0x0000000008002a34                EXTI1_IRQHandler
                0x0000000008002a34                SDMMC2_IRQHandler
                0x0000000008002a34                AES_IRQHandler
                0x0000000008002a34                LPTIM6_IRQHandler
                0x0000000008002a34                DAC1_IRQHandler
                0x0000000008002a34                DTS_IRQHandler
                0x0000000008002a34                UART7_IRQHandler
                0x0000000008002a34                GTZC_IRQHandler
                0x0000000008002a34                USART2_IRQHandler
                0x0000000008002a34                GPDMA1_Channel6_IRQHandler
                0x0000000008002a34                GPDMA2_Channel7_IRQHandler
                0x0000000008002a34                I2C2_ER_IRQHandler
                0x0000000008002a34                TIM8_BRK_IRQHandler
                0x0000000008002a34                FLASH_IRQHandler
                0x0000000008002a34                EXTI10_IRQHandler
                0x0000000008002a34                SPI3_IRQHandler
                0x0000000008002a34                I2C1_ER_IRQHandler
                0x0000000008002a34                FMC_IRQHandler
                0x0000000008002a34                EXTI6_IRQHandler
                0x0000000008002a34                LPTIM1_IRQHandler
                0x0000000008002a34                DCMI_PSSI_IRQHandler
                0x0000000008002a34                I2C4_ER_IRQHandler
                0x0000000008002a34                ICACHE_IRQHandler
                0x0000000008002a34                SAI1_IRQHandler
                0x0000000008002a34                HASH_IRQHandler
 .text.mx_aton_r
                0x0000000008002a36      0x104 ./Drivers/BSP/Components/mx_wifi/core/mx_address.o
                0x0000000008002a36                mx_aton_r
 *fill*         0x0000000008002b3a        0x2 
 .text.mx_ntoa  0x0000000008002b3c       0x8c ./Drivers/BSP/Components/mx_wifi/core/mx_address.o
                0x0000000008002b3c                mx_ntoa
 .text.mx_wifi_hci_init
                0x0000000008002bc8       0x20 ./Drivers/BSP/Components/mx_wifi/core/mx_wifi_hci.o
                0x0000000008002bc8                mx_wifi_hci_init
 .text.mx_wifi_hci_deinit
                0x0000000008002be8       0x10 ./Drivers/BSP/Components/mx_wifi/core/mx_wifi_hci.o
                0x0000000008002be8                mx_wifi_hci_deinit
 .text.mx_wifi_hci_send
                0x0000000008002bf8       0x28 ./Drivers/BSP/Components/mx_wifi/core/mx_wifi_hci.o
                0x0000000008002bf8                mx_wifi_hci_send
 .text.mx_wifi_hci_recv
                0x0000000008002c20        0xc ./Drivers/BSP/Components/mx_wifi/core/mx_wifi_hci.o
                0x0000000008002c20                mx_wifi_hci_recv
 .text.mx_wifi_hci_free
                0x0000000008002c2c        0x8 ./Drivers/BSP/Components/mx_wifi/core/mx_wifi_hci.o
                0x0000000008002c2c                mx_wifi_hci_free
 .text.mx_wifi_hci_input
                0x0000000008002c34       0x38 ./Drivers/BSP/Components/mx_wifi/core/mx_wifi_hci.o
                0x0000000008002c34                mx_wifi_hci_input
 .text.mapi_reboot_event_callback
                0x0000000008002c6c        0x8 ./Drivers/BSP/Components/mx_wifi/core/mx_wifi_ipc.o
                0x0000000008002c6c                mapi_reboot_event_callback
 .text.mapi_fota_status_event_callback
                0x0000000008002c74       0x2c ./Drivers/BSP/Components/mx_wifi/core/mx_wifi_ipc.o
                0x0000000008002c74                mapi_fota_status_event_callback
 .text.mapi_wifi_netlink_input_callback
                0x0000000008002ca0       0x46 ./Drivers/BSP/Components/mx_wifi/core/mx_wifi_ipc.o
                0x0000000008002ca0                mapi_wifi_netlink_input_callback
 .text.mapi_wifi_status_event_callback
                0x0000000008002ce6       0x50 ./Drivers/BSP/Components/mx_wifi/core/mx_wifi_ipc.o
                0x0000000008002ce6                mapi_wifi_status_event_callback
 *fill*         0x0000000008002d36        0x2 
 .text.mipc_init
                0x0000000008002d38       0x2c ./Drivers/BSP/Components/mx_wifi/core/mx_wifi_ipc.o
                0x0000000008002d38                mipc_init
 .text.mipc_deinit
                0x0000000008002d64       0x14 ./Drivers/BSP/Components/mx_wifi/core/mx_wifi_ipc.o
                0x0000000008002d64                mipc_deinit
 .text.mipc_request
                0x0000000008002d78       0xf0 ./Drivers/BSP/Components/mx_wifi/core/mx_wifi_ipc.o
                0x0000000008002d78                mipc_request
 .text.mipc_poll
                0x0000000008002e68       0xd4 ./Drivers/BSP/Components/mx_wifi/core/mx_wifi_ipc.o
                0x0000000008002e68                mipc_poll
 .text.MX_WIFI_SPI_Read
                0x0000000008002f3c        0x4 ./Drivers/BSP/Components/mx_wifi/io_pattern/mx_wifi_spi.o
 .text.wait_flow_high
                0x0000000008002f40       0x38 ./Drivers/BSP/Components/mx_wifi/io_pattern/mx_wifi_spi.o
 .text.MX_WIFI_SPI_Write
                0x0000000008002f78       0x68 ./Drivers/BSP/Components/mx_wifi/io_pattern/mx_wifi_spi.o
 .text.MX_WIFI_IO_DELAY
                0x0000000008002fe0       0x16 ./Drivers/BSP/Components/mx_wifi/io_pattern/mx_wifi_spi.o
 *fill*         0x0000000008002ff6        0x2 
 .text.MX_WIFI_SPI_Init
                0x0000000008002ff8       0xc4 ./Drivers/BSP/Components/mx_wifi/io_pattern/mx_wifi_spi.o
 .text.MX_WIFI_SPI_DeInit
                0x00000000080030bc       0x50 ./Drivers/BSP/Components/mx_wifi/io_pattern/mx_wifi_spi.o
 .text.HAL_SPI_TransferCallback
                0x000000000800310c        0xc ./Drivers/BSP/Components/mx_wifi/io_pattern/mx_wifi_spi.o
                0x000000000800310c                HAL_SPI_TransferCallback
 .text.HAL_SPI_ErrorCallback
                0x0000000008003118       0x10 ./Drivers/BSP/Components/mx_wifi/io_pattern/mx_wifi_spi.o
                0x0000000008003118                HAL_SPI_ErrorCallback
 .text.mxchip_WIFI_ISR
                0x0000000008003128       0x1c ./Drivers/BSP/Components/mx_wifi/io_pattern/mx_wifi_spi.o
                0x0000000008003128                mxchip_WIFI_ISR
 .text.process_txrx_poll
                0x0000000008003144      0x1f4 ./Drivers/BSP/Components/mx_wifi/io_pattern/mx_wifi_spi.o
                0x0000000008003144                process_txrx_poll
 .text.mx_wifi_spi_txrx_task
                0x0000000008003338       0x30 ./Drivers/BSP/Components/mx_wifi/io_pattern/mx_wifi_spi.o
 .text.mxwifi_probe
                0x0000000008003368       0x48 ./Drivers/BSP/Components/mx_wifi/io_pattern/mx_wifi_spi.o
                0x0000000008003368                mxwifi_probe
 .text.wifi_obj_get
                0x00000000080033b0        0x8 ./Drivers/BSP/Components/mx_wifi/io_pattern/mx_wifi_spi.o
                0x00000000080033b0                wifi_obj_get
 .text.MX_WIFI_RegisterBusIO
                0x00000000080033b8       0x26 ./Drivers/BSP/Components/mx_wifi/mx_wifi.o
                0x00000000080033b8                MX_WIFI_RegisterBusIO
 .text.MX_WIFI_HardResetModule
                0x00000000080033de       0x1a ./Drivers/BSP/Components/mx_wifi/mx_wifi.o
                0x00000000080033de                MX_WIFI_HardResetModule
 .text.MX_WIFI_Init
                0x00000000080033f8      0x164 ./Drivers/BSP/Components/mx_wifi/mx_wifi.o
                0x00000000080033f8                MX_WIFI_Init
 .text.MX_WIFI_DeInit
                0x000000000800355c       0x50 ./Drivers/BSP/Components/mx_wifi/mx_wifi.o
                0x000000000800355c                MX_WIFI_DeInit
 .text.MX_WIFI_IO_YIELD
                0x00000000080035ac        0xe ./Drivers/BSP/Components/mx_wifi/mx_wifi.o
                0x00000000080035ac                MX_WIFI_IO_YIELD
 *fill*         0x00000000080035ba        0x2 
 .text._MX_WIFI_RecvThread
                0x00000000080035bc       0x34 ./Drivers/BSP/Components/mx_wifi/mx_wifi.o
 .text.MX_WIFI_GetVersion
                0x00000000080035f0       0x60 ./Drivers/BSP/Components/mx_wifi/mx_wifi.o
                0x00000000080035f0                MX_WIFI_GetVersion
 .text.MX_WIFI_GetsoftapMACAddress
                0x0000000008003650       0x4e ./Drivers/BSP/Components/mx_wifi/mx_wifi.o
                0x0000000008003650                MX_WIFI_GetsoftapMACAddress
 *fill*         0x000000000800369e        0x2 
 .text.MX_WIFI_Scan
                0x00000000080036a0       0xa4 ./Drivers/BSP/Components/mx_wifi/mx_wifi.o
                0x00000000080036a0                MX_WIFI_Scan
 .text.MX_WIFI_Get_scan_result
                0x0000000008003744       0x32 ./Drivers/BSP/Components/mx_wifi/mx_wifi.o
                0x0000000008003744                MX_WIFI_Get_scan_result
 .text.MX_WIFI_RegisterStatusCallback_if
                0x0000000008003776       0x1e ./Drivers/BSP/Components/mx_wifi/mx_wifi.o
                0x0000000008003776                MX_WIFI_RegisterStatusCallback_if
 .text.MX_WIFI_Connect
                0x0000000008003794      0x122 ./Drivers/BSP/Components/mx_wifi/mx_wifi.o
                0x0000000008003794                MX_WIFI_Connect
 .text.MX_WIFI_Disconnect
                0x00000000080038b6       0x3e ./Drivers/BSP/Components/mx_wifi/mx_wifi.o
                0x00000000080038b6                MX_WIFI_Disconnect
 .text.MX_WIFI_GetIPAddress
                0x00000000080038f4       0x8c ./Drivers/BSP/Components/mx_wifi/mx_wifi.o
                0x00000000080038f4                MX_WIFI_GetIPAddress
 .text.MX_WIFI_StartAP
                0x0000000008003980       0xa0 ./Drivers/BSP/Components/mx_wifi/mx_wifi.o
                0x0000000008003980                MX_WIFI_StartAP
 .text.MX_WIFI_Network_bypass_mode_set
                0x0000000008003a20       0x58 ./Drivers/BSP/Components/mx_wifi/mx_wifi.o
                0x0000000008003a20                MX_WIFI_Network_bypass_mode_set
 .text.MX_WIFI_Network_bypass_netlink_output
                0x0000000008003a78       0x66 ./Drivers/BSP/Components/mx_wifi/mx_wifi.o
                0x0000000008003a78                MX_WIFI_Network_bypass_netlink_output
 *fill*         0x0000000008003ade        0x2 
 .text.SystemInit
                0x0000000008003ae0       0x90 ./Drivers/CMSIS/system_stm32h5xx.o
                0x0000000008003ae0                SystemInit
 .text.HAL_Init
                0x0000000008003b70       0x40 ./Drivers/STM32H5xx_HAL_Driver/stm32h5xx_hal.o
                0x0000000008003b70                HAL_Init
 .text.HAL_IncTick
                0x0000000008003bb0       0x18 ./Drivers/STM32H5xx_HAL_Driver/stm32h5xx_hal.o
                0x0000000008003bb0                HAL_IncTick
 .text.HAL_GetTick
                0x0000000008003bc8        0xc ./Drivers/STM32H5xx_HAL_Driver/stm32h5xx_hal.o
                0x0000000008003bc8                HAL_GetTick
 .text.HAL_Delay
                0x0000000008003bd4       0x24 ./Drivers/STM32H5xx_HAL_Driver/stm32h5xx_hal.o
                0x0000000008003bd4                HAL_Delay
 .text.HAL_NVIC_SetPriorityGrouping
                0x0000000008003bf8       0x3c ./Drivers/STM32H5xx_HAL_Driver/stm32h5xx_hal_cortex.o
                0x0000000008003bf8                HAL_NVIC_SetPriorityGrouping
 .text.HAL_NVIC_SetPriority
                0x0000000008003c34       0x84 ./Drivers/STM32H5xx_HAL_Driver/stm32h5xx_hal_cortex.o
                0x0000000008003c34                HAL_NVIC_SetPriority
 .text.HAL_NVIC_EnableIRQ
                0x0000000008003cb8       0x28 ./Drivers/STM32H5xx_HAL_Driver/stm32h5xx_hal_cortex.o
                0x0000000008003cb8                HAL_NVIC_EnableIRQ
 .text.HAL_DMA_Init
                0x0000000008003ce0      0x6d8 ./Drivers/STM32H5xx_HAL_Driver/stm32h5xx_hal_dma.o
                0x0000000008003ce0                HAL_DMA_Init
 .text.HAL_DMA_Start_IT
                0x00000000080043b8       0xa4 ./Drivers/STM32H5xx_HAL_Driver/stm32h5xx_hal_dma.o
                0x00000000080043b8                HAL_DMA_Start_IT
 .text.HAL_DMA_Abort
                0x000000000800445c       0x94 ./Drivers/STM32H5xx_HAL_Driver/stm32h5xx_hal_dma.o
                0x000000000800445c                HAL_DMA_Abort
 .text.HAL_DMA_Abort_IT
                0x00000000080044f0       0x2a ./Drivers/STM32H5xx_HAL_Driver/stm32h5xx_hal_dma.o
                0x00000000080044f0                HAL_DMA_Abort_IT
 .text.HAL_DMA_IRQHandler
                0x000000000800451a      0x18e ./Drivers/STM32H5xx_HAL_Driver/stm32h5xx_hal_dma.o
                0x000000000800451a                HAL_DMA_IRQHandler
 .text.HAL_DMA_GetError
                0x00000000080046a8        0x4 ./Drivers/STM32H5xx_HAL_Driver/stm32h5xx_hal_dma.o
                0x00000000080046a8                HAL_DMA_GetError
 .text.HAL_DMA_ConfigChannelAttributes
                0x00000000080046ac       0x5c ./Drivers/STM32H5xx_HAL_Driver/stm32h5xx_hal_dma.o
                0x00000000080046ac                HAL_DMA_ConfigChannelAttributes
 .text.DMA_List_GetCLLRNodeInfo.isra.0
                0x0000000008004708       0x28 ./Drivers/STM32H5xx_HAL_Driver/stm32h5xx_hal_dma_ex.o
 .text.HAL_DMAEx_List_Start_IT
                0x0000000008004730       0xa8 ./Drivers/STM32H5xx_HAL_Driver/stm32h5xx_hal_dma_ex.o
                0x0000000008004730                HAL_DMAEx_List_Start_IT
 .text.HAL_GPIO_Init
                0x00000000080047d8      0x350 ./Drivers/STM32H5xx_HAL_Driver/stm32h5xx_hal_gpio.o
                0x00000000080047d8                HAL_GPIO_Init
 .text.HAL_GPIO_ReadPin
                0x0000000008004b28       0x24 ./Drivers/STM32H5xx_HAL_Driver/stm32h5xx_hal_gpio.o
                0x0000000008004b28                HAL_GPIO_ReadPin
 .text.HAL_GPIO_WritePin
                0x0000000008004b4c       0x34 ./Drivers/STM32H5xx_HAL_Driver/stm32h5xx_hal_gpio.o
                0x0000000008004b4c                HAL_GPIO_WritePin
 .text.HAL_GPIO_EXTI_Falling_Callback
                0x0000000008004b80        0x2 ./Drivers/STM32H5xx_HAL_Driver/stm32h5xx_hal_gpio.o
                0x0000000008004b80                HAL_GPIO_EXTI_Falling_Callback
 *fill*         0x0000000008004b82        0x2 
 .text.HAL_GPIO_EXTI_IRQHandler
                0x0000000008004b84       0x28 ./Drivers/STM32H5xx_HAL_Driver/stm32h5xx_hal_gpio.o
                0x0000000008004b84                HAL_GPIO_EXTI_IRQHandler
 .text.HAL_ICACHE_Enable
                0x0000000008004bac       0x14 ./Drivers/STM32H5xx_HAL_Driver/stm32h5xx_hal_icache.o
                0x0000000008004bac                HAL_ICACHE_Enable
 .text.HAL_RCC_GetSysClockFreq
                0x0000000008004bc0      0x158 ./Drivers/STM32H5xx_HAL_Driver/stm32h5xx_hal_rcc.o
                0x0000000008004bc0                HAL_RCC_GetSysClockFreq
 .text.HAL_RCC_ClockConfig
                0x0000000008004d18      0x348 ./Drivers/STM32H5xx_HAL_Driver/stm32h5xx_hal_rcc.o
                0x0000000008004d18                HAL_RCC_ClockConfig
 .text.HAL_RCC_GetHCLKFreq
                0x0000000008005060       0x2c ./Drivers/STM32H5xx_HAL_Driver/stm32h5xx_hal_rcc.o
                0x0000000008005060                HAL_RCC_GetHCLKFreq
 .text.HAL_RCC_OscConfig
                0x000000000800508c      0x758 ./Drivers/STM32H5xx_HAL_Driver/stm32h5xx_hal_rcc.o
                0x000000000800508c                HAL_RCC_OscConfig
 .text.HAL_RCC_GetPCLK1Freq
                0x00000000080057e4       0x24 ./Drivers/STM32H5xx_HAL_Driver/stm32h5xx_hal_rcc.o
                0x00000000080057e4                HAL_RCC_GetPCLK1Freq
 .text.HAL_RCC_GetPCLK2Freq
                0x0000000008005808       0x24 ./Drivers/STM32H5xx_HAL_Driver/stm32h5xx_hal_rcc.o
                0x0000000008005808                HAL_RCC_GetPCLK2Freq
 .text.HAL_RCC_GetPCLK3Freq
                0x000000000800582c       0x24 ./Drivers/STM32H5xx_HAL_Driver/stm32h5xx_hal_rcc.o
                0x000000000800582c                HAL_RCC_GetPCLK3Freq
 .text.HAL_RCC_GetClockConfig
                0x0000000008005850       0x64 ./Drivers/STM32H5xx_HAL_Driver/stm32h5xx_hal_rcc.o
                0x0000000008005850                HAL_RCC_GetClockConfig
 .text.RCCEx_PLL2_Config
                0x00000000080058b4      0x1a4 ./Drivers/STM32H5xx_HAL_Driver/stm32h5xx_hal_rcc_ex.o
 .text.RCCEx_PLL3_Config
                0x0000000008005a58      0x1a4 ./Drivers/STM32H5xx_HAL_Driver/stm32h5xx_hal_rcc_ex.o
 .text.HAL_RCCEx_PeriphCLKConfig
                0x0000000008005bfc     0x16bc ./Drivers/STM32H5xx_HAL_Driver/stm32h5xx_hal_rcc_ex.o
                0x0000000008005bfc                HAL_RCCEx_PeriphCLKConfig
 .text.HAL_RCCEx_GetPLL1ClockFreq
                0x00000000080072b8      0x13c ./Drivers/STM32H5xx_HAL_Driver/stm32h5xx_hal_rcc_ex.o
                0x00000000080072b8                HAL_RCCEx_GetPLL1ClockFreq
 .text.HAL_RCCEx_GetPLL2ClockFreq
                0x00000000080073f4      0x13c ./Drivers/STM32H5xx_HAL_Driver/stm32h5xx_hal_rcc_ex.o
                0x00000000080073f4                HAL_RCCEx_GetPLL2ClockFreq
 .text.HAL_RCCEx_GetPLL3ClockFreq
                0x0000000008007530      0x13c ./Drivers/STM32H5xx_HAL_Driver/stm32h5xx_hal_rcc_ex.o
                0x0000000008007530                HAL_RCCEx_GetPLL3ClockFreq
 .text.HAL_RCCEx_GetPeriphCLKFreq
                0x000000000800766c     0x153c ./Drivers/STM32H5xx_HAL_Driver/stm32h5xx_hal_rcc_ex.o
                0x000000000800766c                HAL_RCCEx_GetPeriphCLKFreq
 .text.HAL_RNG_Init
                0x0000000008008ba8       0xe8 ./Drivers/STM32H5xx_HAL_Driver/stm32h5xx_hal_rng.o
                0x0000000008008ba8                HAL_RNG_Init
 .text.SPI_CloseTransfer
                0x0000000008008c90       0xac ./Drivers/STM32H5xx_HAL_Driver/stm32h5xx_hal_spi.o
 .text.HAL_SPI_Init
                0x0000000008008d3c      0x3a8 ./Drivers/STM32H5xx_HAL_Driver/stm32h5xx_hal_spi.o
                0x0000000008008d3c                HAL_SPI_Init
 .text.HAL_SPI_Transmit_DMA
                0x00000000080090e4      0x20c ./Drivers/STM32H5xx_HAL_Driver/stm32h5xx_hal_spi.o
                0x00000000080090e4                HAL_SPI_Transmit_DMA
 .text.HAL_SPI_Receive_DMA
                0x00000000080092f0      0x218 ./Drivers/STM32H5xx_HAL_Driver/stm32h5xx_hal_spi.o
                0x00000000080092f0                HAL_SPI_Receive_DMA
 .text.HAL_SPI_TransmitReceive_DMA
                0x0000000008009508      0x2c0 ./Drivers/STM32H5xx_HAL_Driver/stm32h5xx_hal_spi.o
                0x0000000008009508                HAL_SPI_TransmitReceive_DMA
 .text.SPI_DMATransmitCplt
                0x00000000080097c8       0x28 ./Drivers/STM32H5xx_HAL_Driver/stm32h5xx_hal_spi.o
 .text.SPI_DMAReceiveCplt
                0x00000000080097f0       0x28 ./Drivers/STM32H5xx_HAL_Driver/stm32h5xx_hal_spi.o
 .text.SPI_DMATransmitReceiveCplt
                0x0000000008009818       0x32 ./Drivers/STM32H5xx_HAL_Driver/stm32h5xx_hal_spi.o
 .text.HAL_SPI_TxHalfCpltCallback
                0x000000000800984a        0x2 ./Drivers/STM32H5xx_HAL_Driver/stm32h5xx_hal_spi.o
                0x000000000800984a                HAL_SPI_TxHalfCpltCallback
 .text.SPI_DMAHalfTransmitCplt
                0x000000000800984c        0xa ./Drivers/STM32H5xx_HAL_Driver/stm32h5xx_hal_spi.o
 .text.HAL_SPI_RxHalfCpltCallback
                0x0000000008009856        0x2 ./Drivers/STM32H5xx_HAL_Driver/stm32h5xx_hal_spi.o
                0x0000000008009856                HAL_SPI_RxHalfCpltCallback
 .text.SPI_DMAHalfReceiveCplt
                0x0000000008009858        0xa ./Drivers/STM32H5xx_HAL_Driver/stm32h5xx_hal_spi.o
 .text.HAL_SPI_TxRxHalfCpltCallback
                0x0000000008009862        0x2 ./Drivers/STM32H5xx_HAL_Driver/stm32h5xx_hal_spi.o
                0x0000000008009862                HAL_SPI_TxRxHalfCpltCallback
 .text.SPI_DMAHalfTransmitReceiveCplt
                0x0000000008009864        0xa ./Drivers/STM32H5xx_HAL_Driver/stm32h5xx_hal_spi.o
 .text.SPI_DMAError
                0x000000000800986e       0x28 ./Drivers/STM32H5xx_HAL_Driver/stm32h5xx_hal_spi.o
 .text.SPI_DMAAbortOnError
                0x0000000008009896       0x1a ./Drivers/STM32H5xx_HAL_Driver/stm32h5xx_hal_spi.o
 .text.HAL_SPI_SuspendCallback
                0x00000000080098b0        0x2 ./Drivers/STM32H5xx_HAL_Driver/stm32h5xx_hal_spi.o
                0x00000000080098b0                HAL_SPI_SuspendCallback
 *fill*         0x00000000080098b2        0x2 
 .text.HAL_SPI_IRQHandler
                0x00000000080098b4      0x20c ./Drivers/STM32H5xx_HAL_Driver/stm32h5xx_hal_spi.o
                0x00000000080098b4                HAL_SPI_IRQHandler
 .text.HAL_TIM_Base_MspInit
                0x0000000008009ac0        0x2 ./Drivers/STM32H5xx_HAL_Driver/stm32h5xx_hal_tim.o
                0x0000000008009ac0                HAL_TIM_Base_MspInit
 *fill*         0x0000000008009ac2        0x2 
 .text.HAL_TIM_Base_Start_IT
                0x0000000008009ac4      0x1b4 ./Drivers/STM32H5xx_HAL_Driver/stm32h5xx_hal_tim.o
                0x0000000008009ac4                HAL_TIM_Base_Start_IT
 .text.HAL_TIM_OC_DelayElapsedCallback
                0x0000000008009c78        0x2 ./Drivers/STM32H5xx_HAL_Driver/stm32h5xx_hal_tim.o
                0x0000000008009c78                HAL_TIM_OC_DelayElapsedCallback
 .text.HAL_TIM_IC_CaptureCallback
                0x0000000008009c7a        0x2 ./Drivers/STM32H5xx_HAL_Driver/stm32h5xx_hal_tim.o
                0x0000000008009c7a                HAL_TIM_IC_CaptureCallback
 .text.HAL_TIM_PWM_PulseFinishedCallback
                0x0000000008009c7c        0x2 ./Drivers/STM32H5xx_HAL_Driver/stm32h5xx_hal_tim.o
                0x0000000008009c7c                HAL_TIM_PWM_PulseFinishedCallback
 .text.HAL_TIM_TriggerCallback
                0x0000000008009c7e        0x2 ./Drivers/STM32H5xx_HAL_Driver/stm32h5xx_hal_tim.o
                0x0000000008009c7e                HAL_TIM_TriggerCallback
 .text.HAL_TIM_IRQHandler
                0x0000000008009c80      0x19c ./Drivers/STM32H5xx_HAL_Driver/stm32h5xx_hal_tim.o
                0x0000000008009c80                HAL_TIM_IRQHandler
 .text.TIM_Base_SetConfig
                0x0000000008009e1c      0x198 ./Drivers/STM32H5xx_HAL_Driver/stm32h5xx_hal_tim.o
                0x0000000008009e1c                TIM_Base_SetConfig
 .text.HAL_TIM_Base_Init
                0x0000000008009fb4      0x1ec ./Drivers/STM32H5xx_HAL_Driver/stm32h5xx_hal_tim.o
                0x0000000008009fb4                HAL_TIM_Base_Init
 .text.HAL_TIMEx_CommutCallback
                0x000000000800a1a0        0x2 ./Drivers/STM32H5xx_HAL_Driver/stm32h5xx_hal_tim_ex.o
                0x000000000800a1a0                HAL_TIMEx_CommutCallback
 .text.HAL_TIMEx_BreakCallback
                0x000000000800a1a2        0x2 ./Drivers/STM32H5xx_HAL_Driver/stm32h5xx_hal_tim_ex.o
                0x000000000800a1a2                HAL_TIMEx_BreakCallback
 .text.HAL_TIMEx_Break2Callback
                0x000000000800a1a4        0x2 ./Drivers/STM32H5xx_HAL_Driver/stm32h5xx_hal_tim_ex.o
                0x000000000800a1a4                HAL_TIMEx_Break2Callback
 .text.HAL_TIMEx_EncoderIndexCallback
                0x000000000800a1a6        0x2 ./Drivers/STM32H5xx_HAL_Driver/stm32h5xx_hal_tim_ex.o
                0x000000000800a1a6                HAL_TIMEx_EncoderIndexCallback
 .text.HAL_TIMEx_DirectionChangeCallback
                0x000000000800a1a8        0x2 ./Drivers/STM32H5xx_HAL_Driver/stm32h5xx_hal_tim_ex.o
                0x000000000800a1a8                HAL_TIMEx_DirectionChangeCallback
 .text.HAL_TIMEx_IndexErrorCallback
                0x000000000800a1aa        0x2 ./Drivers/STM32H5xx_HAL_Driver/stm32h5xx_hal_tim_ex.o
                0x000000000800a1aa                HAL_TIMEx_IndexErrorCallback
 .text.HAL_TIMEx_TransitionErrorCallback
                0x000000000800a1ac        0x2 ./Drivers/STM32H5xx_HAL_Driver/stm32h5xx_hal_tim_ex.o
                0x000000000800a1ac                HAL_TIMEx_TransitionErrorCallback
 *fill*         0x000000000800a1ae        0x2 
 .text.UART_EndRxTransfer
                0x000000000800a1b0       0x58 ./Drivers/STM32H5xx_HAL_Driver/stm32h5xx_hal_uart.o
 .text.HAL_UART_TxCpltCallback
                0x000000000800a208        0x2 ./Drivers/STM32H5xx_HAL_Driver/stm32h5xx_hal_uart.o
                0x000000000800a208                HAL_UART_TxCpltCallback
 .text.HAL_UART_ErrorCallback
                0x000000000800a20a        0x2 ./Drivers/STM32H5xx_HAL_Driver/stm32h5xx_hal_uart.o
                0x000000000800a20a                HAL_UART_ErrorCallback
 .text.UART_DMAAbortOnError
                0x000000000800a20c       0x14 ./Drivers/STM32H5xx_HAL_Driver/stm32h5xx_hal_uart.o
 .text.HAL_UARTEx_RxEventCallback
                0x000000000800a220        0x2 ./Drivers/STM32H5xx_HAL_Driver/stm32h5xx_hal_uart.o
                0x000000000800a220                HAL_UARTEx_RxEventCallback
 *fill*         0x000000000800a222        0x2 
 .text.HAL_UART_IRQHandler
                0x000000000800a224      0x2bc ./Drivers/STM32H5xx_HAL_Driver/stm32h5xx_hal_uart.o
                0x000000000800a224                HAL_UART_IRQHandler
 .text.UART_RxISR_8BIT
                0x000000000800a4e0       0xd4 ./Drivers/STM32H5xx_HAL_Driver/stm32h5xx_hal_uart.o
 .text.UART_RxISR_16BIT
                0x000000000800a5b4       0xd0 ./Drivers/STM32H5xx_HAL_Driver/stm32h5xx_hal_uart.o
 .text.UART_RxISR_8BIT_FIFOEN
                0x000000000800a684      0x1a8 ./Drivers/STM32H5xx_HAL_Driver/stm32h5xx_hal_uart.o
 .text.UART_RxISR_16BIT_FIFOEN
                0x000000000800a82c      0x1a4 ./Drivers/STM32H5xx_HAL_Driver/stm32h5xx_hal_uart.o
 .text.UART_SetConfig
                0x000000000800a9d0      0x2e8 ./Drivers/STM32H5xx_HAL_Driver/stm32h5xx_hal_uart.o
                0x000000000800a9d0                UART_SetConfig
 .text.UART_AdvFeatureConfig
                0x000000000800acb8      0x254 ./Drivers/STM32H5xx_HAL_Driver/stm32h5xx_hal_uart.o
                0x000000000800acb8                UART_AdvFeatureConfig
 .text.UART_WaitOnFlagUntilTimeout
                0x000000000800af0c       0x88 ./Drivers/STM32H5xx_HAL_Driver/stm32h5xx_hal_uart.o
                0x000000000800af0c                UART_WaitOnFlagUntilTimeout
 .text.HAL_UART_Transmit
                0x000000000800af94       0xbc ./Drivers/STM32H5xx_HAL_Driver/stm32h5xx_hal_uart.o
                0x000000000800af94                HAL_UART_Transmit
 .text.UART_CheckIdleState
                0x000000000800b050       0xb8 ./Drivers/STM32H5xx_HAL_Driver/stm32h5xx_hal_uart.o
                0x000000000800b050                UART_CheckIdleState
 .text.HAL_UART_Init
                0x000000000800b108      0x224 ./Drivers/STM32H5xx_HAL_Driver/stm32h5xx_hal_uart.o
                0x000000000800b108                HAL_UART_Init
 .text.UART_Start_Receive_IT
                0x000000000800b32c      0x110 ./Drivers/STM32H5xx_HAL_Driver/stm32h5xx_hal_uart.o
                0x000000000800b32c                UART_Start_Receive_IT
 .text.HAL_UART_Receive_IT
                0x000000000800b43c       0x5c ./Drivers/STM32H5xx_HAL_Driver/stm32h5xx_hal_uart.o
                0x000000000800b43c                HAL_UART_Receive_IT
 .text.UARTEx_SetNbDataToProcess
                0x000000000800b498       0x44 ./Drivers/STM32H5xx_HAL_Driver/stm32h5xx_hal_uart_ex.o
 .text.HAL_UARTEx_WakeupCallback
                0x000000000800b4dc        0x2 ./Drivers/STM32H5xx_HAL_Driver/stm32h5xx_hal_uart_ex.o
                0x000000000800b4dc                HAL_UARTEx_WakeupCallback
 .text.HAL_UARTEx_RxFifoFullCallback
                0x000000000800b4de        0x2 ./Drivers/STM32H5xx_HAL_Driver/stm32h5xx_hal_uart_ex.o
                0x000000000800b4de                HAL_UARTEx_RxFifoFullCallback
 .text.HAL_UARTEx_TxFifoEmptyCallback