C:/Users/89336/STM32CubeIDE/workspace_1.13.1/en.x-cube-aws-h5-v1-0-0/STM32CubeExpansion_Cloud_AWS_H5_V1.0.0/Projects/Common/cli/cli_conf.c:85:13:vSubCommand_GetConfig	32	static
C:/Users/89336/STM32CubeIDE/workspace_1.13.1/en.x-cube-aws-h5-v1-0-0/STM32CubeExpansion_Cloud_AWS_H5_V1.0.0/Projects/Common/cli/cli_conf.c:247:13:vSubCommand_GetConfigAll	16	static
C:/Users/89336/STM32CubeIDE/workspace_1.13.1/en.x-cube-aws-h5-v1-0-0/STM32CubeExpansion_Cloud_AWS_H5_V1.0.0/Projects/Common/cli/cli_conf.c:214:14:ConcatenateArguments	24	static
C:/Users/89336/STM32CubeIDE/workspace_1.13.1/en.x-cube-aws-h5-v1-0-0/STM32CubeExpansion_Cloud_AWS_H5_V1.0.0/Projects/Common/cli/cli_conf.c:255:13:vSubCommand_SetConfig	48	static
C:/Users/89336/STM32CubeIDE/workspace_1.13.1/en.x-cube-aws-h5-v1-0-0/STM32CubeExpansion_Cloud_AWS_H5_V1.0.0/Projects/Common/cli/cli_conf.c:71:13:vSubCommand_CommitConfig	8	static
C:/Users/89336/STM32CubeIDE/workspace_1.13.1/en.x-cube-aws-h5-v1-0-0/STM32CubeExpansion_Cloud_AWS_H5_V1.0.0/Projects/Common/cli/cli_conf.c:414:13:vCommand_Configure	24	static
