C:/Users/89336/STM32CubeIDE/workspace_1.13.1/en.x-cube-aws-h5-v1-0-0/STM32CubeExpansion_Cloud_AWS_H5_V1.0.0/Projects/STM32H573I-DK/aws_ri/Src/ota_pal/ota_pal_stm32_ntz.c:215:21:pcPalStateToString	0	static
C:/Users/89336/STM32CubeIDE/workspace_1.13.1/en.x-cube-aws-h5-v1-0-0/STM32CubeExpansion_Cloud_AWS_H5_V1.0.0/Projects/STM32H573I-DK/aws_ri/Src/ota_pal/ota_pal_stm32_ntz.c:247:19:prvInitializePalContext	120	static,ignoring_inline_asm
C:/Users/89336/STM32CubeIDE/workspace_1.13.1/en.x-cube-aws-h5-v1-0-0/STM32CubeExpansion_Cloud_AWS_H5_V1.0.0/Projects/STM32H573I-DK/aws_ri/Src/ota_pal/ota_pal_stm32_ntz.c:383:26:prvGetImageContext	8	static
C:/Users/89336/STM32CubeIDE/workspace_1.13.1/en.x-cube-aws-h5-v1-0-0/STM32CubeExpansion_Cloud_AWS_H5_V1.0.0/Projects/STM32H573I-DK/aws_ri/Src/ota_pal/ota_pal_stm32_ntz.c:498:17:prvGetBankSettingFromOB	72	static
C:/Users/89336/STM32CubeIDE/workspace_1.13.1/en.x-cube-aws-h5-v1-0-0/STM32CubeExpansion_Cloud_AWS_H5_V1.0.0/Projects/STM32H573I-DK/aws_ri/Src/ota_pal/ota_pal_stm32_ntz.c:488:17:prvGetActiveBank	8	static
C:/Users/89336/STM32CubeIDE/workspace_1.13.1/en.x-cube-aws-h5-v1-0-0/STM32CubeExpansion_Cloud_AWS_H5_V1.0.0/Projects/STM32H573I-DK/aws_ri/Src/ota_pal/ota_pal_stm32_ntz.c:518:17:prvGetInactiveBank	8	static
C:/Users/89336/STM32CubeIDE/workspace_1.13.1/en.x-cube-aws-h5-v1-0-0/STM32CubeExpansion_Cloud_AWS_H5_V1.0.0/Projects/STM32H573I-DK/aws_ri/Src/ota_pal/ota_pal_stm32_ntz.c:627:19:prvEraseBank	40	static,ignoring_inline_asm
C:/Users/89336/STM32CubeIDE/workspace_1.13.1/en.x-cube-aws-h5-v1-0-0/STM32CubeExpansion_Cloud_AWS_H5_V1.0.0/Projects/STM32H573I-DK/aws_ri/Src/ota_pal/ota_pal_stm32_ntz.c:348:19:prvDeletePalNvContext	280	static
C:/Users/89336/STM32CubeIDE/workspace_1.13.1/en.x-cube-aws-h5-v1-0-0/STM32CubeExpansion_Cloud_AWS_H5_V1.0.0/Projects/STM32H573I-DK/aws_ri/Src/ota_pal/ota_pal_stm32_ntz.c:541:26:prvWriteToFlash	48	static
C:/Users/89336/STM32CubeIDE/workspace_1.13.1/en.x-cube-aws-h5-v1-0-0/STM32CubeExpansion_Cloud_AWS_H5_V1.0.0/Projects/STM32H573I-DK/aws_ri/Src/ota_pal/ota_pal_stm32_ntz.c:664:19:xCalculateImageHash	32	static,ignoring_inline_asm
C:/Users/89336/STM32CubeIDE/workspace_1.13.1/en.x-cube-aws-h5-v1-0-0/STM32CubeExpansion_Cloud_AWS_H5_V1.0.0/Projects/STM32H573I-DK/aws_ri/Src/ota_pal/ota_pal_stm32_ntz.c:716:23:prvValidateSignature	72	static,ignoring_inline_asm
C:/Users/89336/STM32CubeIDE/workspace_1.13.1/en.x-cube-aws-h5-v1-0-0/STM32CubeExpansion_Cloud_AWS_H5_V1.0.0/Projects/STM32H573I-DK/aws_ri/Src/ota_pal/ota_pal_stm32_ntz.c:303:19:prvWritePalNvContext	120	static,ignoring_inline_asm
C:/Users/89336/STM32CubeIDE/workspace_1.13.1/en.x-cube-aws-h5-v1-0-0/STM32CubeExpansion_Cloud_AWS_H5_V1.0.0/Projects/STM32H573I-DK/aws_ri/Src/ota_pal/ota_pal_stm32_ntz.c:402:19:prvSelectBank	80	static
C:/Users/89336/STM32CubeIDE/workspace_1.13.1/en.x-cube-aws-h5-v1-0-0/STM32CubeExpansion_Cloud_AWS_H5_V1.0.0/Projects/STM32H573I-DK/aws_ri/Src/ota_pal/ota_pal_stm32_ntz.c:466:13:prvOptionByteApply	8	static
C:/Users/89336/STM32CubeIDE/workspace_1.13.1/en.x-cube-aws-h5-v1-0-0/STM32CubeExpansion_Cloud_AWS_H5_V1.0.0/Projects/STM32H573I-DK/aws_ri/Src/ota_pal/ota_pal_stm32_ntz.c:157:14:otaImageStateToString	0	static
C:/Users/89336/STM32CubeIDE/workspace_1.13.1/en.x-cube-aws-h5-v1-0-0/STM32CubeExpansion_Cloud_AWS_H5_V1.0.0/Projects/STM32H573I-DK/aws_ri/Src/ota_pal/ota_pal_stm32_ntz.c:188:14:otaPalImageStateToString	0	static
C:/Users/89336/STM32CubeIDE/workspace_1.13.1/en.x-cube-aws-h5-v1-0-0/STM32CubeExpansion_Cloud_AWS_H5_V1.0.0/Projects/STM32H573I-DK/aws_ri/Src/ota_pal/ota_pal_stm32_ntz.c:766:16:otaPal_CreateFileForRx	32	static
C:/Users/89336/STM32CubeIDE/workspace_1.13.1/en.x-cube-aws-h5-v1-0-0/STM32CubeExpansion_Cloud_AWS_H5_V1.0.0/Projects/STM32H573I-DK/aws_ri/Src/ota_pal/ota_pal_stm32_ntz.c:837:9:otaPal_WriteBlock	32	static,ignoring_inline_asm
C:/Users/89336/STM32CubeIDE/workspace_1.13.1/en.x-cube-aws-h5-v1-0-0/STM32CubeExpansion_Cloud_AWS_H5_V1.0.0/Projects/STM32H573I-DK/aws_ri/Src/ota_pal/ota_pal_stm32_ntz.c:1196:20:otaPal_GetPlatformImageState	24	static,ignoring_inline_asm
C:/Users/89336/STM32CubeIDE/workspace_1.13.1/en.x-cube-aws-h5-v1-0-0/STM32CubeExpansion_Cloud_AWS_H5_V1.0.0/Projects/STM32H573I-DK/aws_ri/Src/ota_pal/ota_pal_stm32_ntz.c:1241:16:otaPal_ResetDevice	24	static,ignoring_inline_asm
C:/Users/89336/STM32CubeIDE/workspace_1.13.1/en.x-cube-aws-h5-v1-0-0/STM32CubeExpansion_Cloud_AWS_H5_V1.0.0/Projects/STM32H573I-DK/aws_ri/Src/ota_pal/ota_pal_stm32_ntz.c:942:16:otaPal_ActivateNewImage	24	static
C:/Users/89336/STM32CubeIDE/workspace_1.13.1/en.x-cube-aws-h5-v1-0-0/STM32CubeExpansion_Cloud_AWS_H5_V1.0.0/Projects/STM32H573I-DK/aws_ri/Src/ota_pal/ota_pal_stm32_ntz.c:962:6:otaPal_EarlyInit	32	static
C:/Users/89336/STM32CubeIDE/workspace_1.13.1/en.x-cube-aws-h5-v1-0-0/STM32CubeExpansion_Cloud_AWS_H5_V1.0.0/Projects/STM32H573I-DK/aws_ri/Src/ota_pal/ota_pal_stm32_ntz.c:1015:16:otaPal_SetPlatformImageState	32	static,ignoring_inline_asm
C:/Users/89336/STM32CubeIDE/workspace_1.13.1/en.x-cube-aws-h5-v1-0-0/STM32CubeExpansion_Cloud_AWS_H5_V1.0.0/Projects/STM32H573I-DK/aws_ri/Src/ota_pal/ota_pal_stm32_ntz.c:878:16:otaPal_CloseFile	64	static,ignoring_inline_asm
C:/Users/89336/STM32CubeIDE/workspace_1.13.1/en.x-cube-aws-h5-v1-0-0/STM32CubeExpansion_Cloud_AWS_H5_V1.0.0/Projects/STM32H573I-DK/aws_ri/Src/ota_pal/ota_pal_stm32_ntz.c:933:16:otaPal_Abort	8	static
