C:/Users/89336/STM32CubeIDE/workspace_1.13.1/STM32CubeExpansion_Cloud_AWS_H5_V1.0.0/Drivers/STM32H5xx_HAL_Driver/Src/stm32h5xx_hal_flash.c:804:13:FLASH_Program_QuadWord	0	static,ignoring_inline_asm
C:/Users/89336/STM32CubeIDE/workspace_1.13.1/STM32CubeExpansion_Cloud_AWS_H5_V1.0.0/Drivers/STM32H5xx_HAL_Driver/Src/stm32h5xx_hal_flash.c:846:13:FLASH_Program_QuadWord_OBK	4	static,ignoring_inline_asm
C:/Users/89336/STM32CubeIDE/workspace_1.13.1/STM32CubeExpansion_Cloud_AWS_H5_V1.0.0/Drivers/STM32H5xx_HAL_Driver/Src/stm32h5xx_hal_flash.c:889:13:FLASH_Program_HalfWord	0	static
C:/Users/89336/STM32CubeIDE/workspace_1.13.1/STM32CubeExpansion_Cloud_AWS_H5_V1.0.0/Drivers/STM32H5xx_HAL_Driver/Src/stm32h5xx_hal_flash.c:488:13:HAL_FLASH_EndOfOperationCallback	0	static
C:/Users/89336/STM32CubeIDE/workspace_1.13.1/STM32CubeExpansion_Cloud_AWS_H5_V1.0.0/Drivers/STM32H5xx_HAL_Driver/Src/stm32h5xx_hal_flash.c:506:13:HAL_FLASH_OperationErrorCallback	0	static
C:/Users/89336/STM32CubeIDE/workspace_1.13.1/STM32CubeExpansion_Cloud_AWS_H5_V1.0.0/Drivers/STM32H5xx_HAL_Driver/Src/stm32h5xx_hal_flash.c:358:6:HAL_FLASH_IRQHandler	8	static
C:/Users/89336/STM32CubeIDE/workspace_1.13.1/STM32CubeExpansion_Cloud_AWS_H5_V1.0.0/Drivers/STM32H5xx_HAL_Driver/Src/stm32h5xx_hal_flash.c:539:19:HAL_FLASH_Unlock	0	static
C:/Users/89336/STM32CubeIDE/workspace_1.13.1/STM32CubeExpansion_Cloud_AWS_H5_V1.0.0/Drivers/STM32H5xx_HAL_Driver/Src/stm32h5xx_hal_flash.c:581:19:HAL_FLASH_Lock	0	static
C:/Users/89336/STM32CubeIDE/workspace_1.13.1/STM32CubeExpansion_Cloud_AWS_H5_V1.0.0/Drivers/STM32H5xx_HAL_Driver/Src/stm32h5xx_hal_flash.c:615:19:HAL_FLASH_OB_Unlock	0	static
C:/Users/89336/STM32CubeIDE/workspace_1.13.1/STM32CubeExpansion_Cloud_AWS_H5_V1.0.0/Drivers/STM32H5xx_HAL_Driver/Src/stm32h5xx_hal_flash.c:637:19:HAL_FLASH_OB_Lock	0	static
C:/Users/89336/STM32CubeIDE/workspace_1.13.1/STM32CubeExpansion_Cloud_AWS_H5_V1.0.0/Drivers/STM32H5xx_HAL_Driver/Src/stm32h5xx_hal_flash.c:700:10:HAL_FLASH_GetError	0	static
C:/Users/89336/STM32CubeIDE/workspace_1.13.1/STM32CubeExpansion_Cloud_AWS_H5_V1.0.0/Drivers/STM32H5xx_HAL_Driver/Src/stm32h5xx_hal_flash.c:724:19:FLASH_WaitForLastOperation	16	static
C:/Users/89336/STM32CubeIDE/workspace_1.13.1/STM32CubeExpansion_Cloud_AWS_H5_V1.0.0/Drivers/STM32H5xx_HAL_Driver/Src/stm32h5xx_hal_flash.c:162:19:HAL_FLASH_Program	16	static
C:/Users/89336/STM32CubeIDE/workspace_1.13.1/STM32CubeExpansion_Cloud_AWS_H5_V1.0.0/Drivers/STM32H5xx_HAL_Driver/Src/stm32h5xx_hal_flash.c:266:19:HAL_FLASH_Program_IT	24	static
C:/Users/89336/STM32CubeIDE/workspace_1.13.1/STM32CubeExpansion_Cloud_AWS_H5_V1.0.0/Drivers/STM32H5xx_HAL_Driver/Src/stm32h5xx_hal_flash.c:655:19:HAL_FLASH_OB_Launch	8	static
