F:/STM32_CAPSTONE/workspace/Nx_Network_Basics_wifi/Core/Src/main.c:93:5:main	176	static
F:/STM32_CAPSTONE/workspace/Nx_Network_Basics_wifi/Core/Src/main.c:199:6:SystemClock_Config	120	static
F:/STM32_CAPSTONE/workspace/Nx_Network_Basics_wifi/Core/Src/main.c:255:13:MX_GPDMA1_Init	16	static
F:/STM32_CAPSTONE/workspace/Nx_Network_Basics_wifi/Core/Src/main.c:285:13:MX_ICACHE_Init	8	static
F:/STM32_CAPSTONE/workspace/Nx_Network_Basics_wifi/Core/Src/main.c:313:13:MX_OCTOSPI1_Init	16	static
F:/STM32_CAPSTONE/workspace/Nx_Network_Basics_wifi/Core/Src/main.c:365:13:MX_RNG_Init	8	static
F:/STM32_CAPSTONE/workspace/Nx_Network_Basics_wifi/Core/Src/main.c:392:13:MX_SPI5_Init	8	static
F:/STM32_CAPSTONE/workspace/Nx_Network_Basics_wifi/Core/Src/main.c:440:13:MX_USART1_UART_Init	8	static
F:/STM32_CAPSTONE/workspace/Nx_Network_Basics_wifi/Core/Src/main.c:489:13:MX_GPIO_Init	64	static
F:/STM32_CAPSTONE/workspace/Nx_Network_Basics_wifi/Core/Src/main.c:588:1:__io_putchar	16	static
F:/STM32_CAPSTONE/workspace/Nx_Network_Basics_wifi/Core/Src/main.c:633:1:__io_getchar	16	static
F:/STM32_CAPSTONE/workspace/Nx_Network_Basics_wifi/Core/Src/main.c:656:6:HAL_SPI_RxCpltCallback	16	static
F:/STM32_CAPSTONE/workspace/Nx_Network_Basics_wifi/Core/Src/main.c:670:6:HAL_SPI_TxCpltCallback	16	static
F:/STM32_CAPSTONE/workspace/Nx_Network_Basics_wifi/Core/Src/main.c:684:6:HAL_SPI_TxRxCpltCallback	16	static
F:/STM32_CAPSTONE/workspace/Nx_Network_Basics_wifi/Core/Src/main.c:697:6:HAL_GPIO_EXTI_Rising_Callback	16	static
F:/STM32_CAPSTONE/workspace/Nx_Network_Basics_wifi/Core/Src/main.c:716:6:HAL_UART_RxCpltCallback	16	static
F:/STM32_CAPSTONE/workspace/Nx_Network_Basics_wifi/Core/Src/main.c:732:5:hardware_rand	4	static
F:/STM32_CAPSTONE/workspace/Nx_Network_Basics_wifi/Core/Src/main.c:750:6:HAL_TIM_PeriodElapsedCallback	16	static
F:/STM32_CAPSTONE/workspace/Nx_Network_Basics_wifi/Core/Src/main.c:767:6:Error_Handler	8	static,ignoring_inline_asm
F:/STM32_CAPSTONE/workspace/Nx_Network_Basics_wifi/Core/Src/main.c:788:6:assert_failed	16	static
