F:/STM32_CAPSTONE/workspace/Nx_Network_Basics_wifi/Drivers/BSP/Components/mx_wifi/core/mx_wifi_hci.c:57:13:mx_wifi_hci_pkt_verify	16	static
F:/STM32_CAPSTONE/workspace/Nx_Network_Basics_wifi/Drivers/BSP/Components/mx_wifi/core/mx_wifi_hci.c:67:9:mx_wifi_hci_init	16	static
F:/STM32_CAPSTONE/workspace/Nx_Network_Basics_wifi/Drivers/BSP/Components/mx_wifi/core/mx_wifi_hci.c:76:9:mx_wifi_hci_deinit	8	static
F:/STM32_CAPSTONE/workspace/Nx_Network_Basics_wifi/Drivers/BSP/Components/mx_wifi/core/mx_wifi_hci.c:83:9:mx_wifi_hci_send	24	static
F:/STM32_CAPSTONE/workspace/Nx_Network_Basics_wifi/Drivers/BSP/Components/mx_wifi/core/mx_wifi_hci.c:129:11:mx_wifi_hci_recv	24	static
F:/STM32_CAPSTONE/workspace/Nx_Network_Basics_wifi/Drivers/BSP/Components/mx_wifi/core/mx_wifi_hci.c:146:6:mx_wifi_hci_free	16	static
F:/STM32_CAPSTONE/workspace/Nx_Network_Basics_wifi/Drivers/BSP/Components/mx_wifi/core/mx_wifi_hci.c:160:6:mx_wifi_hci_input	24	static
