C:/Users/89336/STM32CubeIDE/workspace_1.13.1/en.x-cube-aws-h5-v1-0-0/STM32CubeExpansion_Cloud_AWS_H5_V1.0.0/Projects/STM32H573I-DK/aws_ri/Src/app_main.c:232:13:vDetermineResetSource	16	static
C:/Users/89336/STM32CubeIDE/workspace_1.13.1/en.x-cube-aws-h5-v1-0-0/STM32CubeExpansion_Cloud_AWS_H5_V1.0.0/Projects/STM32H573I-DK/aws_ri/Src/app_main.c:135:13:vHeartbeatTask	8	static
C:/Users/89336/STM32CubeIDE/workspace_1.13.1/en.x-cube-aws-h5-v1-0-0/STM32CubeExpansion_Cloud_AWS_H5_V1.0.0/Projects/STM32H573I-DK/aws_ri/Src/app_main.c:75:12:fs_init	280	static
C:/Users/89336/STM32CubeIDE/workspace_1.13.1/en.x-cube-aws-h5-v1-0-0/STM32CubeExpansion_Cloud_AWS_H5_V1.0.0/Projects/STM32H573I-DK/aws_ri/Src/app_main.c:165:6:vInitTask	16	static,ignoring_inline_asm
C:/Users/89336/STM32CubeIDE/workspace_1.13.1/en.x-cube-aws-h5-v1-0-0/STM32CubeExpansion_Cloud_AWS_H5_V1.0.0/Projects/STM32H573I-DK/aws_ri/Src/app_main.c:62:9:pxGetDefaultFsCtx	8	static
C:/Users/89336/STM32CubeIDE/workspace_1.13.1/en.x-cube-aws-h5-v1-0-0/STM32CubeExpansion_Cloud_AWS_H5_V1.0.0/Projects/STM32H573I-DK/aws_ri/Src/app_main.c:274:10:ulGetResetSource	0	static
C:/Users/89336/STM32CubeIDE/workspace_1.13.1/en.x-cube-aws-h5-v1-0-0/STM32CubeExpansion_Cloud_AWS_H5_V1.0.0/Projects/STM32H573I-DK/aws_ri/Src/app_main.c:279:5:main	16	static,ignoring_inline_asm
C:/Users/89336/STM32CubeIDE/workspace_1.13.1/en.x-cube-aws-h5-v1-0-0/STM32CubeExpansion_Cloud_AWS_H5_V1.0.0/Projects/STM32H573I-DK/aws_ri/Src/app_main.c:310:13:uxRand	8	static
C:/Users/89336/STM32CubeIDE/workspace_1.13.1/en.x-cube-aws-h5-v1-0-0/STM32CubeExpansion_Cloud_AWS_H5_V1.0.0/Projects/STM32H573I-DK/aws_ri/Src/app_main.c:320:6:vApplicationGetIdleTaskMemory	0	static
C:/Users/89336/STM32CubeIDE/workspace_1.13.1/en.x-cube-aws-h5-v1-0-0/STM32CubeExpansion_Cloud_AWS_H5_V1.0.0/Projects/STM32H573I-DK/aws_ri/Src/app_main.c:347:6:vApplicationGetTimerTaskMemory	0	static
C:/Users/89336/STM32CubeIDE/workspace_1.13.1/en.x-cube-aws-h5-v1-0-0/STM32CubeExpansion_Cloud_AWS_H5_V1.0.0/Projects/STM32H573I-DK/aws_ri/Src/app_main.c:373:6:vApplicationIdleHook	0	static
C:/Users/89336/STM32CubeIDE/workspace_1.13.1/en.x-cube-aws-h5-v1-0-0/STM32CubeExpansion_Cloud_AWS_H5_V1.0.0/Projects/STM32H573I-DK/aws_ri/Src/app_main.c:381:6:vApplicationMallocFailedHook	8	static,ignoring_inline_asm
C:/Users/89336/STM32CubeIDE/workspace_1.13.1/en.x-cube-aws-h5-v1-0-0/STM32CubeExpansion_Cloud_AWS_H5_V1.0.0/Projects/STM32H573I-DK/aws_ri/Src/app_main.c:392:6:vApplicationStackOverflowHook	24	static,ignoring_inline_asm
C:/Users/89336/STM32CubeIDE/workspace_1.13.1/en.x-cube-aws-h5-v1-0-0/STM32CubeExpansion_Cloud_AWS_H5_V1.0.0/Projects/STM32H573I-DK/aws_ri/Src/app_main.c:411:6:vDoSystemReset	8	static,ignoring_inline_asm
