F:/STM32_CAPSTONE/workspace/Nx_Network_Basics_wifi/Drivers/BSP/Components/mx_wifi/mx_wifi.c:684:25:_mx_wifi_set_eap_cert.constprop	48	static
F:/STM32_CAPSTONE/workspace/Nx_Network_Basics_wifi/Drivers/BSP/Components/mx_wifi/mx_wifi.c:78:18:MX_WIFI_RegisterBusIO	12	static
F:/STM32_CAPSTONE/workspace/Nx_Network_Basics_wifi/Drivers/BSP/Components/mx_wifi/mx_wifi.c:105:18:MX_WIFI_HardResetModule	8	static
F:/STM32_CAPSTONE/workspace/Nx_Network_Basics_wifi/Drivers/BSP/Components/mx_wifi/mx_wifi.c:129:18:MX_WIFI_SetTimeout	0	static
F:/STM32_CAPSTONE/workspace/Nx_Network_Basics_wifi/Drivers/BSP/Components/mx_wifi/mx_wifi.c:174:18:MX_WIFI_Init	64	static
F:/STM32_CAPSTONE/workspace/Nx_Network_Basics_wifi/Drivers/BSP/Components/mx_wifi/mx_wifi.c:274:18:MX_WIFI_DeInit	16	static
F:/STM32_CAPSTONE/workspace/Nx_Network_Basics_wifi/Drivers/BSP/Components/mx_wifi/mx_wifi.c:317:18:MX_WIFI_IO_YIELD	8	static
F:/STM32_CAPSTONE/workspace/Nx_Network_Basics_wifi/Drivers/BSP/Components/mx_wifi/mx_wifi.c:152:13:_MX_WIFI_RecvThread	8	static
F:/STM32_CAPSTONE/workspace/Nx_Network_Basics_wifi/Drivers/BSP/Components/mx_wifi/mx_wifi.c:328:18:MX_WIFI_ResetModule	24	static
F:/STM32_CAPSTONE/workspace/Nx_Network_Basics_wifi/Drivers/BSP/Components/mx_wifi/mx_wifi.c:346:18:MX_WIFI_ResetToFactoryDefault	24	static
F:/STM32_CAPSTONE/workspace/Nx_Network_Basics_wifi/Drivers/BSP/Components/mx_wifi/mx_wifi.c:364:18:MX_WIFI_GetVersion	40	static
F:/STM32_CAPSTONE/workspace/Nx_Network_Basics_wifi/Drivers/BSP/Components/mx_wifi/mx_wifi.c:389:18:MX_WIFI_GetMACAddress	0	static
F:/STM32_CAPSTONE/workspace/Nx_Network_Basics_wifi/Drivers/BSP/Components/mx_wifi/mx_wifi.c:403:18:MX_WIFI_GetsoftapMACAddress	32	static
F:/STM32_CAPSTONE/workspace/Nx_Network_Basics_wifi/Drivers/BSP/Components/mx_wifi/mx_wifi.c:427:18:MX_WIFI_Scan	72	static
F:/STM32_CAPSTONE/workspace/Nx_Network_Basics_wifi/Drivers/BSP/Components/mx_wifi/mx_wifi.c:465:8:MX_WIFI_Get_scan_result	16	static
F:/STM32_CAPSTONE/workspace/Nx_Network_Basics_wifi/Drivers/BSP/Components/mx_wifi/mx_wifi.c:479:18:MX_WIFI_RegisterStatusCallback	0	static
F:/STM32_CAPSTONE/workspace/Nx_Network_Basics_wifi/Drivers/BSP/Components/mx_wifi/mx_wifi.c:496:18:MX_WIFI_UnRegisterStatusCallback	0	static
F:/STM32_CAPSTONE/workspace/Nx_Network_Basics_wifi/Drivers/BSP/Components/mx_wifi/mx_wifi.c:511:18:MX_WIFI_RegisterStatusCallback_if	0	static
F:/STM32_CAPSTONE/workspace/Nx_Network_Basics_wifi/Drivers/BSP/Components/mx_wifi/mx_wifi.c:531:18:MX_WIFI_UnRegisterStatusCallback_if	0	static
F:/STM32_CAPSTONE/workspace/Nx_Network_Basics_wifi/Drivers/BSP/Components/mx_wifi/mx_wifi.c:548:18:MX_WIFI_Connect	288	static
F:/STM32_CAPSTONE/workspace/Nx_Network_Basics_wifi/Drivers/BSP/Components/mx_wifi/mx_wifi.c:620:18:MX_WIFI_Connect_Adv	224	static
F:/STM32_CAPSTONE/workspace/Nx_Network_Basics_wifi/Drivers/BSP/Components/mx_wifi/mx_wifi.c:726:18:MX_WIFI_EAP_Connect	256	static
F:/STM32_CAPSTONE/workspace/Nx_Network_Basics_wifi/Drivers/BSP/Components/mx_wifi/mx_wifi.c:832:18:MX_WIFI_Disconnect	24	static
F:/STM32_CAPSTONE/workspace/Nx_Network_Basics_wifi/Drivers/BSP/Components/mx_wifi/mx_wifi.c:854:18:MX_WIFI_WPS_Connect	24	static
F:/STM32_CAPSTONE/workspace/Nx_Network_Basics_wifi/Drivers/BSP/Components/mx_wifi/mx_wifi.c:878:18:MX_WIFI_WPS_Stop	24	static
F:/STM32_CAPSTONE/workspace/Nx_Network_Basics_wifi/Drivers/BSP/Components/mx_wifi/mx_wifi.c:901:8:MX_WIFI_IsConnected	144	static
F:/STM32_CAPSTONE/workspace/Nx_Network_Basics_wifi/Drivers/BSP/Components/mx_wifi/mx_wifi.c:931:18:MX_WIFI_GetIPAddress	104	static
F:/STM32_CAPSTONE/workspace/Nx_Network_Basics_wifi/Drivers/BSP/Components/mx_wifi/mx_wifi.c:977:18:MX_WIFI_GetIP6Address	56	static
F:/STM32_CAPSTONE/workspace/Nx_Network_Basics_wifi/Drivers/BSP/Components/mx_wifi/mx_wifi.c:1009:9:MX_WIFI_GetIP6AddressState	24	static
F:/STM32_CAPSTONE/workspace/Nx_Network_Basics_wifi/Drivers/BSP/Components/mx_wifi/mx_wifi.c:1041:18:MX_WIFI_StartAP	208	static
F:/STM32_CAPSTONE/workspace/Nx_Network_Basics_wifi/Drivers/BSP/Components/mx_wifi/mx_wifi.c:1073:18:MX_WIFI_StopAP	24	static
F:/STM32_CAPSTONE/workspace/Nx_Network_Basics_wifi/Drivers/BSP/Components/mx_wifi/mx_wifi.c:2650:18:MX_WIFI_Network_bypass_mode_set	32	static
F:/STM32_CAPSTONE/workspace/Nx_Network_Basics_wifi/Drivers/BSP/Components/mx_wifi/mx_wifi.c:2692:18:MX_WIFI_Network_bypass_netlink_output	32	static
F:/STM32_CAPSTONE/workspace/Nx_Network_Basics_wifi/Drivers/BSP/Components/mx_wifi/mx_wifi.c:2757:9:MX_WIFI_station_powersave	24	static
