C:/Users/89336/STM32CubeIDE/workspace_1.13.1/en.x-cube-aws-h5-v1-0-0/STM32CubeExpansion_Cloud_AWS_H5_V1.0.0/Middleware/ARM/mbedtls/library/bignum.c:357:15:mbedtls_clz	0	static
C:/Users/89336/STM32CubeIDE/workspace_1.13.1/en.x-cube-aws-h5-v1-0-0/STM32CubeExpansion_Cloud_AWS_H5_V1.0.0/Middleware/ARM/mbedtls/library/bignum.c:402:12:mpi_get_digit	0	static
C:/Users/89336/STM32CubeIDE/workspace_1.13.1/en.x-cube-aws-h5-v1-0-0/STM32CubeExpansion_Cloud_AWS_H5_V1.0.0/Middleware/ARM/mbedtls/library/bignum.c:1188:25:mpi_sub_hlp	20	static
C:/Users/89336/STM32CubeIDE/workspace_1.13.1/en.x-cube-aws-h5-v1-0-0/STM32CubeExpansion_Cloud_AWS_H5_V1.0.0/Middleware/ARM/mbedtls/library/bignum.c:1390:6:mpi_mul_hlp	8	static,ignoring_inline_asm
C:/Users/89336/STM32CubeIDE/workspace_1.13.1/en.x-cube-aws-h5-v1-0-0/STM32CubeExpansion_Cloud_AWS_H5_V1.0.0/Middleware/ARM/mbedtls/library/bignum.c:1548:25:mbedtls_int_div_int	24	static
C:/Users/89336/STM32CubeIDE/workspace_1.13.1/en.x-cube-aws-h5-v1-0-0/STM32CubeExpansion_Cloud_AWS_H5_V1.0.0/Middleware/ARM/mbedtls/library/bignum.c:1875:13:mpi_montg_init	4	static
C:/Users/89336/STM32CubeIDE/workspace_1.13.1/en.x-cube-aws-h5-v1-0-0/STM32CubeExpansion_Cloud_AWS_H5_V1.0.0/Middleware/ARM/mbedtls/library/bignum.c:78:13:mbedtls_mpi_zeroize	8	static
C:/Users/89336/STM32CubeIDE/workspace_1.13.1/en.x-cube-aws-h5-v1-0-0/STM32CubeExpansion_Cloud_AWS_H5_V1.0.0/Middleware/ARM/mbedtls/library/bignum.c:714:25:mpi_uint_bigendian_to_host	0	static
C:/Users/89336/STM32CubeIDE/workspace_1.13.1/en.x-cube-aws-h5-v1-0-0/STM32CubeExpansion_Cloud_AWS_H5_V1.0.0/Middleware/ARM/mbedtls/library/bignum.c:757:13:mpi_bigendian_to_host	16	static
C:/Users/89336/STM32CubeIDE/workspace_1.13.1/en.x-cube-aws-h5-v1-0-0/STM32CubeExpansion_Cloud_AWS_H5_V1.0.0/Middleware/ARM/mbedtls/library/bignum.c:2362:12:mpi_fill_random_internal	32	static
C:/Users/89336/STM32CubeIDE/workspace_1.13.1/en.x-cube-aws-h5-v1-0-0/STM32CubeExpansion_Cloud_AWS_H5_V1.0.0/Middleware/ARM/mbedtls/library/bignum.c:1990:12:mpi_select	32	static
C:/Users/89336/STM32CubeIDE/workspace_1.13.1/en.x-cube-aws-h5-v1-0-0/STM32CubeExpansion_Cloud_AWS_H5_V1.0.0/Middleware/ARM/mbedtls/library/bignum.c:1911:13:mpi_montmul	48	static
C:/Users/89336/STM32CubeIDE/workspace_1.13.1/en.x-cube-aws-h5-v1-0-0/STM32CubeExpansion_Cloud_AWS_H5_V1.0.0/Middleware/ARM/mbedtls/library/bignum.c:1963:13:mpi_montred	32	static
C:/Users/89336/STM32CubeIDE/workspace_1.13.1/en.x-cube-aws-h5-v1-0-0/STM32CubeExpansion_Cloud_AWS_H5_V1.0.0/Middleware/ARM/mbedtls/library/bignum.c:86:6:mbedtls_mpi_init	0	static
C:/Users/89336/STM32CubeIDE/workspace_1.13.1/en.x-cube-aws-h5-v1-0-0/STM32CubeExpansion_Cloud_AWS_H5_V1.0.0/Middleware/ARM/mbedtls/library/bignum.c:98:6:mbedtls_mpi_free	8	static
C:/Users/89336/STM32CubeIDE/workspace_1.13.1/en.x-cube-aws-h5-v1-0-0/STM32CubeExpansion_Cloud_AWS_H5_V1.0.0/Middleware/ARM/mbedtls/library/bignum.c:117:5:mbedtls_mpi_grow	16	static
C:/Users/89336/STM32CubeIDE/workspace_1.13.1/en.x-cube-aws-h5-v1-0-0/STM32CubeExpansion_Cloud_AWS_H5_V1.0.0/Middleware/ARM/mbedtls/library/bignum.c:187:12:mbedtls_mpi_resize_clear	16	static
C:/Users/89336/STM32CubeIDE/workspace_1.13.1/en.x-cube-aws-h5-v1-0-0/STM32CubeExpansion_Cloud_AWS_H5_V1.0.0/Middleware/ARM/mbedtls/library/bignum.c:148:5:mbedtls_mpi_shrink	16	static
C:/Users/89336/STM32CubeIDE/workspace_1.13.1/en.x-cube-aws-h5-v1-0-0/STM32CubeExpansion_Cloud_AWS_H5_V1.0.0/Middleware/ARM/mbedtls/library/bignum.c:216:5:mbedtls_mpi_copy	24	static
C:/Users/89336/STM32CubeIDE/workspace_1.13.1/en.x-cube-aws-h5-v1-0-0/STM32CubeExpansion_Cloud_AWS_H5_V1.0.0/Middleware/ARM/mbedtls/library/bignum.c:262:6:mbedtls_mpi_swap	24	static
C:/Users/89336/STM32CubeIDE/workspace_1.13.1/en.x-cube-aws-h5-v1-0-0/STM32CubeExpansion_Cloud_AWS_H5_V1.0.0/Middleware/ARM/mbedtls/library/bignum.c:276:5:mbedtls_mpi_lset	16	static
C:/Users/89336/STM32CubeIDE/workspace_1.13.1/en.x-cube-aws-h5-v1-0-0/STM32CubeExpansion_Cloud_AWS_H5_V1.0.0/Middleware/ARM/mbedtls/library/bignum.c:295:5:mbedtls_mpi_get_bit	0	static
C:/Users/89336/STM32CubeIDE/workspace_1.13.1/en.x-cube-aws-h5-v1-0-0/STM32CubeExpansion_Cloud_AWS_H5_V1.0.0/Middleware/ARM/mbedtls/library/bignum.c:312:5:mbedtls_mpi_set_bit	24	static
C:/Users/89336/STM32CubeIDE/workspace_1.13.1/en.x-cube-aws-h5-v1-0-0/STM32CubeExpansion_Cloud_AWS_H5_V1.0.0/Middleware/ARM/mbedtls/library/bignum.c:341:8:mbedtls_mpi_lsb	0	static
C:/Users/89336/STM32CubeIDE/workspace_1.13.1/en.x-cube-aws-h5-v1-0-0/STM32CubeExpansion_Cloud_AWS_H5_V1.0.0/Middleware/ARM/mbedtls/library/bignum.c:375:8:mbedtls_mpi_bitlen	8	static
C:/Users/89336/STM32CubeIDE/workspace_1.13.1/en.x-cube-aws-h5-v1-0-0/STM32CubeExpansion_Cloud_AWS_H5_V1.0.0/Middleware/ARM/mbedtls/library/bignum.c:394:8:mbedtls_mpi_size	8	static
C:/Users/89336/STM32CubeIDE/workspace_1.13.1/en.x-cube-aws-h5-v1-0-0/STM32CubeExpansion_Cloud_AWS_H5_V1.0.0/Middleware/ARM/mbedtls/library/bignum.c:789:5:mbedtls_mpi_read_binary_le	24	static
C:/Users/89336/STM32CubeIDE/workspace_1.13.1/en.x-cube-aws-h5-v1-0-0/STM32CubeExpansion_Cloud_AWS_H5_V1.0.0/Middleware/ARM/mbedtls/library/bignum.c:815:5:mbedtls_mpi_read_binary	32	static
C:/Users/89336/STM32CubeIDE/workspace_1.13.1/en.x-cube-aws-h5-v1-0-0/STM32CubeExpansion_Cloud_AWS_H5_V1.0.0/Middleware/ARM/mbedtls/library/bignum.c:851:5:mbedtls_mpi_write_binary_le	16	static
C:/Users/89336/STM32CubeIDE/workspace_1.13.1/en.x-cube-aws-h5-v1-0-0/STM32CubeExpansion_Cloud_AWS_H5_V1.0.0/Middleware/ARM/mbedtls/library/bignum.c:890:5:mbedtls_mpi_write_binary	16	static
C:/Users/89336/STM32CubeIDE/workspace_1.13.1/en.x-cube-aws-h5-v1-0-0/STM32CubeExpansion_Cloud_AWS_H5_V1.0.0/Middleware/ARM/mbedtls/library/bignum.c:936:5:mbedtls_mpi_shift_l	24	static
C:/Users/89336/STM32CubeIDE/workspace_1.13.1/en.x-cube-aws-h5-v1-0-0/STM32CubeExpansion_Cloud_AWS_H5_V1.0.0/Middleware/ARM/mbedtls/library/bignum.c:987:5:mbedtls_mpi_shift_r	24	static
C:/Users/89336/STM32CubeIDE/workspace_1.13.1/en.x-cube-aws-h5-v1-0-0/STM32CubeExpansion_Cloud_AWS_H5_V1.0.0/Middleware/ARM/mbedtls/library/bignum.c:1031:5:mbedtls_mpi_cmp_abs	8	static
C:/Users/89336/STM32CubeIDE/workspace_1.13.1/en.x-cube-aws-h5-v1-0-0/STM32CubeExpansion_Cloud_AWS_H5_V1.0.0/Middleware/ARM/mbedtls/library/bignum.c:1063:5:mbedtls_mpi_cmp_mpi	12	static
C:/Users/89336/STM32CubeIDE/workspace_1.13.1/en.x-cube-aws-h5-v1-0-0/STM32CubeExpansion_Cloud_AWS_H5_V1.0.0/Middleware/ARM/mbedtls/library/bignum.c:1098:5:mbedtls_mpi_cmp_int	24	static
C:/Users/89336/STM32CubeIDE/workspace_1.13.1/en.x-cube-aws-h5-v1-0-0/STM32CubeExpansion_Cloud_AWS_H5_V1.0.0/Middleware/ARM/mbedtls/library/bignum.c:1115:5:mbedtls_mpi_add_abs	24	static
C:/Users/89336/STM32CubeIDE/workspace_1.13.1/en.x-cube-aws-h5-v1-0-0/STM32CubeExpansion_Cloud_AWS_H5_V1.0.0/Middleware/ARM/mbedtls/library/bignum.c:1208:5:mbedtls_mpi_sub_abs	24	static
C:/Users/89336/STM32CubeIDE/workspace_1.13.1/en.x-cube-aws-h5-v1-0-0/STM32CubeExpansion_Cloud_AWS_H5_V1.0.0/Middleware/ARM/mbedtls/library/bignum.c:1263:5:mbedtls_mpi_add_mpi	24	static
C:/Users/89336/STM32CubeIDE/workspace_1.13.1/en.x-cube-aws-h5-v1-0-0/STM32CubeExpansion_Cloud_AWS_H5_V1.0.0/Middleware/ARM/mbedtls/library/bignum.c:1298:5:mbedtls_mpi_sub_mpi	24	static
C:/Users/89336/STM32CubeIDE/workspace_1.13.1/en.x-cube-aws-h5-v1-0-0/STM32CubeExpansion_Cloud_AWS_H5_V1.0.0/Middleware/ARM/mbedtls/library/bignum.c:1333:5:mbedtls_mpi_add_int	24	static
C:/Users/89336/STM32CubeIDE/workspace_1.13.1/en.x-cube-aws-h5-v1-0-0/STM32CubeExpansion_Cloud_AWS_H5_V1.0.0/Middleware/ARM/mbedtls/library/bignum.c:1351:5:mbedtls_mpi_sub_int	24	static
C:/Users/89336/STM32CubeIDE/workspace_1.13.1/en.x-cube-aws-h5-v1-0-0/STM32CubeExpansion_Cloud_AWS_H5_V1.0.0/Middleware/ARM/mbedtls/library/bignum.c:1457:5:mbedtls_mpi_mul_mpi	56	static
C:/Users/89336/STM32CubeIDE/workspace_1.13.1/en.x-cube-aws-h5-v1-0-0/STM32CubeExpansion_Cloud_AWS_H5_V1.0.0/Middleware/ARM/mbedtls/library/bignum.c:1509:5:mbedtls_mpi_mul_int	24	static
C:/Users/89336/STM32CubeIDE/workspace_1.13.1/en.x-cube-aws-h5-v1-0-0/STM32CubeExpansion_Cloud_AWS_H5_V1.0.0/Middleware/ARM/mbedtls/library/bignum.c:419:5:mbedtls_mpi_read_string	48	static
C:/Users/89336/STM32CubeIDE/workspace_1.13.1/en.x-cube-aws-h5-v1-0-0/STM32CubeExpansion_Cloud_AWS_H5_V1.0.0/Middleware/ARM/mbedtls/library/bignum.c:1643:5:mbedtls_mpi_div_mpi	136	static
C:/Users/89336/STM32CubeIDE/workspace_1.13.1/en.x-cube-aws-h5-v1-0-0/STM32CubeExpansion_Cloud_AWS_H5_V1.0.0/Middleware/ARM/mbedtls/library/bignum.c:1771:5:mbedtls_mpi_div_int	24	static
C:/Users/89336/STM32CubeIDE/workspace_1.13.1/en.x-cube-aws-h5-v1-0-0/STM32CubeExpansion_Cloud_AWS_H5_V1.0.0/Middleware/ARM/mbedtls/library/bignum.c:1790:5:mbedtls_mpi_mod_mpi	16	static
C:/Users/89336/STM32CubeIDE/workspace_1.13.1/en.x-cube-aws-h5-v1-0-0/STM32CubeExpansion_Cloud_AWS_H5_V1.0.0/Middleware/ARM/mbedtls/library/bignum.c:1816:5:mbedtls_mpi_mod_int	8	static
C:/Users/89336/STM32CubeIDE/workspace_1.13.1/en.x-cube-aws-h5-v1-0-0/STM32CubeExpansion_Cloud_AWS_H5_V1.0.0/Middleware/ARM/mbedtls/library/bignum.c:489:12:mpi_write_hlp	48	static
C:/Users/89336/STM32CubeIDE/workspace_1.13.1/en.x-cube-aws-h5-v1-0-0/STM32CubeExpansion_Cloud_AWS_H5_V1.0.0/Middleware/ARM/mbedtls/library/bignum.c:528:5:mbedtls_mpi_write_string	40	static
C:/Users/89336/STM32CubeIDE/workspace_1.13.1/en.x-cube-aws-h5-v1-0-0/STM32CubeExpansion_Cloud_AWS_H5_V1.0.0/Middleware/ARM/mbedtls/library/bignum.c:2007:5:mbedtls_mpi_exp_mod	888	static
C:/Users/89336/STM32CubeIDE/workspace_1.13.1/en.x-cube-aws-h5-v1-0-0/STM32CubeExpansion_Cloud_AWS_H5_V1.0.0/Middleware/ARM/mbedtls/library/bignum.c:2244:5:mbedtls_mpi_gcd	48	static
C:/Users/89336/STM32CubeIDE/workspace_1.13.1/en.x-cube-aws-h5-v1-0-0/STM32CubeExpansion_Cloud_AWS_H5_V1.0.0/Middleware/ARM/mbedtls/library/bignum.c:2389:5:mbedtls_mpi_fill_random	24	static
C:/Users/89336/STM32CubeIDE/workspace_1.13.1/en.x-cube-aws-h5-v1-0-0/STM32CubeExpansion_Cloud_AWS_H5_V1.0.0/Middleware/ARM/mbedtls/library/bignum.c:2410:5:mbedtls_mpi_random	72	static
C:/Users/89336/STM32CubeIDE/workspace_1.13.1/en.x-cube-aws-h5-v1-0-0/STM32CubeExpansion_Cloud_AWS_H5_V1.0.0/Middleware/ARM/mbedtls/library/bignum.c:2488:5:mbedtls_mpi_inv_mod	136	static
