C:/Users/89336/STM32CubeIDE/workspace_1.13.1/en.x-cube-aws-h5-v1-0-0/STM32CubeExpansion_Cloud_AWS_H5_V1.0.0/Middleware/ARM/mbedtls/library/cipher_wrap.c:91:13:gcm_ctx_free	8	static
C:/Users/89336/STM32CubeIDE/workspace_1.13.1/en.x-cube-aws-h5-v1-0-0/STM32CubeExpansion_Cloud_AWS_H5_V1.0.0/Middleware/ARM/mbedtls/library/cipher_wrap.c:81:14:gcm_ctx_alloc	8	static
C:/Users/89336/STM32CubeIDE/workspace_1.13.1/en.x-cube-aws-h5-v1-0-0/STM32CubeExpansion_Cloud_AWS_H5_V1.0.0/Middleware/ARM/mbedtls/library/cipher_wrap.c:507:12:gcm_aes_setkey_wrap	8	static
C:/Users/89336/STM32CubeIDE/workspace_1.13.1/en.x-cube-aws-h5-v1-0-0/STM32CubeExpansion_Cloud_AWS_H5_V1.0.0/Middleware/ARM/mbedtls/library/cipher_wrap.c:214:13:aes_ctx_free	8	static
C:/Users/89336/STM32CubeIDE/workspace_1.13.1/en.x-cube-aws-h5-v1-0-0/STM32CubeExpansion_Cloud_AWS_H5_V1.0.0/Middleware/ARM/mbedtls/library/cipher_wrap.c:202:15:aes_ctx_alloc	8	static
C:/Users/89336/STM32CubeIDE/workspace_1.13.1/en.x-cube-aws-h5-v1-0-0/STM32CubeExpansion_Cloud_AWS_H5_V1.0.0/Middleware/ARM/mbedtls/library/cipher_wrap.c:190:12:aes_setkey_dec_wrap	8	static
C:/Users/89336/STM32CubeIDE/workspace_1.13.1/en.x-cube-aws-h5-v1-0-0/STM32CubeExpansion_Cloud_AWS_H5_V1.0.0/Middleware/ARM/mbedtls/library/cipher_wrap.c:196:12:aes_setkey_enc_wrap	8	static
C:/Users/89336/STM32CubeIDE/workspace_1.13.1/en.x-cube-aws-h5-v1-0-0/STM32CubeExpansion_Cloud_AWS_H5_V1.0.0/Middleware/ARM/mbedtls/library/cipher_wrap.c:119:12:aes_crypt_ecb_wrap	8	static
