C:/Users/89336/STM32CubeIDE/workspace_1.13.1/en.x-cube-aws-h5-v1-0-0/STM32CubeExpansion_Cloud_AWS_H5_V1.0.0/Middleware/ARM/mbedtls/library/x509write_csr.c:136:12:x509write_csr_der_internal	144	static
C:/Users/89336/STM32CubeIDE/workspace_1.13.1/en.x-cube-aws-h5-v1-0-0/STM32CubeExpansion_Cloud_AWS_H5_V1.0.0/Middleware/ARM/mbedtls/library/x509write_csr.c:55:6:mbedtls_x509write_csr_init	0	static
C:/Users/89336/STM32CubeIDE/workspace_1.13.1/en.x-cube-aws-h5-v1-0-0/STM32CubeExpansion_Cloud_AWS_H5_V1.0.0/Middleware/ARM/mbedtls/library/x509write_csr.c:60:6:mbedtls_x509write_csr_free	8	static
C:/Users/89336/STM32CubeIDE/workspace_1.13.1/en.x-cube-aws-h5-v1-0-0/STM32CubeExpansion_Cloud_AWS_H5_V1.0.0/Middleware/ARM/mbedtls/library/x509write_csr.c:68:6:mbedtls_x509write_csr_set_md_alg	0	static
C:/Users/89336/STM32CubeIDE/workspace_1.13.1/en.x-cube-aws-h5-v1-0-0/STM32CubeExpansion_Cloud_AWS_H5_V1.0.0/Middleware/ARM/mbedtls/library/x509write_csr.c:73:6:mbedtls_x509write_csr_set_key	0	static
C:/Users/89336/STM32CubeIDE/workspace_1.13.1/en.x-cube-aws-h5-v1-0-0/STM32CubeExpansion_Cloud_AWS_H5_V1.0.0/Middleware/ARM/mbedtls/library/x509write_csr.c:78:5:mbedtls_x509write_csr_set_subject_name	8	static
C:/Users/89336/STM32CubeIDE/workspace_1.13.1/en.x-cube-aws-h5-v1-0-0/STM32CubeExpansion_Cloud_AWS_H5_V1.0.0/Middleware/ARM/mbedtls/library/x509write_csr.c:84:5:mbedtls_x509write_csr_set_extension	16	static
C:/Users/89336/STM32CubeIDE/workspace_1.13.1/en.x-cube-aws-h5-v1-0-0/STM32CubeExpansion_Cloud_AWS_H5_V1.0.0/Middleware/ARM/mbedtls/library/x509write_csr.c:93:5:mbedtls_x509write_csr_set_key_usage	32	static
C:/Users/89336/STM32CubeIDE/workspace_1.13.1/en.x-cube-aws-h5-v1-0-0/STM32CubeExpansion_Cloud_AWS_H5_V1.0.0/Middleware/ARM/mbedtls/library/x509write_csr.c:114:5:mbedtls_x509write_csr_set_ns_cert_type	32	static
C:/Users/89336/STM32CubeIDE/workspace_1.13.1/en.x-cube-aws-h5-v1-0-0/STM32CubeExpansion_Cloud_AWS_H5_V1.0.0/Middleware/ARM/mbedtls/library/x509write_csr.c:295:5:mbedtls_x509write_csr_der	40	static
C:/Users/89336/STM32CubeIDE/workspace_1.13.1/en.x-cube-aws-h5-v1-0-0/STM32CubeExpansion_Cloud_AWS_H5_V1.0.0/Middleware/ARM/mbedtls/library/x509write_csr.c:321:5:mbedtls_x509write_csr_pem	40	static
