C:/Users/89336/STM32CubeIDE/workspace_1.13.1/STM32CubeExpansion_Cloud_AWS_H5_V1.0.0/Middleware/tinycbor/src/cbortojson.c:294:18:add_value_metadata	32	static
C:/Users/89336/STM32CubeIDE/workspace_1.13.1/STM32CubeExpansion_Cloud_AWS_H5_V1.0.0/Middleware/tinycbor/src/cbortojson.c:409:18:stringify_map_key	24	static
C:/Users/89336/STM32CubeIDE/workspace_1.13.1/STM32CubeExpansion_Cloud_AWS_H5_V1.0.0/Middleware/tinycbor/src/cbortojson.c:202:18:generic_dump_base64	32	static
C:/Users/89336/STM32CubeIDE/workspace_1.13.1/STM32CubeExpansion_Cloud_AWS_H5_V1.0.0/Middleware/tinycbor/src/cbortojson.c:287:18:dump_bytestring_base64url	8	static
C:/Users/89336/STM32CubeIDE/workspace_1.13.1/STM32CubeExpansion_Cloud_AWS_H5_V1.0.0/Middleware/tinycbor/src/cbortojson.c:280:18:dump_bytestring_base64	8	static
C:/Users/89336/STM32CubeIDE/workspace_1.13.1/STM32CubeExpansion_Cloud_AWS_H5_V1.0.0/Middleware/tinycbor/src/cbortojson.c:171:18:dump_bytestring_base16	32	static
C:/Users/89336/STM32CubeIDE/workspace_1.13.1/STM32CubeExpansion_Cloud_AWS_H5_V1.0.0/Middleware/tinycbor/src/cbortojson.c:330:18:find_tagged_type	16	static
C:/Users/89336/STM32CubeIDE/workspace_1.13.1/STM32CubeExpansion_Cloud_AWS_H5_V1.0.0/Middleware/tinycbor/src/cbortojson.c:345:18:tagged_value_to_json	56	static
C:/Users/89336/STM32CubeIDE/workspace_1.13.1/STM32CubeExpansion_Cloud_AWS_H5_V1.0.0/Middleware/tinycbor/src/cbortojson.c:499:18:value_to_json	80	static
C:/Users/89336/STM32CubeIDE/workspace_1.13.1/STM32CubeExpansion_Cloud_AWS_H5_V1.0.0/Middleware/tinycbor/src/cbortojson.c:431:18:array_to_json	32	static
C:/Users/89336/STM32CubeIDE/workspace_1.13.1/STM32CubeExpansion_Cloud_AWS_H5_V1.0.0/Middleware/tinycbor/src/cbortojson.c:446:18:map_to_json	48	static
C:/Users/89336/STM32CubeIDE/workspace_1.13.1/STM32CubeExpansion_Cloud_AWS_H5_V1.0.0/Middleware/tinycbor/src/cbortojson.c:703:11:cbor_value_to_json_advance	40	static
