C:/TouchGFXProjects/MyApplication_1/Middlewares/Third_Party/FreeRTOS/Source/CMSIS_RTOS_V2/cmsis_os2.c:1113:13:TimerCallback	8	static
C:/TouchGFXProjects/MyApplication_1/Middlewares/Third_Party/FreeRTOS/Source/CMSIS_RTOS_V2/cmsis_os2.c:188:26:IRQ_Context	8	static,ignoring_inline_asm
C:/TouchGFXProjects/MyApplication_1/Middlewares/Third_Party/FreeRTOS/Source/CMSIS_RTOS_V2/cmsis_os2.c:155:6:SysTick_Handler	8	static
C:/TouchGFXProjects/MyApplication_1/Middlewares/Third_Party/FreeRTOS/Source/CMSIS_RTOS_V2/cmsis_os2.c:227:12:osKernelInitialize	8	static
C:/TouchGFXProjects/MyApplication_1/Middlewares/Third_Party/FreeRTOS/Source/CMSIS_RTOS_V2/cmsis_os2.c:261:12:osKernelGetInfo	8	static
C:/TouchGFXProjects/MyApplication_1/Middlewares/Third_Party/FreeRTOS/Source/CMSIS_RTOS_V2/cmsis_os2.c:285:17:osKernelGetState	8	static
C:/TouchGFXProjects/MyApplication_1/Middlewares/Third_Party/FreeRTOS/Source/CMSIS_RTOS_V2/cmsis_os2.c:316:12:osKernelStart	8	static
C:/TouchGFXProjects/MyApplication_1/Middlewares/Third_Party/FreeRTOS/Source/CMSIS_RTOS_V2/cmsis_os2.c:347:9:osKernelLock	8	static
C:/TouchGFXProjects/MyApplication_1/Middlewares/Third_Party/FreeRTOS/Source/CMSIS_RTOS_V2/cmsis_os2.c:378:9:osKernelUnlock	8	static
C:/TouchGFXProjects/MyApplication_1/Middlewares/Third_Party/FreeRTOS/Source/CMSIS_RTOS_V2/cmsis_os2.c:414:9:osKernelRestoreLock	8	static
C:/TouchGFXProjects/MyApplication_1/Middlewares/Third_Party/FreeRTOS/Source/CMSIS_RTOS_V2/cmsis_os2.c:454:10:osKernelGetTickCount	8	static
C:/TouchGFXProjects/MyApplication_1/Middlewares/Third_Party/FreeRTOS/Source/CMSIS_RTOS_V2/cmsis_os2.c:486:11:osKernelGetTickFreq	0	static
C:/TouchGFXProjects/MyApplication_1/Middlewares/Third_Party/FreeRTOS/Source/CMSIS_RTOS_V2/cmsis_os2.c:494:10:osKernelGetSysTimerCount	16	static,ignoring_inline_asm
C:/TouchGFXProjects/MyApplication_1/Middlewares/Third_Party/FreeRTOS/Source/CMSIS_RTOS_V2/cmsis_os2.c:522:10:osKernelGetSysTimerFreq	0	static
C:/TouchGFXProjects/MyApplication_1/Middlewares/Third_Party/FreeRTOS/Source/CMSIS_RTOS_V2/cmsis_os2.c:538:14:osThreadNew	56	static
C:/TouchGFXProjects/MyApplication_1/Middlewares/Third_Party/FreeRTOS/Source/CMSIS_RTOS_V2/cmsis_os2.c:613:13:osThreadGetName	8	static
C:/TouchGFXProjects/MyApplication_1/Middlewares/Third_Party/FreeRTOS/Source/CMSIS_RTOS_V2/cmsis_os2.c:630:14:osThreadGetId	0	static
C:/TouchGFXProjects/MyApplication_1/Middlewares/Third_Party/FreeRTOS/Source/CMSIS_RTOS_V2/cmsis_os2.c:642:17:osThreadGetState	8	static
C:/TouchGFXProjects/MyApplication_1/Middlewares/Third_Party/FreeRTOS/Source/CMSIS_RTOS_V2/cmsis_os2.c:668:10:osThreadGetStackSpace	8	static
C:/TouchGFXProjects/MyApplication_1/Middlewares/Third_Party/FreeRTOS/Source/CMSIS_RTOS_V2/cmsis_os2.c:685:12:osThreadSetPriority	16	static
C:/TouchGFXProjects/MyApplication_1/Middlewares/Third_Party/FreeRTOS/Source/CMSIS_RTOS_V2/cmsis_os2.c:707:14:osThreadGetPriority	8	static
C:/TouchGFXProjects/MyApplication_1/Middlewares/Third_Party/FreeRTOS/Source/CMSIS_RTOS_V2/cmsis_os2.c:724:12:osThreadYield	8	static
C:/TouchGFXProjects/MyApplication_1/Middlewares/Third_Party/FreeRTOS/Source/CMSIS_RTOS_V2/cmsis_os2.c:742:12:osThreadSuspend	16	static
C:/TouchGFXProjects/MyApplication_1/Middlewares/Third_Party/FreeRTOS/Source/CMSIS_RTOS_V2/cmsis_os2.c:764:12:osThreadResume	16	static
C:/TouchGFXProjects/MyApplication_1/Middlewares/Third_Party/FreeRTOS/Source/CMSIS_RTOS_V2/cmsis_os2.c:787:18:osThreadExit	8	static
C:/TouchGFXProjects/MyApplication_1/Middlewares/Third_Party/FreeRTOS/Source/CMSIS_RTOS_V2/cmsis_os2.c:797:12:osThreadTerminate	16	static
C:/TouchGFXProjects/MyApplication_1/Middlewares/Third_Party/FreeRTOS/Source/CMSIS_RTOS_V2/cmsis_os2.c:830:10:osThreadGetCount	8	static
C:/TouchGFXProjects/MyApplication_1/Middlewares/Third_Party/FreeRTOS/Source/CMSIS_RTOS_V2/cmsis_os2.c:847:10:osThreadEnumerate	32	static
C:/TouchGFXProjects/MyApplication_1/Middlewares/Third_Party/FreeRTOS/Source/CMSIS_RTOS_V2/cmsis_os2.c:887:10:osThreadFlagsSet	40	static
C:/TouchGFXProjects/MyApplication_1/Middlewares/Third_Party/FreeRTOS/Source/CMSIS_RTOS_V2/cmsis_os2.c:918:10:osThreadFlagsClear	40	static
C:/TouchGFXProjects/MyApplication_1/Middlewares/Third_Party/FreeRTOS/Source/CMSIS_RTOS_V2/cmsis_os2.c:951:10:osThreadFlagsGet	24	static
C:/TouchGFXProjects/MyApplication_1/Middlewares/Third_Party/FreeRTOS/Source/CMSIS_RTOS_V2/cmsis_os2.c:973:10:osThreadFlagsWait	56	static
C:/TouchGFXProjects/MyApplication_1/Middlewares/Third_Party/FreeRTOS/Source/CMSIS_RTOS_V2/cmsis_os2.c:1055:12:osDelay	16	static
C:/TouchGFXProjects/MyApplication_1/Middlewares/Third_Party/FreeRTOS/Source/CMSIS_RTOS_V2/cmsis_os2.c:1076:12:osDelayUntil	16	static
C:/TouchGFXProjects/MyApplication_1/Middlewares/Third_Party/FreeRTOS/Source/CMSIS_RTOS_V2/cmsis_os2.c:1130:13:osTimerNew	40	static
C:/TouchGFXProjects/MyApplication_1/Middlewares/Third_Party/FreeRTOS/Source/CMSIS_RTOS_V2/cmsis_os2.c:1236:13:osTimerGetName	8	static
C:/TouchGFXProjects/MyApplication_1/Middlewares/Third_Party/FreeRTOS/Source/CMSIS_RTOS_V2/cmsis_os2.c:1253:12:osTimerStart	24	static
C:/TouchGFXProjects/MyApplication_1/Middlewares/Third_Party/FreeRTOS/Source/CMSIS_RTOS_V2/cmsis_os2.c:1278:12:osTimerStop	24	static
C:/TouchGFXProjects/MyApplication_1/Middlewares/Third_Party/FreeRTOS/Source/CMSIS_RTOS_V2/cmsis_os2.c:1308:10:osTimerIsRunning	8	static
C:/TouchGFXProjects/MyApplication_1/Middlewares/Third_Party/FreeRTOS/Source/CMSIS_RTOS_V2/cmsis_os2.c:1325:12:osTimerDelete	24	static
C:/TouchGFXProjects/MyApplication_1/Middlewares/Third_Party/FreeRTOS/Source/CMSIS_RTOS_V2/cmsis_os2.c:1377:18:osEventFlagsNew	8	static
C:/TouchGFXProjects/MyApplication_1/Middlewares/Third_Party/FreeRTOS/Source/CMSIS_RTOS_V2/cmsis_os2.c:1426:10:osEventFlagsSet	24	static
C:/TouchGFXProjects/MyApplication_1/Middlewares/Third_Party/FreeRTOS/Source/CMSIS_RTOS_V2/cmsis_os2.c:1464:10:osEventFlagsClear	24	static
C:/TouchGFXProjects/MyApplication_1/Middlewares/Third_Party/FreeRTOS/Source/CMSIS_RTOS_V2/cmsis_os2.c:1503:10:osEventFlagsGet	8	static
C:/TouchGFXProjects/MyApplication_1/Middlewares/Third_Party/FreeRTOS/Source/CMSIS_RTOS_V2/cmsis_os2.c:1528:10:osEventFlagsWait	32	static
C:/TouchGFXProjects/MyApplication_1/Middlewares/Third_Party/FreeRTOS/Source/CMSIS_RTOS_V2/cmsis_os2.c:1582:12:osEventFlagsDelete	16	static
C:/TouchGFXProjects/MyApplication_1/Middlewares/Third_Party/FreeRTOS/Source/CMSIS_RTOS_V2/cmsis_os2.c:1616:13:osMutexNew	16	static
C:/TouchGFXProjects/MyApplication_1/Middlewares/Third_Party/FreeRTOS/Source/CMSIS_RTOS_V2/cmsis_os2.c:1705:12:osMutexAcquire	16	static
C:/TouchGFXProjects/MyApplication_1/Middlewares/Third_Party/FreeRTOS/Source/CMSIS_RTOS_V2/cmsis_os2.c:1753:12:osMutexRelease	16	static
C:/TouchGFXProjects/MyApplication_1/Middlewares/Third_Party/FreeRTOS/Source/CMSIS_RTOS_V2/cmsis_os2.c:1793:14:osMutexGetOwner	8	static
C:/TouchGFXProjects/MyApplication_1/Middlewares/Third_Party/FreeRTOS/Source/CMSIS_RTOS_V2/cmsis_os2.c:1812:12:osMutexDelete	16	static
C:/TouchGFXProjects/MyApplication_1/Middlewares/Third_Party/FreeRTOS/Source/CMSIS_RTOS_V2/cmsis_os2.c:1847:17:osSemaphoreNew	24	static
C:/TouchGFXProjects/MyApplication_1/Middlewares/Third_Party/FreeRTOS/Source/CMSIS_RTOS_V2/cmsis_os2.c:1923:12:osSemaphoreAcquire	24	static
C:/TouchGFXProjects/MyApplication_1/Middlewares/Third_Party/FreeRTOS/Source/CMSIS_RTOS_V2/cmsis_os2.c:1964:12:osSemaphoreRelease	24	static
C:/TouchGFXProjects/MyApplication_1/Middlewares/Third_Party/FreeRTOS/Source/CMSIS_RTOS_V2/cmsis_os2.c:1996:10:osSemaphoreGetCount	8	static
C:/TouchGFXProjects/MyApplication_1/Middlewares/Third_Party/FreeRTOS/Source/CMSIS_RTOS_V2/cmsis_os2.c:2016:12:osSemaphoreDelete	16	static
C:/TouchGFXProjects/MyApplication_1/Middlewares/Third_Party/FreeRTOS/Source/CMSIS_RTOS_V2/cmsis_os2.c:2053:20:osMessageQueueNew	32	static
C:/TouchGFXProjects/MyApplication_1/Middlewares/Third_Party/FreeRTOS/Source/CMSIS_RTOS_V2/cmsis_os2.c:2114:12:osMessageQueuePut	24	static
C:/TouchGFXProjects/MyApplication_1/Middlewares/Third_Party/FreeRTOS/Source/CMSIS_RTOS_V2/cmsis_os2.c:2162:12:osMessageQueueGet	24	static
C:/TouchGFXProjects/MyApplication_1/Middlewares/Third_Party/FreeRTOS/Source/CMSIS_RTOS_V2/cmsis_os2.c:2207:10:osMessageQueueGetCapacity	0	static
C:/TouchGFXProjects/MyApplication_1/Middlewares/Third_Party/FreeRTOS/Source/CMSIS_RTOS_V2/cmsis_os2.c:2225:10:osMessageQueueGetMsgSize	0	static
C:/TouchGFXProjects/MyApplication_1/Middlewares/Third_Party/FreeRTOS/Source/CMSIS_RTOS_V2/cmsis_os2.c:2243:10:osMessageQueueGetCount	0	static
C:/TouchGFXProjects/MyApplication_1/Middlewares/Third_Party/FreeRTOS/Source/CMSIS_RTOS_V2/cmsis_os2.c:2264:10:osMessageQueueGetSpace	8	static
C:/TouchGFXProjects/MyApplication_1/Middlewares/Third_Party/FreeRTOS/Source/CMSIS_RTOS_V2/cmsis_os2.c:2291:12:osMessageQueueReset	16	static
C:/TouchGFXProjects/MyApplication_1/Middlewares/Third_Party/FreeRTOS/Source/CMSIS_RTOS_V2/cmsis_os2.c:2313:12:osMessageQueueDelete	0	static
C:/TouchGFXProjects/MyApplication_1/Middlewares/Third_Party/FreeRTOS/Source/CMSIS_RTOS_V2/cmsis_os2.c:2352:18:osMemoryPoolNew	40	static
C:/TouchGFXProjects/MyApplication_1/Middlewares/Third_Party/FreeRTOS/Source/CMSIS_RTOS_V2/cmsis_os2.c:2473:13:osMemoryPoolGetName	8	static
C:/TouchGFXProjects/MyApplication_1/Middlewares/Third_Party/FreeRTOS/Source/CMSIS_RTOS_V2/cmsis_os2.c:2494:7:osMemoryPoolAlloc	24	static
C:/TouchGFXProjects/MyApplication_1/Middlewares/Third_Party/FreeRTOS/Source/CMSIS_RTOS_V2/cmsis_os2.c:2555:12:osMemoryPoolFree	24	static
C:/TouchGFXProjects/MyApplication_1/Middlewares/Third_Party/FreeRTOS/Source/CMSIS_RTOS_V2/cmsis_os2.c:2621:10:osMemoryPoolGetCapacity	0	static
C:/TouchGFXProjects/MyApplication_1/Middlewares/Third_Party/FreeRTOS/Source/CMSIS_RTOS_V2/cmsis_os2.c:2648:10:osMemoryPoolGetBlockSize	0	static
C:/TouchGFXProjects/MyApplication_1/Middlewares/Third_Party/FreeRTOS/Source/CMSIS_RTOS_V2/cmsis_os2.c:2675:10:osMemoryPoolGetCount	8	static
C:/TouchGFXProjects/MyApplication_1/Middlewares/Third_Party/FreeRTOS/Source/CMSIS_RTOS_V2/cmsis_os2.c:2708:10:osMemoryPoolGetSpace	8	static
C:/TouchGFXProjects/MyApplication_1/Middlewares/Third_Party/FreeRTOS/Source/CMSIS_RTOS_V2/cmsis_os2.c:2739:12:osMemoryPoolDelete	8	static
C:/TouchGFXProjects/MyApplication_1/Middlewares/Third_Party/FreeRTOS/Source/CMSIS_RTOS_V2/cmsis_os2.c:2841:13:vApplicationIdleHook	0	static
C:/TouchGFXProjects/MyApplication_1/Middlewares/Third_Party/FreeRTOS/Source/CMSIS_RTOS_V2/cmsis_os2.c:2887:13:vApplicationGetIdleTaskMemory	0	static
C:/TouchGFXProjects/MyApplication_1/Middlewares/Third_Party/FreeRTOS/Source/CMSIS_RTOS_V2/cmsis_os2.c:2901:13:vApplicationGetTimerTaskMemory	0	static
