C:/TouchGFXProjects/MyApplication_1/Middlewares/Third_Party/FreeRTOS/Source/stream_buffer.c:1231:15:prvBytesInBuffer	0	static
C:/TouchGFXProjects/MyApplication_1/Middlewares/Third_Party/FreeRTOS/Source/stream_buffer.c:1252:13:prvInitialiseNewStreamBuffer	24	static
C:/TouchGFXProjects/MyApplication_1/Middlewares/Third_Party/FreeRTOS/Source/stream_buffer.c:1141:15:prvWriteBytesToBuffer.part.0	24	static
C:/TouchGFXProjects/MyApplication_1/Middlewares/Third_Party/FreeRTOS/Source/stream_buffer.c:724:15:prvWriteMessageToBuffer	24	static
C:/TouchGFXProjects/MyApplication_1/Middlewares/Third_Party/FreeRTOS/Source/stream_buffer.c:1187:15:prvReadBytesFromBuffer.part.0	24	static
C:/TouchGFXProjects/MyApplication_1/Middlewares/Third_Party/FreeRTOS/Source/stream_buffer.c:968:15:prvReadMessageFromBuffer	32	static
C:/TouchGFXProjects/MyApplication_1/Middlewares/Third_Party/FreeRTOS/Source/stream_buffer.c:235:26:xStreamBufferGenericCreate	32	static
C:/TouchGFXProjects/MyApplication_1/Middlewares/Third_Party/FreeRTOS/Source/stream_buffer.c:309:26:xStreamBufferGenericCreateStatic	32	static
C:/TouchGFXProjects/MyApplication_1/Middlewares/Third_Party/FreeRTOS/Source/stream_buffer.c:385:6:vStreamBufferDelete	8	static
C:/TouchGFXProjects/MyApplication_1/Middlewares/Third_Party/FreeRTOS/Source/stream_buffer.c:418:12:xStreamBufferReset	24	static
C:/TouchGFXProjects/MyApplication_1/Middlewares/Third_Party/FreeRTOS/Source/stream_buffer.c:467:12:xStreamBufferSetTriggerLevel	8	static
C:/TouchGFXProjects/MyApplication_1/Middlewares/Third_Party/FreeRTOS/Source/stream_buffer.c:497:8:xStreamBufferSpacesAvailable	16	static
C:/TouchGFXProjects/MyApplication_1/Middlewares/Third_Party/FreeRTOS/Source/stream_buffer.c:530:8:xStreamBufferBytesAvailable	8	static
C:/TouchGFXProjects/MyApplication_1/Middlewares/Third_Party/FreeRTOS/Source/stream_buffer.c:542:8:xStreamBufferSend	56	static
C:/TouchGFXProjects/MyApplication_1/Middlewares/Third_Party/FreeRTOS/Source/stream_buffer.c:673:8:xStreamBufferSendFromISR	32	static
C:/TouchGFXProjects/MyApplication_1/Middlewares/Third_Party/FreeRTOS/Source/stream_buffer.c:767:8:xStreamBufferReceive	40	static
C:/TouchGFXProjects/MyApplication_1/Middlewares/Third_Party/FreeRTOS/Source/stream_buffer.c:871:8:xStreamBufferNextMessageLengthBytes	16	static
C:/TouchGFXProjects/MyApplication_1/Middlewares/Third_Party/FreeRTOS/Source/stream_buffer.c:911:8:xStreamBufferReceiveFromISR	40	static
C:/TouchGFXProjects/MyApplication_1/Middlewares/Third_Party/FreeRTOS/Source/stream_buffer.c:1020:12:xStreamBufferIsEmpty	8	static
C:/TouchGFXProjects/MyApplication_1/Middlewares/Third_Party/FreeRTOS/Source/stream_buffer.c:1044:12:xStreamBufferIsFull	8	static
C:/TouchGFXProjects/MyApplication_1/Middlewares/Third_Party/FreeRTOS/Source/stream_buffer.c:1079:12:xStreamBufferSendCompletedFromISR	32	static
C:/TouchGFXProjects/MyApplication_1/Middlewares/Third_Party/FreeRTOS/Source/stream_buffer.c:1110:12:xStreamBufferReceiveCompletedFromISR	32	static
C:/TouchGFXProjects/MyApplication_1/Middlewares/Third_Party/FreeRTOS/Source/stream_buffer.c:1280:17:uxStreamBufferGetStreamBufferNumber	0	static
C:/TouchGFXProjects/MyApplication_1/Middlewares/Third_Party/FreeRTOS/Source/stream_buffer.c:1290:10:vStreamBufferSetStreamBufferNumber	0	static
C:/TouchGFXProjects/MyApplication_1/Middlewares/Third_Party/FreeRTOS/Source/stream_buffer.c:1301:13:ucStreamBufferGetStreamBufferType	0	static
