C:/TouchGFXProjects/MyApplication_1/Middlewares/Third_Party/FreeRTOS/Source/tasks.c:1071:13:prvAddNewTaskToReadyList	24	static
C:/TouchGFXProjects/MyApplication_1/Middlewares/Third_Party/FreeRTOS/Source/tasks.c:5310:13:prvAddCurrentTaskToDelayedList	24	static
C:/TouchGFXProjects/MyApplication_1/Middlewares/Third_Party/FreeRTOS/Source/tasks.c:4006:13:prvResetNextTaskUnblockTime	0	static
C:/TouchGFXProjects/MyApplication_1/Middlewares/Third_Party/FreeRTOS/Source/tasks.c:3950:17:prvDeleteTCB	8	static
C:/TouchGFXProjects/MyApplication_1/Middlewares/Third_Party/FreeRTOS/Source/tasks.c:3441:8:prvIdleTask	8	static
C:/TouchGFXProjects/MyApplication_1/Middlewares/Third_Party/FreeRTOS/Source/tasks.c:819:13:prvInitialiseNewTask.constprop	40	static
C:/TouchGFXProjects/MyApplication_1/Middlewares/Third_Party/FreeRTOS/Source/tasks.c:575:18:xTaskCreateStatic	40	static
C:/TouchGFXProjects/MyApplication_1/Middlewares/Third_Party/FreeRTOS/Source/tasks.c:728:16:xTaskCreate	48	static
C:/TouchGFXProjects/MyApplication_1/Middlewares/Third_Party/FreeRTOS/Source/tasks.c:1157:10:vTaskDelete	16	static
C:/TouchGFXProjects/MyApplication_1/Middlewares/Third_Party/FreeRTOS/Source/tasks.c:1391:16:eTaskGetState	24	static
C:/TouchGFXProjects/MyApplication_1/Middlewares/Third_Party/FreeRTOS/Source/tasks.c:1488:17:uxTaskPriorityGet	16	static
C:/TouchGFXProjects/MyApplication_1/Middlewares/Third_Party/FreeRTOS/Source/tasks.c:1510:17:uxTaskPriorityGetFromISR	8	static
C:/TouchGFXProjects/MyApplication_1/Middlewares/Third_Party/FreeRTOS/Source/tasks.c:1550:10:vTaskPrioritySet	24	static
C:/TouchGFXProjects/MyApplication_1/Middlewares/Third_Party/FreeRTOS/Source/tasks.c:1868:10:vTaskResume	24	static
C:/TouchGFXProjects/MyApplication_1/Middlewares/Third_Party/FreeRTOS/Source/tasks.c:1922:16:xTaskResumeFromISR	24	static
C:/TouchGFXProjects/MyApplication_1/Middlewares/Third_Party/FreeRTOS/Source/tasks.c:2125:6:vTaskEndScheduler	8	static
C:/TouchGFXProjects/MyApplication_1/Middlewares/Third_Party/FreeRTOS/Source/tasks.c:2136:6:vTaskSuspendAll	0	static,ignoring_inline_asm
C:/TouchGFXProjects/MyApplication_1/Middlewares/Third_Party/FreeRTOS/Source/tasks.c:2332:12:xTaskGetTickCount	0	static
C:/TouchGFXProjects/MyApplication_1/Middlewares/Third_Party/FreeRTOS/Source/tasks.c:2347:12:xTaskGetTickCountFromISR	0	static
C:/TouchGFXProjects/MyApplication_1/Middlewares/Third_Party/FreeRTOS/Source/tasks.c:2378:13:uxTaskGetNumberOfTasks	0	static
C:/TouchGFXProjects/MyApplication_1/Middlewares/Third_Party/FreeRTOS/Source/tasks.c:2386:8:pcTaskGetName	8	static
C:/TouchGFXProjects/MyApplication_1/Middlewares/Third_Party/FreeRTOS/Source/tasks.c:2736:12:xTaskIncrementTick	48	static
C:/TouchGFXProjects/MyApplication_1/Middlewares/Third_Party/FreeRTOS/Source/tasks.c:2220:12:xTaskResumeAll	40	static,ignoring_inline_asm
C:/TouchGFXProjects/MyApplication_1/Middlewares/Third_Party/FreeRTOS/Source/tasks.c:1259:16:xTaskDelayUntil	16	static
C:/TouchGFXProjects/MyApplication_1/Middlewares/Third_Party/FreeRTOS/Source/tasks.c:1346:10:vTaskDelay	8	static
C:/TouchGFXProjects/MyApplication_1/Middlewares/Third_Party/FreeRTOS/Source/tasks.c:2638:12:xTaskCatchUpTicks	8	static
C:/TouchGFXProjects/MyApplication_1/Middlewares/Third_Party/FreeRTOS/Source/tasks.c:2911:10:vTaskSetApplicationTaskTag	16	static
C:/TouchGFXProjects/MyApplication_1/Middlewares/Third_Party/FreeRTOS/Source/tasks.c:2941:24:xTaskGetApplicationTaskTag	16	static
C:/TouchGFXProjects/MyApplication_1/Middlewares/Third_Party/FreeRTOS/Source/tasks.c:2965:24:xTaskGetApplicationTaskTagFromISR	8	static
C:/TouchGFXProjects/MyApplication_1/Middlewares/Third_Party/FreeRTOS/Source/tasks.c:2990:16:xTaskCallApplicationTaskHook	0	static
C:/TouchGFXProjects/MyApplication_1/Middlewares/Third_Party/FreeRTOS/Source/tasks.c:1997:6:vTaskStartScheduler	48	static
C:/TouchGFXProjects/MyApplication_1/Middlewares/Third_Party/FreeRTOS/Source/tasks.c:3021:6:vTaskSwitchContext	24	static
C:/TouchGFXProjects/MyApplication_1/Middlewares/Third_Party/FreeRTOS/Source/tasks.c:1716:10:vTaskSuspend	16	static
C:/TouchGFXProjects/MyApplication_1/Middlewares/Third_Party/FreeRTOS/Source/tasks.c:3097:6:vTaskPlaceOnEventList	8	static
C:/TouchGFXProjects/MyApplication_1/Middlewares/Third_Party/FreeRTOS/Source/tasks.c:3122:6:vTaskPlaceOnUnorderedEventList	16	static
C:/TouchGFXProjects/MyApplication_1/Middlewares/Third_Party/FreeRTOS/Source/tasks.c:3150:10:vTaskPlaceOnEventListRestricted	16	static
C:/TouchGFXProjects/MyApplication_1/Middlewares/Third_Party/FreeRTOS/Source/tasks.c:3183:12:xTaskRemoveFromEventList	24	static
C:/TouchGFXProjects/MyApplication_1/Middlewares/Third_Party/FreeRTOS/Source/tasks.c:3251:6:vTaskRemoveFromUnorderedEventList	24	static
C:/TouchGFXProjects/MyApplication_1/Middlewares/Third_Party/FreeRTOS/Source/tasks.c:3300:6:vTaskSetTimeOutState	8	static
C:/TouchGFXProjects/MyApplication_1/Middlewares/Third_Party/FreeRTOS/Source/tasks.c:3312:6:vTaskInternalSetTimeOutState	0	static
C:/TouchGFXProjects/MyApplication_1/Middlewares/Third_Party/FreeRTOS/Source/tasks.c:3320:12:xTaskCheckForTimeOut	16	static
C:/TouchGFXProjects/MyApplication_1/Middlewares/Third_Party/FreeRTOS/Source/tasks.c:3385:6:vTaskMissedYield	0	static
C:/TouchGFXProjects/MyApplication_1/Middlewares/Third_Party/FreeRTOS/Source/tasks.c:3393:17:uxTaskGetTaskNumber	0	static
C:/TouchGFXProjects/MyApplication_1/Middlewares/Third_Party/FreeRTOS/Source/tasks.c:3416:10:vTaskSetTaskNumber	0	static
C:/TouchGFXProjects/MyApplication_1/Middlewares/Third_Party/FreeRTOS/Source/tasks.c:3728:10:vTaskGetInfo	16	static
C:/TouchGFXProjects/MyApplication_1/Middlewares/Third_Party/FreeRTOS/Source/tasks.c:3827:24:prvListTasksWithinSingleList	40	static
C:/TouchGFXProjects/MyApplication_1/Middlewares/Third_Party/FreeRTOS/Source/tasks.c:2533:17:uxTaskGetSystemState	32	static
C:/TouchGFXProjects/MyApplication_1/Middlewares/Third_Party/FreeRTOS/Source/tasks.c:3922:17:uxTaskGetStackHighWaterMark	0	static
C:/TouchGFXProjects/MyApplication_1/Middlewares/Third_Party/FreeRTOS/Source/tasks.c:4029:18:xTaskGetCurrentTaskHandle	0	static
C:/TouchGFXProjects/MyApplication_1/Middlewares/Third_Party/FreeRTOS/Source/tasks.c:4046:16:xTaskGetSchedulerState	0	static
C:/TouchGFXProjects/MyApplication_1/Middlewares/Third_Party/FreeRTOS/Source/tasks.c:4074:16:xTaskPriorityInherit	24	static
C:/TouchGFXProjects/MyApplication_1/Middlewares/Third_Party/FreeRTOS/Source/tasks.c:4164:16:xTaskPriorityDisinherit	16	static
C:/TouchGFXProjects/MyApplication_1/Middlewares/Third_Party/FreeRTOS/Source/tasks.c:4244:10:vTaskPriorityDisinheritAfterTimeout	16	static
C:/TouchGFXProjects/MyApplication_1/Middlewares/Third_Party/FreeRTOS/Source/tasks.c:4671:12:uxTaskResetEventItemValue	0	static
C:/TouchGFXProjects/MyApplication_1/Middlewares/Third_Party/FreeRTOS/Source/tasks.c:4687:18:pvTaskIncrementMutexHeldCount	0	static
C:/TouchGFXProjects/MyApplication_1/Middlewares/Third_Party/FreeRTOS/Source/tasks.c:4704:14:ulTaskGenericNotifyTake	16	static
C:/TouchGFXProjects/MyApplication_1/Middlewares/Third_Party/FreeRTOS/Source/tasks.c:4776:16:xTaskGenericNotifyWait	24	static
C:/TouchGFXProjects/MyApplication_1/Middlewares/Third_Party/FreeRTOS/Source/tasks.c:4862:16:xTaskGenericNotify	24	static
C:/TouchGFXProjects/MyApplication_1/Middlewares/Third_Party/FreeRTOS/Source/tasks.c:4985:16:xTaskGenericNotifyFromISR	24	static
C:/TouchGFXProjects/MyApplication_1/Middlewares/Third_Party/FreeRTOS/Source/tasks.c:5124:10:vTaskGenericNotifyGiveFromISR	24	static
C:/TouchGFXProjects/MyApplication_1/Middlewares/Third_Party/FreeRTOS/Source/tasks.c:5213:16:xTaskGenericNotifyStateClear	8	static
C:/TouchGFXProjects/MyApplication_1/Middlewares/Third_Party/FreeRTOS/Source/tasks.c:5247:14:ulTaskGenericNotifyValueClear	24	static
