C:/TouchGFXProjects/MyApplication_1/Middlewares/Third_Party/FreeRTOS/Source/timers.c:928:17:prvCheckForValidListAndQueue	32	static
C:/TouchGFXProjects/MyApplication_1/Middlewares/Third_Party/FreeRTOS/Source/timers.c:711:23:prvInsertTimerInActiveList	8	static
C:/TouchGFXProjects/MyApplication_1/Middlewares/Third_Party/FreeRTOS/Source/timers.c:517:17:prvReloadTimer	16	static
C:/TouchGFXProjects/MyApplication_1/Middlewares/Third_Party/FreeRTOS/Source/timers.c:536:17:prvProcessExpiredTimer	24	static
C:/TouchGFXProjects/MyApplication_1/Middlewares/Third_Party/FreeRTOS/Source/timers.c:688:23:prvSampleTimeNow	24	static
C:/TouchGFXProjects/MyApplication_1/Middlewares/Third_Party/FreeRTOS/Source/timers.c:563:12:prvTimerTask	56	static
C:/TouchGFXProjects/MyApplication_1/Middlewares/Third_Party/FreeRTOS/Source/timers.c:233:16:xTimerCreateTimerTask	40	static
C:/TouchGFXProjects/MyApplication_1/Middlewares/Third_Party/FreeRTOS/Source/timers.c:288:23:xTimerCreate	24	static
C:/TouchGFXProjects/MyApplication_1/Middlewares/Third_Party/FreeRTOS/Source/timers.c:315:23:xTimerCreateStatic	32	static
C:/TouchGFXProjects/MyApplication_1/Middlewares/Third_Party/FreeRTOS/Source/timers.c:386:16:xTimerGenericCommand	32	static
C:/TouchGFXProjects/MyApplication_1/Middlewares/Third_Party/FreeRTOS/Source/timers.c:433:18:xTimerGetTimerDaemonTaskHandle	8	static
C:/TouchGFXProjects/MyApplication_1/Middlewares/Third_Party/FreeRTOS/Source/timers.c:442:16:xTimerGetPeriod	8	static
C:/TouchGFXProjects/MyApplication_1/Middlewares/Third_Party/FreeRTOS/Source/timers.c:451:10:vTimerSetReloadMode	16	static
C:/TouchGFXProjects/MyApplication_1/Middlewares/Third_Party/FreeRTOS/Source/timers.c:472:17:uxTimerGetReloadMode	16	static
C:/TouchGFXProjects/MyApplication_1/Middlewares/Third_Party/FreeRTOS/Source/timers.c:497:16:xTimerGetExpiryTime	8	static
C:/TouchGFXProjects/MyApplication_1/Middlewares/Third_Party/FreeRTOS/Source/timers.c:508:18:pcTimerGetName	8	static
C:/TouchGFXProjects/MyApplication_1/Middlewares/Third_Party/FreeRTOS/Source/timers.c:979:16:xTimerIsTimerActive	16	static
C:/TouchGFXProjects/MyApplication_1/Middlewares/Third_Party/FreeRTOS/Source/timers.c:1004:12:pvTimerGetTimerID	16	static
C:/TouchGFXProjects/MyApplication_1/Middlewares/Third_Party/FreeRTOS/Source/timers.c:1021:10:vTimerSetTimerID	16	static
C:/TouchGFXProjects/MyApplication_1/Middlewares/Third_Party/FreeRTOS/Source/timers.c:1038:20:xTimerPendFunctionCallFromISR	24	static
C:/TouchGFXProjects/MyApplication_1/Middlewares/Third_Party/FreeRTOS/Source/timers.c:1065:20:xTimerPendFunctionCall	32	static
C:/TouchGFXProjects/MyApplication_1/Middlewares/Third_Party/FreeRTOS/Source/timers.c:1097:21:uxTimerGetTimerNumber	0	static
C:/TouchGFXProjects/MyApplication_1/Middlewares/Third_Party/FreeRTOS/Source/timers.c:1107:14:vTimerSetTimerNumber	0	static
