C:/Users/89336/STM32CubeIDE/workspace_1.13.1/STM32CubeExpansion_Cloud_AWS_H5_V1.0.0/Middleware/FreeRTOS/coreJSON/source/core_json.c:99:15:countHighBits	0	static
C:/Users/89336/STM32CubeIDE/workspace_1.13.1/STM32CubeExpansion_Cloud_AWS_H5_V1.0.0/Middleware/FreeRTOS/coreJSON/source/core_json.c:284:16:hexToInt	0	static
C:/Users/89336/STM32CubeIDE/workspace_1.13.1/STM32CubeExpansion_Cloud_AWS_H5_V1.0.0/Middleware/FreeRTOS/coreJSON/source/core_json.c:1584:20:getType	0	static
C:/Users/89336/STM32CubeIDE/workspace_1.13.1/STM32CubeExpansion_Cloud_AWS_H5_V1.0.0/Middleware/FreeRTOS/coreJSON/source/core_json.c:326:13:skipOneHexEscape	32	static
C:/Users/89336/STM32CubeIDE/workspace_1.13.1/STM32CubeExpansion_Cloud_AWS_H5_V1.0.0/Middleware/FreeRTOS/coreJSON/source/core_json.c:390:13:skipHexEscape	32	static
C:/Users/89336/STM32CubeIDE/workspace_1.13.1/STM32CubeExpansion_Cloud_AWS_H5_V1.0.0/Middleware/FreeRTOS/coreJSON/source/core_json.c:442:13:skipEscape	16	static
C:/Users/89336/STM32CubeIDE/workspace_1.13.1/STM32CubeExpansion_Cloud_AWS_H5_V1.0.0/Middleware/FreeRTOS/coreJSON/source/core_json.c:130:13:shortestUTF8	8	static
C:/Users/89336/STM32CubeIDE/workspace_1.13.1/STM32CubeExpansion_Cloud_AWS_H5_V1.0.0/Middleware/FreeRTOS/coreJSON/source/core_json.c:188:13:skipUTF8MultiByte	24	static
C:/Users/89336/STM32CubeIDE/workspace_1.13.1/STM32CubeExpansion_Cloud_AWS_H5_V1.0.0/Middleware/FreeRTOS/coreJSON/source/core_json.c:252:13:skipUTF8	8	static
C:/Users/89336/STM32CubeIDE/workspace_1.13.1/STM32CubeExpansion_Cloud_AWS_H5_V1.0.0/Middleware/FreeRTOS/coreJSON/source/core_json.c:509:13:skipString	24	static
C:/Users/89336/STM32CubeIDE/workspace_1.13.1/STM32CubeExpansion_Cloud_AWS_H5_V1.0.0/Middleware/FreeRTOS/coreJSON/source/core_json.c:574:13:strnEq	8	static
C:/Users/89336/STM32CubeIDE/workspace_1.13.1/STM32CubeExpansion_Cloud_AWS_H5_V1.0.0/Middleware/FreeRTOS/coreJSON/source/core_json.c:605:13:skipLiteral	16	static
C:/Users/89336/STM32CubeIDE/workspace_1.13.1/STM32CubeExpansion_Cloud_AWS_H5_V1.0.0/Middleware/FreeRTOS/coreJSON/source/core_json.c:639:13:skipAnyLiteral	24	static
C:/Users/89336/STM32CubeIDE/workspace_1.13.1/STM32CubeExpansion_Cloud_AWS_H5_V1.0.0/Middleware/FreeRTOS/coreJSON/source/core_json.c:672:13:skipDigits	32	static
C:/Users/89336/STM32CubeIDE/workspace_1.13.1/STM32CubeExpansion_Cloud_AWS_H5_V1.0.0/Middleware/FreeRTOS/coreJSON/source/core_json.c:728:13:skipDecimals	16	static
C:/Users/89336/STM32CubeIDE/workspace_1.13.1/STM32CubeExpansion_Cloud_AWS_H5_V1.0.0/Middleware/FreeRTOS/coreJSON/source/core_json.c:756:13:skipExponent	16	static
C:/Users/89336/STM32CubeIDE/workspace_1.13.1/STM32CubeExpansion_Cloud_AWS_H5_V1.0.0/Middleware/FreeRTOS/coreJSON/source/core_json.c:792:13:skipNumber	32	static
C:/Users/89336/STM32CubeIDE/workspace_1.13.1/STM32CubeExpansion_Cloud_AWS_H5_V1.0.0/Middleware/FreeRTOS/coreJSON/source/core_json.c:848:13:skipAnyScalar	16	static
C:/Users/89336/STM32CubeIDE/workspace_1.13.1/STM32CubeExpansion_Cloud_AWS_H5_V1.0.0/Middleware/FreeRTOS/coreJSON/source/core_json.c:72:13:skipSpace	8	static
C:/Users/89336/STM32CubeIDE/workspace_1.13.1/STM32CubeExpansion_Cloud_AWS_H5_V1.0.0/Middleware/FreeRTOS/coreJSON/source/core_json.c:878:13:skipSpaceAndComma	24	static
C:/Users/89336/STM32CubeIDE/workspace_1.13.1/STM32CubeExpansion_Cloud_AWS_H5_V1.0.0/Middleware/FreeRTOS/coreJSON/source/core_json.c:914:13:skipArrayScalars	24	static
C:/Users/89336/STM32CubeIDE/workspace_1.13.1/STM32CubeExpansion_Cloud_AWS_H5_V1.0.0/Middleware/FreeRTOS/coreJSON/source/core_json.c:955:13:skipObjectScalars	24	static
C:/Users/89336/STM32CubeIDE/workspace_1.13.1/STM32CubeExpansion_Cloud_AWS_H5_V1.0.0/Middleware/FreeRTOS/coreJSON/source/core_json.c:1012:13:skipScalars	24	static
C:/Users/89336/STM32CubeIDE/workspace_1.13.1/STM32CubeExpansion_Cloud_AWS_H5_V1.0.0/Middleware/FreeRTOS/coreJSON/source/core_json.c:1049:21:skipCollection	64	static
C:/Users/89336/STM32CubeIDE/workspace_1.13.1/STM32CubeExpansion_Cloud_AWS_H5_V1.0.0/Middleware/FreeRTOS/coreJSON/source/core_json.c:1192:13:nextValue	40	static
C:/Users/89336/STM32CubeIDE/workspace_1.13.1/STM32CubeExpansion_Cloud_AWS_H5_V1.0.0/Middleware/FreeRTOS/coreJSON/source/core_json.c:1384:13:arraySearch	56	static
C:/Users/89336/STM32CubeIDE/workspace_1.13.1/STM32CubeExpansion_Cloud_AWS_H5_V1.0.0/Middleware/FreeRTOS/coreJSON/source/core_json.c:1453:13:skipQueryPart	8	static
C:/Users/89336/STM32CubeIDE/workspace_1.13.1/STM32CubeExpansion_Cloud_AWS_H5_V1.0.0/Middleware/FreeRTOS/coreJSON/source/core_json.c:1243:13:nextKeyValuePair	48	static
C:/Users/89336/STM32CubeIDE/workspace_1.13.1/STM32CubeExpansion_Cloud_AWS_H5_V1.0.0/Middleware/FreeRTOS/coreJSON/source/core_json.c:1316:13:objectSearch	64	static
C:/Users/89336/STM32CubeIDE/workspace_1.13.1/STM32CubeExpansion_Cloud_AWS_H5_V1.0.0/Middleware/FreeRTOS/coreJSON/source/core_json.c:1500:21:multiSearch	56	static
C:/Users/89336/STM32CubeIDE/workspace_1.13.1/STM32CubeExpansion_Cloud_AWS_H5_V1.0.0/Middleware/FreeRTOS/coreJSON/source/core_json.c:1710:21:iterate	40	static
C:/Users/89336/STM32CubeIDE/workspace_1.13.1/STM32CubeExpansion_Cloud_AWS_H5_V1.0.0/Middleware/FreeRTOS/coreJSON/source/core_json.c:1129:14:JSON_Validate	24	static
C:/Users/89336/STM32CubeIDE/workspace_1.13.1/STM32CubeExpansion_Cloud_AWS_H5_V1.0.0/Middleware/FreeRTOS/coreJSON/source/core_json.c:1627:14:JSON_SearchConst	32	static
C:/Users/89336/STM32CubeIDE/workspace_1.13.1/STM32CubeExpansion_Cloud_AWS_H5_V1.0.0/Middleware/FreeRTOS/coreJSON/source/core_json.c:1677:14:JSON_SearchT	24	static
C:/Users/89336/STM32CubeIDE/workspace_1.13.1/STM32CubeExpansion_Cloud_AWS_H5_V1.0.0/Middleware/FreeRTOS/coreJSON/source/core_json.c:1767:14:JSON_Iterate	56	static
