F:/STM32_CAPSTONE/workspace/Nx_Network_Basics_wifi/Middlewares/ST/netxduo/common/src/nx_tcp_socket_state_data_check.c:80:6:_nx_tcp_socket_state_data_trim	8	static
F:/STM32_CAPSTONE/workspace/Nx_Network_Basics_wifi/Middlewares/ST/netxduo/common/src/nx_tcp_socket_state_data_check.c:184:6:_nx_tcp_socket_state_data_trim_front	32	static
F:/STM32_CAPSTONE/workspace/Nx_Network_Basics_wifi/Middlewares/ST/netxduo/common/src/nx_tcp_socket_state_data_check.c:338:7:_nx_tcp_socket_state_data_check	56	static
