F:/STM32_CAPSTONE/workspace/Nx_Network_Basics_wifi/Core/Src/main.c:93:5:main	2
F:/STM32_CAPSTONE/workspace/Nx_Network_Basics_wifi/Core/Src/main.c:199:6:SystemClock_Config	4
F:/STM32_CAPSTONE/workspace/Nx_Network_Basics_wifi/Core/Src/main.c:255:13:MX_GPDMA1_Init	1
F:/STM32_CAPSTONE/workspace/Nx_Network_Basics_wifi/Core/Src/main.c:285:13:MX_ICACHE_Init	2
F:/STM32_CAPSTONE/workspace/Nx_Network_Basics_wifi/Core/Src/main.c:313:13:MX_OCTOSPI1_Init	5
F:/STM32_CAPSTONE/workspace/Nx_Network_Basics_wifi/Core/Src/main.c:365:13:MX_RNG_Init	2
F:/STM32_CAPSTONE/workspace/Nx_Network_Basics_wifi/Core/Src/main.c:392:13:MX_SPI5_Init	2
F:/STM32_CAPSTONE/workspace/Nx_Network_Basics_wifi/Core/Src/main.c:440:13:MX_USART1_UART_Init	5
F:/STM32_CAPSTONE/workspace/Nx_Network_Basics_wifi/Core/Src/main.c:489:13:MX_GPIO_Init	1
F:/STM32_CAPSTONE/workspace/Nx_Network_Basics_wifi/Core/Src/main.c:588:1:__io_putchar	1
F:/STM32_CAPSTONE/workspace/Nx_Network_Basics_wifi/Core/Src/main.c:633:1:__io_getchar	3
F:/STM32_CAPSTONE/workspace/Nx_Network_Basics_wifi/Core/Src/main.c:656:6:HAL_SPI_RxCpltCallback	2
F:/STM32_CAPSTONE/workspace/Nx_Network_Basics_wifi/Core/Src/main.c:670:6:HAL_SPI_TxCpltCallback	2
F:/STM32_CAPSTONE/workspace/Nx_Network_Basics_wifi/Core/Src/main.c:684:6:HAL_SPI_TxRxCpltCallback	2
F:/STM32_CAPSTONE/workspace/Nx_Network_Basics_wifi/Core/Src/main.c:697:6:HAL_GPIO_EXTI_Rising_Callback	3
F:/STM32_CAPSTONE/workspace/Nx_Network_Basics_wifi/Core/Src/main.c:716:6:HAL_UART_RxCpltCallback	3
F:/STM32_CAPSTONE/workspace/Nx_Network_Basics_wifi/Core/Src/main.c:732:5:hardware_rand	2
F:/STM32_CAPSTONE/workspace/Nx_Network_Basics_wifi/Core/Src/main.c:750:6:HAL_TIM_PeriodElapsedCallback	2
F:/STM32_CAPSTONE/workspace/Nx_Network_Basics_wifi/Core/Src/main.c:767:6:Error_Handler	1
F:/STM32_CAPSTONE/workspace/Nx_Network_Basics_wifi/Core/Src/main.c:788:6:assert_failed	1
