F:/STM32_CAPSTONE/workspace/Nx_Network_Basics_wifi/Core/Src/stm32h5xx_hal_msp.c:67:6:HAL_MspInit	4	static
F:/STM32_CAPSTONE/workspace/Nx_Network_Basics_wifi/Core/Src/stm32h5xx_hal_msp.c:86:6:HAL_XSPI_MspInit	336	static
F:/STM32_CAPSTONE/workspace/Nx_Network_Basics_wifi/Core/Src/stm32h5xx_hal_msp.c:188:6:HAL_XSPI_MspDeInit	16	static
F:/STM32_CAPSTONE/workspace/Nx_Network_Basics_wifi/Core/Src/stm32h5xx_hal_msp.c:235:6:HAL_RNG_MspInit	288	static
F:/STM32_CAPSTONE/workspace/Nx_Network_Basics_wifi/Core/Src/stm32h5xx_hal_msp.c:268:6:HAL_RNG_MspDeInit	16	static
F:/STM32_CAPSTONE/workspace/Nx_Network_Basics_wifi/Core/Src/stm32h5xx_hal_msp.c:290:6:HAL_SPI_MspInit	312	static
F:/STM32_CAPSTONE/workspace/Nx_Network_Basics_wifi/Core/Src/stm32h5xx_hal_msp.c:396:6:HAL_SPI_MspDeInit	16	static
F:/STM32_CAPSTONE/workspace/Nx_Network_Basics_wifi/Core/Src/stm32h5xx_hal_msp.c:432:6:HAL_UART_MspInit	312	static
F:/STM32_CAPSTONE/workspace/Nx_Network_Basics_wifi/Core/Src/stm32h5xx_hal_msp.c:482:6:HAL_UART_MspDeInit	16	static
