C:/Users/89336/STM32CubeIDE/workspace_1.13.1/STM32CubeExpansion_Cloud_AWS_H5_V1.0.0/Projects/Common/app/defender/metrics_collector_lwip.c:169:15:xCountListeningTcpPorts	0	static
C:/Users/89336/STM32CubeIDE/workspace_1.13.1/STM32CubeExpansion_Cloud_AWS_H5_V1.0.0/Projects/Common/app/defender/metrics_collector_lwip.c:347:15:xCountListeningUdpPorts	0	static
C:/Users/89336/STM32CubeIDE/workspace_1.13.1/STM32CubeExpansion_Cloud_AWS_H5_V1.0.0/Projects/Common/app/defender/metrics_collector_lwip.c:492:15:xCountTcpConnections	0	static
C:/Users/89336/STM32CubeIDE/workspace_1.13.1/STM32CubeExpansion_Cloud_AWS_H5_V1.0.0/Projects/Common/app/defender/metrics_collector_lwip.c:186:15:pcGetNetifName	8	static
C:/Users/89336/STM32CubeIDE/workspace_1.13.1/STM32CubeExpansion_Cloud_AWS_H5_V1.0.0/Projects/Common/app/defender/metrics_collector_lwip.c:504:13:xIpAddrPortToString	24	static
C:/Users/89336/STM32CubeIDE/workspace_1.13.1/STM32CubeExpansion_Cloud_AWS_H5_V1.0.0/Projects/Common/app/defender/metrics_collector_lwip.c:215:18:xAppendTcpPtsToList	48	static,ignoring_inline_asm
C:/Users/89336/STM32CubeIDE/workspace_1.13.1/STM32CubeExpansion_Cloud_AWS_H5_V1.0.0/Projects/Common/app/defender/metrics_collector_lwip.c:359:18:xAppendUdpPtsToList	48	static,ignoring_inline_asm
C:/Users/89336/STM32CubeIDE/workspace_1.13.1/STM32CubeExpansion_Cloud_AWS_H5_V1.0.0/Projects/Common/app/defender/metrics_collector_lwip.c:526:18:xAppendTcpConnectionsToList	80	static,ignoring_inline_asm
C:/Users/89336/STM32CubeIDE/workspace_1.13.1/STM32CubeExpansion_Cloud_AWS_H5_V1.0.0/Projects/Common/app/defender/metrics_collector_lwip.c:94:11:xGetNetworkStats	80	static
C:/Users/89336/STM32CubeIDE/workspace_1.13.1/STM32CubeExpansion_Cloud_AWS_H5_V1.0.0/Projects/Common/app/defender/metrics_collector_lwip.c:263:11:xGetListeningTcpPorts	56	static
C:/Users/89336/STM32CubeIDE/workspace_1.13.1/STM32CubeExpansion_Cloud_AWS_H5_V1.0.0/Projects/Common/app/defender/metrics_collector_lwip.c:407:11:xGetListeningUdpPorts	56	static
C:/Users/89336/STM32CubeIDE/workspace_1.13.1/STM32CubeExpansion_Cloud_AWS_H5_V1.0.0/Projects/Common/app/defender/metrics_collector_lwip.c:590:11:xGetEstablishedConnections	72	static
