F:/STM32_CAPSTONE/workspace/Nx_Network_Basics_wifi/Drivers/STM32H5xx_HAL_Driver/Src/stm32h5xx_hal_spi.c:3531:13:SPI_RxISR_16BIT	0	static
F:/STM32_CAPSTONE/workspace/Nx_Network_Basics_wifi/Drivers/STM32H5xx_HAL_Driver/Src/stm32h5xx_hal_spi.c:3559:13:SPI_RxISR_32BIT	0	static
F:/STM32_CAPSTONE/workspace/Nx_Network_Basics_wifi/Drivers/STM32H5xx_HAL_Driver/Src/stm32h5xx_hal_spi.c:3602:13:SPI_TxISR_16BIT	0	static
F:/STM32_CAPSTONE/workspace/Nx_Network_Basics_wifi/Drivers/STM32H5xx_HAL_Driver/Src/stm32h5xx_hal_spi.c:3629:13:SPI_TxISR_32BIT	0	static
F:/STM32_CAPSTONE/workspace/Nx_Network_Basics_wifi/Drivers/STM32H5xx_HAL_Driver/Src/stm32h5xx_hal_spi.c:3650:13:SPI_AbortTransfer	0	static
F:/STM32_CAPSTONE/workspace/Nx_Network_Basics_wifi/Drivers/STM32H5xx_HAL_Driver/Src/stm32h5xx_hal_spi.c:3689:13:SPI_CloseTransfer	0	static
F:/STM32_CAPSTONE/workspace/Nx_Network_Basics_wifi/Drivers/STM32H5xx_HAL_Driver/Src/stm32h5xx_hal_spi.c:3509:13:SPI_RxISR_8BIT	0	static
F:/STM32_CAPSTONE/workspace/Nx_Network_Basics_wifi/Drivers/STM32H5xx_HAL_Driver/Src/stm32h5xx_hal_spi.c:3581:13:SPI_TxISR_8BIT	0	static
F:/STM32_CAPSTONE/workspace/Nx_Network_Basics_wifi/Drivers/STM32H5xx_HAL_Driver/Src/stm32h5xx_hal_spi.c:539:13:HAL_SPI_MspInit	0	static
F:/STM32_CAPSTONE/workspace/Nx_Network_Basics_wifi/Drivers/STM32H5xx_HAL_Driver/Src/stm32h5xx_hal_spi.c:243:19:HAL_SPI_Init	24	static
F:/STM32_CAPSTONE/workspace/Nx_Network_Basics_wifi/Drivers/STM32H5xx_HAL_Driver/Src/stm32h5xx_hal_spi.c:555:13:HAL_SPI_MspDeInit	0	static
F:/STM32_CAPSTONE/workspace/Nx_Network_Basics_wifi/Drivers/STM32H5xx_HAL_Driver/Src/stm32h5xx_hal_spi.c:495:19:HAL_SPI_DeInit	8	static
F:/STM32_CAPSTONE/workspace/Nx_Network_Basics_wifi/Drivers/STM32H5xx_HAL_Driver/Src/stm32h5xx_hal_spi.c:835:19:HAL_SPI_Transmit	32	static
F:/STM32_CAPSTONE/workspace/Nx_Network_Basics_wifi/Drivers/STM32H5xx_HAL_Driver/Src/stm32h5xx_hal_spi.c:1058:19:HAL_SPI_Receive	32	static
F:/STM32_CAPSTONE/workspace/Nx_Network_Basics_wifi/Drivers/STM32H5xx_HAL_Driver/Src/stm32h5xx_hal_spi.c:1259:19:HAL_SPI_TransmitReceive	32	static
F:/STM32_CAPSTONE/workspace/Nx_Network_Basics_wifi/Drivers/STM32H5xx_HAL_Driver/Src/stm32h5xx_hal_spi.c:1478:19:HAL_SPI_Transmit_IT	16	static
F:/STM32_CAPSTONE/workspace/Nx_Network_Basics_wifi/Drivers/STM32H5xx_HAL_Driver/Src/stm32h5xx_hal_spi.c:1566:19:HAL_SPI_Receive_IT	16	static
F:/STM32_CAPSTONE/workspace/Nx_Network_Basics_wifi/Drivers/STM32H5xx_HAL_Driver/Src/stm32h5xx_hal_spi.c:1660:19:HAL_SPI_TransmitReceive_IT	24	static
F:/STM32_CAPSTONE/workspace/Nx_Network_Basics_wifi/Drivers/STM32H5xx_HAL_Driver/Src/stm32h5xx_hal_spi.c:1786:19:HAL_SPI_Transmit_DMA	24	static
F:/STM32_CAPSTONE/workspace/Nx_Network_Basics_wifi/Drivers/STM32H5xx_HAL_Driver/Src/stm32h5xx_hal_spi.c:1985:19:HAL_SPI_Receive_DMA	24	static
F:/STM32_CAPSTONE/workspace/Nx_Network_Basics_wifi/Drivers/STM32H5xx_HAL_Driver/Src/stm32h5xx_hal_spi.c:2184:19:HAL_SPI_TransmitReceive_DMA	24	static
F:/STM32_CAPSTONE/workspace/Nx_Network_Basics_wifi/Drivers/STM32H5xx_HAL_Driver/Src/stm32h5xx_hal_spi.c:2465:19:HAL_SPI_Abort	16	static
F:/STM32_CAPSTONE/workspace/Nx_Network_Basics_wifi/Drivers/STM32H5xx_HAL_Driver/Src/stm32h5xx_hal_spi.c:2753:19:HAL_SPI_DMAPause	0	static
F:/STM32_CAPSTONE/workspace/Nx_Network_Basics_wifi/Drivers/STM32H5xx_HAL_Driver/Src/stm32h5xx_hal_spi.c:2768:19:HAL_SPI_DMAResume	0	static
F:/STM32_CAPSTONE/workspace/Nx_Network_Basics_wifi/Drivers/STM32H5xx_HAL_Driver/Src/stm32h5xx_hal_spi.c:2783:19:HAL_SPI_DMAStop	0	static
F:/STM32_CAPSTONE/workspace/Nx_Network_Basics_wifi/Drivers/STM32H5xx_HAL_Driver/Src/stm32h5xx_hal_spi.c:3048:13:HAL_SPI_TxCpltCallback	0	static
F:/STM32_CAPSTONE/workspace/Nx_Network_Basics_wifi/Drivers/STM32H5xx_HAL_Driver/Src/stm32h5xx_hal_spi.c:3250:13:SPI_DMATransmitCplt	8	static
F:/STM32_CAPSTONE/workspace/Nx_Network_Basics_wifi/Drivers/STM32H5xx_HAL_Driver/Src/stm32h5xx_hal_spi.c:3064:13:HAL_SPI_RxCpltCallback	0	static
F:/STM32_CAPSTONE/workspace/Nx_Network_Basics_wifi/Drivers/STM32H5xx_HAL_Driver/Src/stm32h5xx_hal_spi.c:3278:13:SPI_DMAReceiveCplt	8	static
F:/STM32_CAPSTONE/workspace/Nx_Network_Basics_wifi/Drivers/STM32H5xx_HAL_Driver/Src/stm32h5xx_hal_spi.c:3080:13:HAL_SPI_TxRxCpltCallback	0	static
F:/STM32_CAPSTONE/workspace/Nx_Network_Basics_wifi/Drivers/STM32H5xx_HAL_Driver/Src/stm32h5xx_hal_spi.c:3306:13:SPI_DMATransmitReceiveCplt	8	static
F:/STM32_CAPSTONE/workspace/Nx_Network_Basics_wifi/Drivers/STM32H5xx_HAL_Driver/Src/stm32h5xx_hal_spi.c:3096:13:HAL_SPI_TxHalfCpltCallback	0	static
F:/STM32_CAPSTONE/workspace/Nx_Network_Basics_wifi/Drivers/STM32H5xx_HAL_Driver/Src/stm32h5xx_hal_spi.c:3335:13:SPI_DMAHalfTransmitCplt	8	static
F:/STM32_CAPSTONE/workspace/Nx_Network_Basics_wifi/Drivers/STM32H5xx_HAL_Driver/Src/stm32h5xx_hal_spi.c:3112:13:HAL_SPI_RxHalfCpltCallback	0	static
F:/STM32_CAPSTONE/workspace/Nx_Network_Basics_wifi/Drivers/STM32H5xx_HAL_Driver/Src/stm32h5xx_hal_spi.c:3352:13:SPI_DMAHalfReceiveCplt	8	static
F:/STM32_CAPSTONE/workspace/Nx_Network_Basics_wifi/Drivers/STM32H5xx_HAL_Driver/Src/stm32h5xx_hal_spi.c:3128:13:HAL_SPI_TxRxHalfCpltCallback	0	static
F:/STM32_CAPSTONE/workspace/Nx_Network_Basics_wifi/Drivers/STM32H5xx_HAL_Driver/Src/stm32h5xx_hal_spi.c:3369:13:SPI_DMAHalfTransmitReceiveCplt	8	static
F:/STM32_CAPSTONE/workspace/Nx_Network_Basics_wifi/Drivers/STM32H5xx_HAL_Driver/Src/stm32h5xx_hal_spi.c:3144:13:HAL_SPI_ErrorCallback	0	static
F:/STM32_CAPSTONE/workspace/Nx_Network_Basics_wifi/Drivers/STM32H5xx_HAL_Driver/Src/stm32h5xx_hal_spi.c:3386:13:SPI_DMAError	8	static
F:/STM32_CAPSTONE/workspace/Nx_Network_Basics_wifi/Drivers/STM32H5xx_HAL_Driver/Src/stm32h5xx_hal_spi.c:3412:13:SPI_DMAAbortOnError	8	static
F:/STM32_CAPSTONE/workspace/Nx_Network_Basics_wifi/Drivers/STM32H5xx_HAL_Driver/Src/stm32h5xx_hal_spi.c:3162:13:HAL_SPI_AbortCpltCallback	0	static
F:/STM32_CAPSTONE/workspace/Nx_Network_Basics_wifi/Drivers/STM32H5xx_HAL_Driver/Src/stm32h5xx_hal_spi.c:2600:19:HAL_SPI_Abort_IT	24	static
F:/STM32_CAPSTONE/workspace/Nx_Network_Basics_wifi/Drivers/STM32H5xx_HAL_Driver/Src/stm32h5xx_hal_spi.c:3473:13:SPI_DMARxAbortCallback	8	static
F:/STM32_CAPSTONE/workspace/Nx_Network_Basics_wifi/Drivers/STM32H5xx_HAL_Driver/Src/stm32h5xx_hal_spi.c:3436:13:SPI_DMATxAbortCallback	8	static
F:/STM32_CAPSTONE/workspace/Nx_Network_Basics_wifi/Drivers/STM32H5xx_HAL_Driver/Src/stm32h5xx_hal_spi.c:3177:13:HAL_SPI_SuspendCallback	0	static
F:/STM32_CAPSTONE/workspace/Nx_Network_Basics_wifi/Drivers/STM32H5xx_HAL_Driver/Src/stm32h5xx_hal_spi.c:2798:6:HAL_SPI_IRQHandler	32	static
F:/STM32_CAPSTONE/workspace/Nx_Network_Basics_wifi/Drivers/STM32H5xx_HAL_Driver/Src/stm32h5xx_hal_spi.c:3212:22:HAL_SPI_GetState	0	static
F:/STM32_CAPSTONE/workspace/Nx_Network_Basics_wifi/Drivers/STM32H5xx_HAL_Driver/Src/stm32h5xx_hal_spi.c:3224:10:HAL_SPI_GetError	0	static
